Archive member included because of file (symbol)

contiki-z1.a(mqtt.o)          mqtt-demo.co (mqtt_register)
contiki-z1.a(contiki-z1-plat)
                              obj_z1/contiki-z1-main.o (init_platform)
contiki-z1.a(msp430.o)        obj_z1/contiki-z1-main.o (splhigh_)
contiki-z1.a(leds.o)          obj_z1/contiki-z1-main.o (leds_init)
contiki-z1.a(watchdog.o)      obj_z1/contiki-z1-main.o (watchdog_start)
contiki-z1.a(xmem.o)          obj_z1/contiki-z1-main.o (xmem_init)
contiki-z1.a(spi.o)           contiki-z1.a(xmem.o) (spi_init)
contiki-z1.a(cc2420.o)        obj_z1/contiki-z1-main.o (cc2420_set_pan_addr)
contiki-z1.a(cc2420-arch.o)   contiki-z1.a(cc2420.o) (cc2420_arch_init)
contiki-z1.a(node-id.o)       obj_z1/contiki-z1-main.o (node_id_restore)
contiki-z1.a(sensors.o)       mqtt-demo.co (sensors_event)
contiki-z1.a(button-sensor.o)
                              mqtt-demo.co (button_sensor)
contiki-z1.a(uart0.o)         obj_z1/contiki-z1-main.o (uart0_active)
contiki-z1.a(uart0-putchar.o)
                              obj_z1/contiki-z1-main.o (putchar)
contiki-z1.a(z1-sensors.o)    contiki-z1.a(sensors.o) (sensors_flags)
contiki-z1.a(adxl345.o)       obj_z1/contiki-z1-main.o (adxl345)
contiki-z1.a(tmp102.o)        contiki-z1.a(z1-sensors.o) (tmp102)
contiki-z1.a(clock.o)         obj_z1/contiki-z1-main.o (clock_init)
contiki-z1.a(leds-arch.o)     contiki-z1.a(leds.o) (leds_arch_init)
contiki-z1.a(rtimer-arch.o)   obj_z1/contiki-z1-main.o (rtimer_arch_now)
contiki-z1.a(autostart.o)     obj_z1/contiki-z1-main.o (autostart_start)
contiki-z1.a(ctimer.o)        obj_z1/contiki-z1-main.o (ctimer_init)
contiki-z1.a(energest.o)      obj_z1/contiki-z1-main.o (energest_init)
contiki-z1.a(etimer.o)        contiki-z1.a(clock.o) (etimer_request_poll)
contiki-z1.a(process.o)       contiki-z1.a(mqtt.o) (process_current)
contiki-z1.a(rtimer.o)        obj_z1/contiki-z1-main.o (rtimer_init)
contiki-z1.a(timer.o)         mqtt-demo.co (timer_set)
contiki-z1.a(list.o)          contiki-z1.a(mqtt.o) (list_init)
contiki-z1.a(memb.o)          obj_z1/httpd-simple.o (memb_init)
contiki-z1.a(random.o)        obj_z1/contiki-z1-main.o (random_init)
contiki-z1.a(uip-ds6.o)       obj_z1/contiki-z1-main.o (uip_ds6_get_link_local)
contiki-z1.a(uip-ds6-route.o)
                              contiki-z1.a(uip-ds6.o) (uip_ds6_route_init)
contiki-z1.a(uip6.o)          obj_z1/httpd-simple.o (uip_conn)
contiki-z1.a(uip-ds6-nbr.o)   contiki-z1.a(uip-ds6.o) (uip_ds6_neighbors_init)
contiki-z1.a(uip-nd6.o)       contiki-z1.a(uip6.o) (uip_nd6_init)
contiki-z1.a(sicslowpan.o)    obj_z1/contiki-z1-main.o (sicslowpan_driver)
contiki-z1.a(uip-debug.o)     contiki-z1.a(uip-ds6-route.o) (uip_debug_ipaddr_print)
contiki-z1.a(tcp-socket.o)    contiki-z1.a(mqtt.o) (tcp_socket_register)
contiki-z1.a(uiplib.o)        contiki-z1.a(mqtt.o) (uiplib_ip6addrconv)
contiki-z1.a(psock.o)         obj_z1/httpd-simple.o (psock_send)
contiki-z1.a(tcpip.o)         contiki-z1.a(sicslowpan.o) (tcpip_set_outputfunc)
contiki-z1.a(rpl-dag.o)       contiki-z1.a(tcpip.o) (rpl_repair_root)
contiki-z1.a(rpl-timers.o)    contiki-z1.a(rpl-dag.o) (rpl_reset_dio_timer)
contiki-z1.a(rpl-ext-header.)
                              contiki-z1.a(uip6.o) (rpl_verify_header)
contiki-z1.a(rpl.o)           contiki-z1.a(rpl-timers.o) (rpl_get_mode)
contiki-z1.a(rpl-mrhof.o)     contiki-z1.a(rpl-dag.o) (rpl_mrhof)
contiki-z1.a(queuebuf.o)      obj_z1/contiki-z1-main.o (queuebuf_init)
contiki-z1.a(nbr-table.o)     contiki-z1.a(uip-ds6-route.o) (nbr_table_register)
contiki-z1.a(packetbuf.o)     contiki-z1.a(queuebuf.o) (packetbuf_copyto)
contiki-z1.a(linkaddr.o)      obj_z1/contiki-z1-main.o (linkaddr_copy)
contiki-z1.a(framer-802154.o)
                              contiki-z1.a(sicslowpan.o) (framer_802154)
contiki-z1.a(csma.o)          obj_z1/contiki-z1-main.o (csma_driver)
contiki-z1.a(nullrdc.o)       obj_z1/contiki-z1-main.o (nullrdc_driver)
contiki-z1.a(nullsec.o)       contiki-z1.a(sicslowpan.o) (nullsec_driver)
contiki-z1.a(i2cmaster.o)     contiki-z1.a(adxl345.o) (i2c_receiveinit)
contiki-z1.a(stimer.o)        contiki-z1.a(uip-ds6.o) (stimer_set)
contiki-z1.a(uip-icmp6.o)     contiki-z1.a(uip6.o) (uip_icmp6_input)
contiki-z1.a(rpl-icmp6.o)     contiki-z1.a(rpl-timers.o) (dis_output)
contiki-z1.a(frame802154.o)   contiki-z1.a(framer-802154.o) (frame802154_get_pan_id)
contiki-z1.a(mac.o)           contiki-z1.a(csma.o) (mac_call_sent_callback)
/home/jorg/msp430-47/bin/../lib/gcc/msp430/4.7.0/mcpu-430x/mmpy-16/msr20/mc20/libgcc.a(_mulsi3.o)
                              contiki-z1.a(rpl-timers.o) (__mulsi3)
/home/jorg/msp430-47/bin/../lib/gcc/msp430/4.7.0/mcpu-430x/mmpy-16/msr20/mc20/libgcc.a(_udivmod16.o)
                              contiki-z1.a(rpl-dag.o) (__udivhi3)
/home/jorg/msp430-47/bin/../lib/gcc/msp430/4.7.0/mcpu-430x/mmpy-16/msr20/mc20/libgcc.a(_divmod16.o)
                              contiki-z1.a(tmp102.o) (__divhi3)
[...]
Memory Configuration

Name             Origin             Length             Attributes
sfr              0x00000000         0x00000010
peripheral_8bit  0x00000010         0x000000f0
peripheral_16bit 0x00000100         0x00000100
ram_mirror       0x00000200         0x00000800         xw
infomem          0x00001000         0x00000100
infod            0x00001000         0x00000040
infoc            0x00001040         0x00000040
infob            0x00001080         0x00000040
infoa            0x000010c0         0x00000040
ram              0x00001100         0x00002000         xw
rom              0x00003100         0x0000cebe         xr
vectors          0x0000ffc0         0x00000040
far_rom          0x00010000         0x0000a000
bsl              0x00000000         0x00000000
ram2             0x00000000         0x00000000         xw
usbram           0x00000000         0x00000000         xw
*default*        0x00000000         0xffffffff

Linker script and memory map

LOAD /home/jorg/msp430-47/bin/../lib/gcc/msp430/4.7.0/mcpu-430x/mmpy-16/msr20/mc20/crt0ivtbl32.o
                0x00000041                __P1SEL2 = 0x41
                0x00000045                __P5SEL2 = 0x45
LOAD mqtt-demo.co
LOAD obj_z1/httpd-simple.o
LOAD obj_z1/contiki-z1-main.o
LOAD contiki-z1.a
LOAD /home/jorg/msp430-47/bin/../lib/gcc/msp430/4.7.0/mcpu-430x/mmpy-16/msr20/mc20/libgcc.a
LOAD /home/jorg/msp430-47/bin/../lib/gcc/msp430/4.7.0/../../../../msp430/lib/mcpu-430x/mmpy-16/msr20/mc20/libc.a
LOAD /home/jorg/msp430-47/bin/../lib/gcc/msp430/4.7.0/mcpu-430x/mmpy-16/msr20/mc20/libgcc.a
LOAD /home/jorg/msp430-47/bin/../lib/gcc/msp430/4.7.0/mcpu-430x/mmpy-16/msr20/mc20/libcrt0.a
                0x00000040                PROVIDE (__info_segment_size, 0x40)
                0x00001000                PROVIDE (__infod, 0x1000)
                0x00001040                PROVIDE (__infoc, 0x1040)
                0x00001080                PROVIDE (__infob, 0x1080)
                0x000010c0                PROVIDE (__infoa, 0x10c0)
                0x00000000                __IE1 = 0x0
                0x00000002                __IFG1 = 0x2
                0x00000001                __IE2 = 0x1
                0x00000003                __IFG2 = 0x3
                0x00000006                __UC1IE = 0x6
                0x00000007                __UC1IFG = 0x7
                0x000001a0                __ADC12CTL0 = 0x1a0
                0x000001a2                __ADC12CTL1 = 0x1a2
                0x000001a4                __ADC12IFG = 0x1a4
                0x000001a6                __ADC12IE = 0x1a6
                0x000001a8                __ADC12IV = 0x1a8
                0x00000140                __ADC12MEM0 = 0x140
                0x00000142                __ADC12MEM1 = 0x142
                0x00000144                __ADC12MEM2 = 0x144
                0x00000146                __ADC12MEM3 = 0x146
                0x00000148                __ADC12MEM4 = 0x148
                0x0000014a                __ADC12MEM5 = 0x14a
                0x0000014c                __ADC12MEM6 = 0x14c
                0x0000014e                __ADC12MEM7 = 0x14e
                0x00000150                __ADC12MEM8 = 0x150
                0x00000152                __ADC12MEM9 = 0x152
                0x00000154                __ADC12MEM10 = 0x154
                0x00000156                __ADC12MEM11 = 0x156
                0x00000158                __ADC12MEM12 = 0x158
                0x0000015a                __ADC12MEM13 = 0x15a
                0x0000015c                __ADC12MEM14 = 0x15c
                0x0000015e                __ADC12MEM15 = 0x15e
                0x00000080                __ADC12MCTL0 = 0x80
                0x00000081                __ADC12MCTL1 = 0x81
                0x00000082                __ADC12MCTL2 = 0x82
                0x00000083                __ADC12MCTL3 = 0x83
                0x00000084                __ADC12MCTL4 = 0x84
                0x00000085                __ADC12MCTL5 = 0x85
                0x00000086                __ADC12MCTL6 = 0x86
                0x00000087                __ADC12MCTL7 = 0x87
                0x00000088                __ADC12MCTL8 = 0x88
                0x00000089                __ADC12MCTL9 = 0x89
                0x0000008a                __ADC12MCTL10 = 0x8a
                0x0000008b                __ADC12MCTL11 = 0x8b
                0x0000008c                __ADC12MCTL12 = 0x8c
                0x0000008d                __ADC12MCTL13 = 0x8d
                0x0000008e                __ADC12MCTL14 = 0x8e
                0x0000008f                __ADC12MCTL15 = 0x8f
                0x00000056                __DCOCTL = 0x56
                0x00000057                __BCSCTL1 = 0x57
                0x00000058                __BCSCTL2 = 0x58
                0x00000053                __BCSCTL3 = 0x53
                0x00000059                __CACTL1 = 0x59
                0x0000005a                __CACTL2 = 0x5a
                0x0000005b                __CAPD = 0x5b
                0x000001c0                __DAC12_0CTL = 0x1c0
                0x000001c2                __DAC12_1CTL = 0x1c2
                0x000001c8                __DAC12_0DAT = 0x1c8
                0x000001ca                __DAC12_1DAT = 0x1ca
                0x00000122                __DMACTL0 = 0x122
                0x00000124                __DMACTL1 = 0x124
                0x00000126                __DMAIV = 0x126
                0x000001d0                __DMA0CTL = 0x1d0
                0x000001dc                __DMA1CTL = 0x1dc
                0x000001e8                __DMA2CTL = 0x1e8
                0x000001d2                __DMA0SA = 0x1d2
                0x000001d2                __DMA0SAL = 0x1d2
                0x000001d6                __DMA0DA = 0x1d6
                0x000001d6                __DMA0DAL = 0x1d6
                0x000001da                __DMA0SZ = 0x1da
                0x000001de                __DMA1SA = 0x1de
                0x000001de                __DMA1SAL = 0x1de
                0x000001e2                __DMA1DA = 0x1e2
                0x000001e2                __DMA1DAL = 0x1e2
                0x000001e6                __DMA1SZ = 0x1e6
                0x000001ea                __DMA2SA = 0x1ea
                0x000001ea                __DMA2SAL = 0x1ea
                0x000001ee                __DMA2DA = 0x1ee
                0x000001ee                __DMA2DAL = 0x1ee
                0x000001f2                __DMA2SZ = 0x1f2
                0x00000128                __FCTL1 = 0x128
                0x0000012a                __FCTL2 = 0x12a
                0x0000012c                __FCTL3 = 0x12c
                0x000001be                __FCTL4 = 0x1be
                0x00000130                __MPY = 0x130
                0x00000132                __MPYS = 0x132
                0x00000134                __MAC = 0x134
                0x00000136                __MACS = 0x136
                0x00000138                __OP2 = 0x138
                0x0000013a                __RESLO = 0x13a
                0x0000013c                __RESHI = 0x13c
                0x0000013e                __SUMEXT = 0x13e
                0x00000020                __P1IN = 0x20
                0x00000021                __P1OUT = 0x21
                0x00000022                __P1DIR = 0x22
                0x00000023                __P1IFG = 0x23
                0x00000024                __P1IES = 0x24
                0x00000025                __P1IE = 0x25
                0x00000026                __P1SEL = 0x26
                0x00000027                __P1REN = 0x27
                0x00000028                __P2IN = 0x28
                0x00000029                __P2OUT = 0x29
                0x0000002a                __P2DIR = 0x2a
                0x0000002b                __P2IFG = 0x2b
                0x0000002c                __P2IES = 0x2c
                0x0000002d                __P2IE = 0x2d
                0x0000002e                __P2SEL = 0x2e
                0x0000002f                __P2REN = 0x2f
                0x00000018                __P3IN = 0x18
                0x00000019                __P3OUT = 0x19
                0x0000001a                __P3DIR = 0x1a
                0x0000001b                __P3SEL = 0x1b
                0x00000010                __P3REN = 0x10
                0x0000001c                __P4IN = 0x1c
                0x0000001d                __P4OUT = 0x1d
                0x0000001e                __P4DIR = 0x1e
                0x0000001f                __P4SEL = 0x1f
                0x00000011                __P4REN = 0x11
                0x00000030                __P5IN = 0x30
                0x00000031                __P5OUT = 0x31
                0x00000032                __P5DIR = 0x32
                0x00000033                __P5SEL = 0x33
                0x00000012                __P5REN = 0x12
                0x00000034                __P6IN = 0x34
                0x00000035                __P6OUT = 0x35
                0x00000036                __P6DIR = 0x36
                0x00000037                __P6SEL = 0x37
                0x00000013                __P6REN = 0x13
                0x00000038                __P7IN = 0x38
                0x0000003a                __P7OUT = 0x3a
                0x0000003c                __P7DIR = 0x3c
                0x0000003e                __P7SEL = 0x3e
                0x00000014                __P7REN = 0x14
                0x00000039                __P8IN = 0x39
                0x0000003b                __P8OUT = 0x3b
                0x0000003d                __P8DIR = 0x3d
                0x0000003f                __P8SEL = 0x3f
                0x00000015                __P8REN = 0x15
                0x00000038                __PAIN = 0x38
                0x0000003a                __PAOUT = 0x3a
                0x0000003c                __PADIR = 0x3c
                0x0000003e                __PASEL = 0x3e
                0x00000014                __PAREN = 0x14
                0x00000055                __SVSCTL = 0x55
                0x0000012e                __TAIV = 0x12e
                0x00000160                __TACTL = 0x160
                0x00000162                __TACCTL0 = 0x162
                0x00000164                __TACCTL1 = 0x164
                0x00000166                __TACCTL2 = 0x166
                0x00000170                __TAR = 0x170
                0x00000172                __TACCR0 = 0x172
                0x00000174                __TACCR1 = 0x174
                0x00000176                __TACCR2 = 0x176
                0x0000011e                __TBIV = 0x11e
                0x00000180                __TBCTL = 0x180
                0x00000182                __TBCCTL0 = 0x182
                0x00000184                __TBCCTL1 = 0x184
                0x00000186                __TBCCTL2 = 0x186
                0x00000188                __TBCCTL3 = 0x188
                0x0000018a                __TBCCTL4 = 0x18a
                0x0000018c                __TBCCTL5 = 0x18c
                0x0000018e                __TBCCTL6 = 0x18e
                0x00000190                __TBR = 0x190
                0x00000192                __TBCCR0 = 0x192
                0x00000194                __TBCCR1 = 0x194
                0x00000196                __TBCCR2 = 0x196
                0x00000198                __TBCCR3 = 0x198
                0x0000019a                __TBCCR4 = 0x19a
                0x0000019c                __TBCCR5 = 0x19c
                0x0000019e                __TBCCR6 = 0x19e
                0x00000060                __UCA0CTL0 = 0x60
                0x00000061                __UCA0CTL1 = 0x61
                0x00000062                __UCA0BR0 = 0x62
                0x00000063                __UCA0BR1 = 0x63
                0x00000064                __UCA0MCTL = 0x64
                0x00000065                __UCA0STAT = 0x65
                0x00000066                __UCA0RXBUF = 0x66
                0x00000067                __UCA0TXBUF = 0x67
                0x0000005d                __UCA0ABCTL = 0x5d
                0x0000005e                __UCA0IRTCTL = 0x5e
                0x0000005f                __UCA0IRRCTL = 0x5f
                0x00000068                __UCB0CTL0 = 0x68
                0x00000069                __UCB0CTL1 = 0x69
                0x0000006a                __UCB0BR0 = 0x6a
                0x0000006b                __UCB0BR1 = 0x6b
                0x0000006c                __UCB0I2CIE = 0x6c
                0x0000006d                __UCB0STAT = 0x6d
                0x0000006e                __UCB0RXBUF = 0x6e
                0x0000006f                __UCB0TXBUF = 0x6f
                0x00000118                __UCB0I2COA = 0x118
                0x0000011a                __UCB0I2CSA = 0x11a
                0x000000d0                __UCA1CTL0 = 0xd0
                0x000000d1                __UCA1CTL1 = 0xd1
                0x000000d2                __UCA1BR0 = 0xd2
                0x000000d3                __UCA1BR1 = 0xd3
                0x000000d4                __UCA1MCTL = 0xd4
                0x000000d5                __UCA1STAT = 0xd5
                0x000000d6                __UCA1RXBUF = 0xd6
                0x000000d7                __UCA1TXBUF = 0xd7
                0x000000cd                __UCA1ABCTL = 0xcd
                0x000000ce                __UCA1IRTCTL = 0xce
                0x000000cf                __UCA1IRRCTL = 0xcf
                0x000000d8                __UCB1CTL0 = 0xd8
                0x000000d9                __UCB1CTL1 = 0xd9
                0x000000da                __UCB1BR0 = 0xda
                0x000000db                __UCB1BR1 = 0xdb
                0x000000dc                __UCB1I2CIE = 0xdc
                0x000000dd                __UCB1STAT = 0xdd
                0x000000de                __UCB1RXBUF = 0xde
                0x000000df                __UCB1TXBUF = 0xdf
                0x0000017c                __UCB1I2COA = 0x17c
                0x0000017e                __UCB1I2CSA = 0x17e
                0x00000120                __WDTCTL = 0x120
                0x000010c0                __TLV_CHECKSUM = 0x10c0
                0x000010f6                __TLV_DCO_30_TAG = 0x10f6
                0x000010f7                __TLV_DCO_30_LEN = 0x10f7
                0x000010da                __TLV_ADC12_1_TAG = 0x10da
                0x000010db                __TLV_ADC12_1_LEN = 0x10db
                0x000010f8                __CALDCO_16MHZ = 0x10f8
                0x000010f9                __CALBC1_16MHZ = 0x10f9
                0x000010fa                __CALDCO_12MHZ = 0x10fa
                0x000010fb                __CALBC1_12MHZ = 0x10fb
                0x000010fc                __CALDCO_8MHZ = 0x10fc
                0x000010fd                __CALBC1_8MHZ = 0x10fd
                0x000010fe                __CALDCO_1MHZ = 0x10fe
                0x000010ff                __CALBC1_1MHZ = 0x10ff

.hash
 *(.hash)

.dynsym
 *(.dynsym)

.dynstr
 *(.dynstr)

.gnu.version
 *(.gnu.version)

.gnu.version_d
 *(.gnu.version_d)

.gnu.version_r
 *(.gnu.version_r)

.rel.init
 *(.rel.init)

.rela.init
 *(.rela.init)

.rel.fini
 *(.rel.fini)

.rela.fini
 *(.rela.fini)

.rel.text
 *(.rel.text .rel.text.* .rel.gnu.linkonce.t.*)

.rela.text
 *(.rela.text .rela.text.* .rela.gnu.linkonce.t.*)

.rel.rodata
 *(.rel.rodata .rel.rodata.* .rel.gnu.linkonce.r.*)

.rela.rodata
 *(.rela.rodata .rela.rodata.* .rela.gnu.linkonce.r.*)

.rel.data
 *(.rel.data .rel.data.* .rel.gnu.linkonce.d.*)

.rela.data
 *(.rela.data .rela.data.* .rela.gnu.linkonce.d.*)

.rel.bss
 *(.rel.bss .rel.bss.* .rel.gnu.linkonce.b.*)

.rela.bss
 *(.rela.bss .rela.bss.* .rela.gnu.linkonce.b.*)

.rel.ctors
 *(.rel.ctors)

.rela.ctors
 *(.rela.ctors)

.rel.dtors
 *(.rel.dtors)

.rela.dtors
 *(.rela.dtors)

.rel.got
 *(.rel.got)

.rela.got
 *(.rela.got)

.rel.plt
 *(.rel.plt)

.rela.plt
 *(.rela.plt)

.text           0x00003100     0xc490
                0x00003100                . = ALIGN (0x2)
 *(.init .init.*)
 *(.init0)
 .init0         0x00003100        0x0 /home/jorg/msp430-47/bin/../lib/gcc/msp430/4.7.0/mcpu-430x/mmpy-16/msr20/mc20/libcrt0.a(_reset_vector__.o)
                0x00003100                _reset_vector__
 *(.init1)
 .init1         0x00003100        0xc /home/jorg/msp430-47/bin/../lib/gcc/msp430/4.7.0/mcpu-430x/mmpy-16/msr20/mc20/libcrt0.a(__watchdog_support.o)
                0x00003100                __watchdog_support
 *(.init2)
 .init2         0x0000310c        0x4 /home/jorg/msp430-47/bin/../lib/gcc/msp430/4.7.0/mcpu-430x/mmpy-16/msr20/mc20/libcrt0.a(__init_stack.o)
                0x0000310c                __init_stack
 *(.init3)
 .init3         0x00003110        0x0 /home/jorg/msp430-47/bin/../lib/gcc/msp430/4.7.0/mcpu-430x/mmpy-16/msr20/mc20/libcrt0.a(__low_level_init.o)
                0x00003110                __low_level_init
 *(.init4)
 .init4         0x00003110       0x18 /home/jorg/msp430-47/bin/../lib/gcc/msp430/4.7.0/mcpu-430x/mmpy-16/msr20/mc20/libcrt0.a(_copy_data.o)
                0x00003110                __do_copy_data
 .init4         0x00003128       0x16 /home/jorg/msp430-47/bin/../lib/gcc/msp430/4.7.0/mcpu-430x/mmpy-16/msr20/mc20/libcrt0.a(_clear_bss.o)
                0x00003128                __do_clear_bss
 *(.init5)
 *(.init6)
 *(.init7)
 *(.init8)
 *(.init9)
 .init9         0x0000313e      0x348 obj_z1/contiki-z1-main.o
                0x0000313e                main
 *(.fini9)
 .fini9         0x00003486        0x0 /home/jorg/msp430-47/bin/../lib/gcc/msp430/4.7.0/mcpu-430x/mmpy-16/msr20/mc20/libcrt0.a(__stop_progExec__.o)
                0x00003486                __stop_progExec__
 *(.fini8)
 *(.fini7)
 *(.fini6)
 *(.fini5)
 *(.fini4)
 *(.fini3)
 *(.fini2)
 *(.fini1)
 *(.fini0)
 .fini0         0x00003486        0x6 /home/jorg/msp430-47/bin/../lib/gcc/msp430/4.7.0/mcpu-430x/mmpy-16/msr20/mc20/libcrt0.a(_endless_loop__.o)
                0x00003486                _endless_loop__
 *(.fini .fini.*)
                0x0000348c                . = ALIGN (0x2)
                0x0000348c                __ctors_start = .
 *(.ctors)
                0x0000348c                __ctors_end = .
                0x0000348c                __dtors_start = .
 *(.dtors)
                0x0000348c                __dtors_end = .
                0x0000348c                . = ALIGN (0x2)
 *(.text .text.* .gnu.linkonce.t.*)
 .text          0x0000348c        0x4 /home/jorg/msp430-47/bin/../lib/gcc/msp430/4.7.0/mcpu-430x/mmpy-16/msr20/mc20/crt0ivtbl32.o
                0x0000348c                __isr_14
                0x0000348c                __isr_4
                0x0000348c                __isr_29
                0x0000348c                __isr_11
                0x0000348c                __isr_5
                0x0000348c                __isr_2
                0x0000348c                __isr_10
                0x0000348c                __isr_7
                0x0000348c                __isr_0
                0x0000348c                __isr_28
                0x0000348c                __isr_8
                0x0000348c                __isr_20
                0x0000348c                __isr_3
                0x0000348c                __isr_12
                0x0000348c                __isr_13
                0x0000348c                __isr_27
                0x0000348c                __isr_9
                0x0000348c                __isr_30
                0x0000348c                __isr_6
                0x0000348c                __isr_22
                0x0000348c                __isr_1
                0x0000348c                __isr_15
                0x0000348c                __isr_21
 .text.libgcc   0x00003490       0x26 /home/jorg/msp430-47/bin/../lib/gcc/msp430/4.7.0/mcpu-430x/mmpy-16/msr20/mc20/libgcc.a(_mulsi3.o)
                0x00003490                __mulsi3
 .text.libgcc   0x000034b6       0x22 /home/jorg/msp430-47/bin/../lib/gcc/msp430/4.7.0/mcpu-430x/mmpy-16/msr20/mc20/libgcc.a(_udivmod16.o)
                0x000034b6                __udivhi3
                0x000034b6                __ext_udivmod16
                0x000034d0                __umodhi3
 .text.libgcc   0x000034d8       0x3a /home/jorg/msp430-47/bin/../lib/gcc/msp430/4.7.0/mcpu-430x/mmpy-16/msr20/mc20/libgcc.a(_divmod16.o)
                0x000034d8                __ext_divmod16
                0x000034d8                __divhi3
                0x0000350a                __modhi3
 .text.libgcc   0x00003512       0x38 /home/jorg/msp430-47/bin/../lib/gcc/msp430/4.7.0/mcpu-430x/mmpy-16/msr20/mc20/libgcc.a(_udivmod32.o)
                0x00003512                __udivsi3
                0x00003512                __ext_udivmod32
                0x00003540                __umodsi3
 .text.printf   0x0000354a       0x10 /home/jorg/msp430-47/bin/../lib/gcc/msp430/4.7.0/../../../../msp430/lib/mcpu-430x/mmpy-16/msr20/mc20/libc.a(printf.o)
                0x0000354a                printf
 .text.append   0x0000355a       0x22 /home/jorg/msp430-47/bin/../lib/gcc/msp430/4.7.0/../../../../msp430/lib/mcpu-430x/mmpy-16/msr20/mc20/libc.a(sprintf.o)
 .text.call_vuprintf
                0x0000357c       0x36 /home/jorg/msp430-47/bin/../lib/gcc/msp430/4.7.0/../../../../msp430/lib/mcpu-430x/mmpy-16/msr20/mc20/libc.a(sprintf.o)
 .text.snprintf
                0x000035b2       0x1c /home/jorg/msp430-47/bin/../lib/gcc/msp430/4.7.0/../../../../msp430/lib/mcpu-430x/mmpy-16/msr20/mc20/libc.a(sprintf.o)
                0x000035b2                snprintf
 .text.print_field
                0x000035ce      0x176 /home/jorg/msp430-47/bin/../lib/gcc/msp430/4.7.0/../../../../msp430/lib/mcpu-430x/mmpy-16/msr20/mc20/libc.a(vuprintf.o)
 .text.vuprintf
                0x00003744      0x74c /home/jorg/msp430-47/bin/../lib/gcc/msp430/4.7.0/../../../../msp430/lib/mcpu-430x/mmpy-16/msr20/mc20/libc.a(vuprintf.o)
                0x00003744                vuprintf
 .text.puts     0x00003e90       0x2c /home/jorg/msp430-47/bin/../lib/gcc/msp430/4.7.0/../../../../msp430/lib/mcpu-430x/mmpy-16/msr20/mc20/libc.a(puts.o)
                0x00003e90                puts
 .text.rand     0x00003ebc       0x26 /home/jorg/msp430-47/bin/../lib/gcc/msp430/4.7.0/../../../../msp430/lib/mcpu-430x/mmpy-16/msr20/mc20/libc.a(rand.o)
                0x00003ebc                rand
 .text.srand    0x00003ee2        0xa /home/jorg/msp430-47/bin/../lib/gcc/msp430/4.7.0/../../../../msp430/lib/mcpu-430x/mmpy-16/msr20/mc20/libc.a(rand.o)
                0x00003ee2                srand
 .text.strncmp  0x00003eec       0x2a /home/jorg/msp430-47/bin/../lib/gcc/msp430/4.7.0/../../../../msp430/lib/mcpu-430x/mmpy-16/msr20/mc20/libc.a(strncmp.o)
                0x00003eec                strncmp
 .text.memcmp   0x00003f16       0x2c /home/jorg/msp430-47/bin/../lib/gcc/msp430/4.7.0/../../../../msp430/lib/mcpu-430x/mmpy-16/msr20/mc20/libc.a(memcmp.o)
                0x00003f16                memcmp
 .text.memcpy   0x00003f42       0xe8 /home/jorg/msp430-47/bin/../lib/gcc/msp430/4.7.0/../../../../msp430/lib/mcpu-430x/mmpy-16/msr20/mc20/libc.a(memcpy.o)
                0x00003f42                memcpy
 .text.memmove  0x0000402a       0xe8 /home/jorg/msp430-47/bin/../lib/gcc/msp430/4.7.0/../../../../msp430/lib/mcpu-430x/mmpy-16/msr20/mc20/libc.a(memmove.o)
                0x0000402a                memmove
 .text.memset   0x00004112       0x5c /home/jorg/msp430-47/bin/../lib/gcc/msp430/4.7.0/../../../../msp430/lib/mcpu-430x/mmpy-16/msr20/mc20/libc.a(memset.o)
                0x00004112                memset
 .text.libgcc   0x0000416e       0xbc /home/jorg/msp430-47/bin/../lib/gcc/msp430/4.7.0/mcpu-430x/mmpy-16/msr20/mc20/libgcc.a(_udivmod64.o)
                0x0000416e                __xabi_udivmod64
                0x000041c0                __udivdi3
                0x000041da                __umoddi3
                0x000041fc                __udivmoddi4
 .text.crt0     0x0000422a        0x2 /home/jorg/msp430-47/bin/../lib/gcc/msp430/4.7.0/mcpu-430x/mmpy-16/msr20/mc20/libcrt0.a(_unexpected_.o)
                0x0000422a                _unexpected_
 *(.near.text .near.text.*)
 .near.text.watchdog_interrupt
                0x0000422c        0x6 contiki-z1.a(watchdog.o)
                0x0000422c                __isr_26
                0x0000422c                watchdog_interrupt
 .near.text.irq_p2
                0x00004232       0x76 contiki-z1.a(button-sensor.o)
                0x00004232                irq_p2
                0x00004232                __isr_19
 .near.text.uart0_rx_interrupt
                0x000042a8       0x64 contiki-z1.a(uart0.o)
                0x000042a8                __isr_23
                0x000042a8                uart0_rx_interrupt
 .near.text.port1_isr
                0x0000430c       0xbe contiki-z1.a(adxl345.o)
                0x0000430c                port1_isr
                0x0000430c                __isr_18
 .near.text.timera1
                0x000043ca      0x10a contiki-z1.a(clock.o)
                0x000043ca                __isr_24
                0x000043ca                timera1
 .near.text.timera0
                0x000044d4       0x5c contiki-z1.a(rtimer-arch.o)
                0x000044d4                __isr_25
                0x000044d4                timera0
 .near.text.i2c_tx_interrupt
                0x00004530       0x84 contiki-z1.a(i2cmaster.o)
                0x00004530                __isr_16
                0x00004530                i2c_tx_interrupt
 .near.text.i2c_rx_interrupt
                0x000045b4       0x14 contiki-z1.a(i2cmaster.o)
                0x000045b4                i2c_rx_interrupt
                0x000045b4                __isr_17
 .any.text.publish_led_off
                0x000045c8        0x8 mqtt-demo.co
 .any.text.mqtt_event
                0x000045d0      0x110 mqtt-demo.co
 .any.text.ipaddr_sprintf
                0x000046e0       0x9a mqtt-demo.co
                0x000046e0                ipaddr_sprintf
 .any.text.process_thread_mqtt_demo_process
                0x0000477a      0x4dc mqtt-demo.co
 .any.text.encode_remaining_length
                0x00004c56       0x4c contiki-z1.a(mqtt.o)
 .any.text.call_event
                0x00004ca2       0x1a contiki-z1.a(mqtt.o)
 .any.text.reset_packet
                0x00004cbc       0x16 contiki-z1.a(mqtt.o)
 .any.text.handle_publish
                0x00004cd2       0x2e contiki-z1.a(mqtt.o)
 .any.text.tcp_input
                0x00004d00      0x43a contiki-z1.a(mqtt.o)
 .any.text.abort_connection
                0x0000513a       0x46 contiki-z1.a(mqtt.o)
 .any.text.send_out_buffer
                0x00005180       0x24 contiki-z1.a(mqtt.o)
 .any.text.write_byte
                0x000051a4       0x26 contiki-z1.a(mqtt.o)
 .any.text.string_to_mqtt_string
                0x000051ca       0x26 contiki-z1.a(mqtt.o)
 .any.text.keep_alive_callback
                0x000051f0       0x3e contiki-z1.a(mqtt.o)
 .any.text.write_bytes
                0x0000522e       0x86 contiki-z1.a(mqtt.o)
 .any.text.connect_tcp
                0x000052b4       0x6a contiki-z1.a(mqtt.o)
 .any.text.tcp_event
                0x0000531e       0x94 contiki-z1.a(mqtt.o)
 .any.text.mqtt_init
                0x000053b2       0x76 contiki-z1.a(mqtt.o)
                0x000053b2                mqtt_init
 .any.text.mqtt_register
                0x00005428       0x6c contiki-z1.a(mqtt.o)
                0x00005428                mqtt_register
 .any.text.mqtt_connect
                0x00005494       0x5c contiki-z1.a(mqtt.o)
                0x00005494                mqtt_connect
 .any.text.mqtt_disconnect
                0x000054f0       0x1c contiki-z1.a(mqtt.o)
                0x000054f0                mqtt_disconnect
 .any.text.process_thread_mqtt_process
                0x0000550c     0x1080 contiki-z1.a(mqtt.o)
 .any.text.mqtt_subscribe
                0x0000658c       0x58 contiki-z1.a(mqtt.o)
                0x0000658c                mqtt_subscribe
 .any.text.mqtt_publish
                0x000065e4       0x70 contiki-z1.a(mqtt.o)
                0x000065e4                mqtt_publish
 .any.text.init_platform
                0x00006654        0xc contiki-z1.a(contiki-z1-plat)
                0x00006654                init_platform
 .any.text.msp430_init_dco
                0x00006660       0x28 contiki-z1.a(msp430.o)
                0x00006660                msp430_init_dco
 .any.text.splhigh_
                0x00006688        0x8 contiki-z1.a(msp430.o)
                0x00006688                splhigh_
 .any.text.msp430_sync_dco
                0x00006690       0x6e contiki-z1.a(msp430.o)
                0x00006690                msp430_sync_dco
 .any.text.msp430_cpu_init
                0x000066fe       0x2e contiki-z1.a(msp430.o)
                0x000066fe                msp430_cpu_init
 .any.text.show_leds
                0x0000672c       0xe8 contiki-z1.a(leds.o)
 .any.text.leds_init
                0x00006814        0xa contiki-z1.a(leds.o)
                0x00006814                leds_init
 .any.text.leds_on
                0x0000681e        0xa contiki-z1.a(leds.o)
                0x0000681e                leds_on
 .any.text.leds_off
                0x00006828        0xe contiki-z1.a(leds.o)
                0x00006828                leds_off
 .any.text.watchdog_start
                0x00006836       0x14 contiki-z1.a(watchdog.o)
                0x00006836                watchdog_start
 .any.text.watchdog_periodic
                0x0000684a       0x12 contiki-z1.a(watchdog.o)
                0x0000684a                watchdog_periodic
 .any.text.watchdog_stop
                0x0000685c       0x16 contiki-z1.a(watchdog.o)
                0x0000685c                watchdog_stop
 .any.text.watchdog_init
                0x00006872       0x12 contiki-z1.a(watchdog.o)
                0x00006872                watchdog_init
 .any.text.wait_ready
                0x00006884       0x46 contiki-z1.a(xmem.o)
 .any.text.xmem_init
                0x000068ca       0x1e contiki-z1.a(xmem.o)
                0x000068ca                xmem_init
 .any.text.xmem_pread
                0x000068e8       0xc2 contiki-z1.a(xmem.o)
                0x000068e8                xmem_pread
 .any.text.spi_init
                0x000069aa       0x32 contiki-z1.a(spi.o)
                0x000069aa                spi_init
 .any.text.get_object
                0x000069dc        0x4 contiki-z1.a(cc2420.o)
 .any.text.set_object
                0x000069e0        0x4 contiki-z1.a(cc2420.o)
 .any.text.strobe
                0x000069e4       0x1a contiki-z1.a(cc2420.o)
 .any.text.getreg
                0x000069fe       0x46 contiki-z1.a(cc2420.o)
 .any.text.setreg
                0x00006a44       0x44 contiki-z1.a(cc2420.o)
 .any.text.write_ram
                0x00006a88       0x72 contiki-z1.a(cc2420.o)
 .any.text.write_fifo_buf
                0x00006afa       0x38 contiki-z1.a(cc2420.o)
 .any.text.get_status
                0x00006b32       0x1e contiki-z1.a(cc2420.o)
 .any.text.set_txpower
                0x00006b50       0x24 contiki-z1.a(cc2420.o)
 .any.text.cc2420_receiving_packet
                0x00006b74        0xa contiki-z1.a(cc2420.o)
 .any.text.pending_packet
                0x00006b7e        0xa contiki-z1.a(cc2420.o)
 .any.text.on   0x00006b88       0x26 contiki-z1.a(cc2420.o)
 .any.text.wait_for_transmission
                0x00006bae       0x22 contiki-z1.a(cc2420.o)
 .any.text.wait_for_status
                0x00006bd0       0x24 contiki-z1.a(cc2420.o)
 .any.text.getrxdata
                0x00006bf4       0x4c contiki-z1.a(cc2420.o)
 .any.text.flushrx
                0x00006c40       0x1a contiki-z1.a(cc2420.o)
 .any.text.off  0x00006c5a       0x5a contiki-z1.a(cc2420.o)
 .any.text.RELEASE_LOCK
                0x00006cb4       0x28 contiki-z1.a(cc2420.o)
 .any.text.set_frame_filtering
                0x00006cdc       0x30 contiki-z1.a(cc2420.o)
 .any.text.set_auto_ack
                0x00006d0c       0x30 contiki-z1.a(cc2420.o)
 .any.text.set_poll_mode
                0x00006d3c       0x2c contiki-z1.a(cc2420.o)
 .any.text.cc2420_prepare
                0x00006d68       0x38 contiki-z1.a(cc2420.o)
 .any.text.cc2420_on
                0x00006da0       0x22 contiki-z1.a(cc2420.o)
                0x00006da0                cc2420_on
 .any.text.cc2420_off
                0x00006dc2       0x30 contiki-z1.a(cc2420.o)
                0x00006dc2                cc2420_off
 .any.text.cc2420_cca
                0x00006df2       0x54 contiki-z1.a(cc2420.o)
 .any.text.cc2420_read
                0x00006e46       0xb8 contiki-z1.a(cc2420.o)
 .any.text.process_thread_cc2420_process
                0x00006efe       0x5c contiki-z1.a(cc2420.o)
 .any.text.cc2420_set_channel
                0x00006f5a       0x3a contiki-z1.a(cc2420.o)
                0x00006f5a                cc2420_set_channel
 .any.text.cc2420_set_pan_addr
                0x00006f94       0x4c contiki-z1.a(cc2420.o)
                0x00006f94                cc2420_set_pan_addr
 .any.text.cc2420_interrupt
                0x00006fe0       0x16 contiki-z1.a(cc2420.o)
                0x00006fe0                cc2420_interrupt
 .any.text.cc2420_set_txpower
                0x00006ff6        0xe contiki-z1.a(cc2420.o)
                0x00006ff6                cc2420_set_txpower
 .any.text.cc2420_get_txpower
                0x00007004       0x1e contiki-z1.a(cc2420.o)
                0x00007004                cc2420_get_txpower
 .any.text.cc2420_transmit
                0x00007022      0x10e contiki-z1.a(cc2420.o)
 .any.text.cc2420_send
                0x00007130       0x12 contiki-z1.a(cc2420.o)
 .any.text.cc2420_rssi
                0x00007142       0x48 contiki-z1.a(cc2420.o)
                0x00007142                cc2420_rssi
 .any.text.get_value
                0x0000718a      0x104 contiki-z1.a(cc2420.o)
 .any.text.cc2420_set_cca_threshold
                0x0000728e       0x16 contiki-z1.a(cc2420.o)
                0x0000728e                cc2420_set_cca_threshold
 .any.text.set_value
                0x000072a4       0xb2 contiki-z1.a(cc2420.o)
 .any.text.cc2420_init
                0x00007356       0xea contiki-z1.a(cc2420.o)
                0x00007356                cc2420_init
 .any.text.cc2420_arch_init
                0x00007440       0x1a contiki-z1.a(cc2420-arch.o)
                0x00007440                cc2420_arch_init
 .any.text.node_id_restore
                0x0000745a       0x4c contiki-z1.a(node-id.o)
                0x0000745a                node_id_restore
 .any.text.process_thread_sensors_process
                0x000074a6       0xc2 contiki-z1.a(sensors.o)
 .any.text.sensors_changed
                0x00007568       0x2a contiki-z1.a(sensors.o)
                0x00007568                sensors_changed
 .any.text.status
                0x00007592       0x18 contiki-z1.a(button-sensor.o)
 .any.text.value
                0x000075aa       0x20 contiki-z1.a(button-sensor.o)
 .any.text.configure
                0x000075ca       0x4e contiki-z1.a(button-sensor.o)
 .any.text.uart0_active
                0x00007618        0xe contiki-z1.a(uart0.o)
                0x00007618                uart0_active
 .any.text.uart0_writeb
                0x00007626       0x16 contiki-z1.a(uart0.o)
                0x00007626                uart0_writeb
 .any.text.uart0_init
                0x0000763c       0x40 contiki-z1.a(uart0.o)
                0x0000763c                uart0_init
 .any.text.putchar
                0x0000767c       0x10 contiki-z1.a(uart0-putchar.o)
                0x0000767c                putchar
 .any.text.status
                0x0000768c       0x12 contiki-z1.a(adxl345.o)
 .any.text.accm_write_reg
                0x0000769e       0x2e contiki-z1.a(adxl345.o)
 .any.text.accm_write_stream
                0x000076cc       0x2a contiki-z1.a(adxl345.o)
 .any.text.accm_read_reg
                0x000076f6       0x54 contiki-z1.a(adxl345.o)
 .any.text.process_thread_accmeter_process
                0x0000774a       0x56 contiki-z1.a(adxl345.o)
 .any.text.accm_read_axis.part.0
                0x000077a0       0x5a contiki-z1.a(adxl345.o)
 .any.text.value
                0x000077fa       0x1e contiki-z1.a(adxl345.o)
 .any.text.accm_init
                0x00007818       0x78 contiki-z1.a(adxl345.o)
                0x00007818                accm_init
 .any.text.accm_stop
                0x00007890       0x32 contiki-z1.a(adxl345.o)
                0x00007890                accm_stop
 .any.text.configure
                0x000078c2       0x26 contiki-z1.a(adxl345.o)
 .any.text.status
                0x000078e8       0x12 contiki-z1.a(tmp102.o)
 .any.text.tmp102_init
                0x000078fa       0x24 contiki-z1.a(tmp102.o)
                0x000078fa                tmp102_init
 .any.text.tmp102_stop
                0x0000791e        0xa contiki-z1.a(tmp102.o)
                0x0000791e                tmp102_stop
 .any.text.configure
                0x00007928       0x26 contiki-z1.a(tmp102.o)
 .any.text.tmp102_read_reg
                0x0000794e       0x5e contiki-z1.a(tmp102.o)
                0x0000794e                tmp102_read_reg
 .any.text.tmp102_read_temp_x100
                0x000079ac       0x58 contiki-z1.a(tmp102.o)
                0x000079ac                tmp102_read_temp_x100
 .any.text.value
                0x00007a04        0x6 contiki-z1.a(tmp102.o)
 .any.text.clock_time
                0x00007a0a       0x1a contiki-z1.a(clock.o)
                0x00007a0a                clock_time
 .any.text.clock_init
                0x00007a24       0x28 contiki-z1.a(clock.o)
                0x00007a24                clock_init
 .any.text.clock_delay
                0x00007a4c        0xc contiki-z1.a(clock.o)
                0x00007a4c                clock_delay
 .any.text.clock_wait
                0x00007a58       0x24 contiki-z1.a(clock.o)
                0x00007a58                clock_wait
 .any.text.clock_seconds
                0x00007a7c       0x1a contiki-z1.a(clock.o)
                0x00007a7c                clock_seconds
 .any.text.leds_arch_init
                0x00007a96        0xe contiki-z1.a(leds-arch.o)
                0x00007a96                leds_arch_init
 .any.text.leds_arch_set
                0x00007aa4       0x38 contiki-z1.a(leds-arch.o)
                0x00007aa4                leds_arch_set
 .any.text.rtimer_arch_init
                0x00007adc        0xe contiki-z1.a(rtimer-arch.o)
                0x00007adc                rtimer_arch_init
 .any.text.rtimer_arch_now
                0x00007aea        0xe contiki-z1.a(rtimer-arch.o)
                0x00007aea                rtimer_arch_now
 .any.text.rtimer_arch_schedule
                0x00007af8        0x6 contiki-z1.a(rtimer-arch.o)
                0x00007af8                rtimer_arch_schedule
 .any.text.autostart_start
                0x00007afe       0x16 contiki-z1.a(autostart.o)
                0x00007afe                autostart_start
 .any.text.process_thread_ctimer_process
                0x00007b14       0xa0 contiki-z1.a(ctimer.o)
 .any.text.ctimer_init
                0x00007bb4       0x18 contiki-z1.a(ctimer.o)
                0x00007bb4                ctimer_init
 .any.text.ctimer_set_with_process
                0x00007bcc       0x4a contiki-z1.a(ctimer.o)
                0x00007bcc                ctimer_set_with_process
 .any.text.ctimer_set
                0x00007c16       0x10 contiki-z1.a(ctimer.o)
                0x00007c16                ctimer_set
 .any.text.ctimer_reset
                0x00007c26       0x2c contiki-z1.a(ctimer.o)
                0x00007c26                ctimer_reset
 .any.text.ctimer_restart
                0x00007c52       0x2c contiki-z1.a(ctimer.o)
                0x00007c52                ctimer_restart
 .any.text.ctimer_stop
                0x00007c7e       0x28 contiki-z1.a(ctimer.o)
                0x00007c7e                ctimer_stop
 .any.text.energest_init
                0x00007ca6       0x24 contiki-z1.a(energest.o)
                0x00007ca6                energest_init
 .any.text.energest_type_time
                0x00007cca       0x3c contiki-z1.a(energest.o)
                0x00007cca                energest_type_time
 .any.text.energest_type_set
                0x00007d06        0xc contiki-z1.a(energest.o)
                0x00007d06                energest_type_set
 .any.text.energest_flush
                0x00007d12       0x38 contiki-z1.a(energest.o)
                0x00007d12                energest_flush
 .any.text.update_time
                0x00007d4a       0x70 contiki-z1.a(etimer.o)
 .any.text.etimer_request_poll
                0x00007dba        0xa contiki-z1.a(etimer.o)
                0x00007dba                etimer_request_poll
 .any.text.process_thread_etimer_process
                0x00007dc4       0xc4 contiki-z1.a(etimer.o)
 .any.text.add_timer
                0x00007e88       0x40 contiki-z1.a(etimer.o)
 .any.text.etimer_set
                0x00007ec8       0x12 contiki-z1.a(etimer.o)
                0x00007ec8                etimer_set
 .any.text.etimer_reset
                0x00007eda       0x12 contiki-z1.a(etimer.o)
                0x00007eda                etimer_reset
 .any.text.etimer_restart
                0x00007eec       0x12 contiki-z1.a(etimer.o)
                0x00007eec                etimer_restart
 .any.text.etimer_expired
                0x00007efe        0xe contiki-z1.a(etimer.o)
                0x00007efe                etimer_expired
 .any.text.etimer_expiration_time
                0x00007f0c       0x14 contiki-z1.a(etimer.o)
                0x00007f0c                etimer_expiration_time
 .any.text.etimer_pending
                0x00007f20        0xc contiki-z1.a(etimer.o)
                0x00007f20                etimer_pending
 .any.text.etimer_next_expiration_time
                0x00007f2c       0x16 contiki-z1.a(etimer.o)
                0x00007f2c                etimer_next_expiration_time
 .any.text.etimer_stop
                0x00007f42       0x3e contiki-z1.a(etimer.o)
                0x00007f42                etimer_stop
 .any.text.call_process
                0x00007f80       0x40 contiki-z1.a(process.o)
 .any.text.exit_process
                0x00007fc0       0x88 contiki-z1.a(process.o)
 .any.text.do_poll
                0x00008048       0x30 contiki-z1.a(process.o)
 .any.text.process_alloc_event
                0x00008078        0xe contiki-z1.a(process.o)
                0x00008078                process_alloc_event
 .any.text.process_init
                0x00008086       0x1c contiki-z1.a(process.o)
                0x00008086                process_init
 .any.text.process_run
                0x000080a2       0xa4 contiki-z1.a(process.o)
                0x000080a2                process_run
 .any.text.process_nevents
                0x00008146        0xe contiki-z1.a(process.o)
                0x00008146                process_nevents
 .any.text.process_post
                0x00008154       0x50 contiki-z1.a(process.o)
                0x00008154                process_post
 .any.text.process_post_synch
                0x000081a4       0x12 contiki-z1.a(process.o)
                0x000081a4                process_post_synch
 .any.text.process_start
                0x000081b6       0x36 contiki-z1.a(process.o)
                0x000081b6                process_start
 .any.text.process_poll
                0x000081ec       0x18 contiki-z1.a(process.o)
                0x000081ec                process_poll
 .any.text.rtimer_init
                0x00008204        0x6 contiki-z1.a(rtimer.o)
                0x00008204                rtimer_init
 .any.text.rtimer_run_next
                0x0000820a       0x26 contiki-z1.a(rtimer.o)
                0x0000820a                rtimer_run_next
 .any.text.timer_set
                0x00008230       0x1c contiki-z1.a(timer.o)
                0x00008230                timer_set
 .any.text.timer_reset
                0x0000824c        0xe contiki-z1.a(timer.o)
                0x0000824c                timer_reset
 .any.text.timer_restart
                0x0000825a       0x14 contiki-z1.a(timer.o)
                0x0000825a                timer_restart
 .any.text.timer_expired
                0x0000826e       0x2a contiki-z1.a(timer.o)
                0x0000826e                timer_expired
 .any.text.list_init
                0x00008298        0x6 contiki-z1.a(list.o)
                0x00008298                list_init
 .any.text.list_head
                0x0000829e        0x4 contiki-z1.a(list.o)
                0x0000829e                list_head
 .any.text.list_tail
                0x000082a2       0x12 contiki-z1.a(list.o)
                0x000082a2                list_tail
 .any.text.list_remove
                0x000082b4       0x34 contiki-z1.a(list.o)
                0x000082b4                list_remove
 .any.text.list_push
                0x000082e8       0x16 contiki-z1.a(list.o)
                0x000082e8                list_push
 .any.text.list_add
                0x000082fe       0x26 contiki-z1.a(list.o)
                0x000082fe                list_add
 .any.text.list_length
                0x00008324       0x10 contiki-z1.a(list.o)
                0x00008324                list_length
 .any.text.list_item_next
                0x00008334        0xc contiki-z1.a(list.o)
                0x00008334                list_item_next
 .any.text.memb_init
                0x00008340       0x36 contiki-z1.a(memb.o)
                0x00008340                memb_init
 .any.text.memb_alloc
                0x00008376       0x3e contiki-z1.a(memb.o)
                0x00008376                memb_alloc
 .any.text.memb_free
                0x000083b4       0x3a contiki-z1.a(memb.o)
                0x000083b4                memb_free
 .any.text.memb_inmemb
                0x000083ee       0x2a contiki-z1.a(memb.o)
                0x000083ee                memb_inmemb
 .any.text.memb_numfree
                0x00008418       0x26 contiki-z1.a(memb.o)
                0x00008418                memb_numfree
 .any.text.random_init
                0x0000843e        0x6 contiki-z1.a(random.o)
                0x0000843e                random_init
 .any.text.random_rand
                0x00008444        0x6 contiki-z1.a(random.o)
                0x00008444                random_rand
 .any.text.uip_ds6_list_loop
                0x0000844a       0x66 contiki-z1.a(uip-ds6.o)
                0x0000844a                uip_ds6_list_loop
 .any.text.uip_ds6_prefix_add
                0x000084b0       0x70 contiki-z1.a(uip-ds6.o)
                0x000084b0                uip_ds6_prefix_add
 .any.text.uip_ds6_is_addr_onlink
                0x00008520       0x42 contiki-z1.a(uip-ds6.o)
                0x00008520                uip_ds6_is_addr_onlink
 .any.text.uip_ds6_addr_lookup
                0x00008562       0x2a contiki-z1.a(uip-ds6.o)
                0x00008562                uip_ds6_addr_lookup
 .any.text.uip_ds6_get_link_local
                0x0000858c       0x3e contiki-z1.a(uip-ds6.o)
                0x0000858c                uip_ds6_get_link_local
 .any.text.uip_ds6_get_global
                0x000085ca       0x3e contiki-z1.a(uip-ds6.o)
                0x000085ca                uip_ds6_get_global
 .any.text.uip_ds6_maddr_add
                0x00008608       0x48 contiki-z1.a(uip-ds6.o)
                0x00008608                uip_ds6_maddr_add
 .any.text.uip_ds6_addr_add
                0x00008650       0xb4 contiki-z1.a(uip-ds6.o)
                0x00008650                uip_ds6_addr_add
 .any.text.uip_ds6_maddr_rm
                0x00008704        0xa contiki-z1.a(uip-ds6.o)
                0x00008704                uip_ds6_maddr_rm
 .any.text.uip_ds6_maddr_lookup
                0x0000870e       0x2a contiki-z1.a(uip-ds6.o)
                0x0000870e                uip_ds6_maddr_lookup
 .any.text.uip_ds6_addr_rm
                0x00008738       0x54 contiki-z1.a(uip-ds6.o)
                0x00008738                uip_ds6_addr_rm
 .any.text.uip_ds6_periodic
                0x0000878c       0x4a contiki-z1.a(uip-ds6.o)
                0x0000878c                uip_ds6_periodic
 .any.text.uip_ds6_set_addr_iid
                0x000087d6       0x14 contiki-z1.a(uip-ds6.o)
                0x000087d6                uip_ds6_set_addr_iid
 .any.text.get_match_length
                0x000087ea       0x3c contiki-z1.a(uip-ds6.o)
                0x000087ea                get_match_length
 .any.text.uip_ds6_select_src
                0x00008826       0x9a contiki-z1.a(uip-ds6.o)
                0x00008826                uip_ds6_select_src
 .any.text.uip_ds6_compute_reachable_time
                0x000088c0       0x36 contiki-z1.a(uip-ds6.o)
                0x000088c0                uip_ds6_compute_reachable_time
 .any.text.uip_ds6_init
                0x000088f6      0x138 contiki-z1.a(uip-ds6.o)
                0x000088f6                uip_ds6_init
 .any.text.call_route_callback
                0x00008a2e       0x40 contiki-z1.a(uip-ds6-route.o)
 .any.text.uip_ds6_route_init
                0x00008a6e       0x36 contiki-z1.a(uip-ds6-route.o)
                0x00008a6e                uip_ds6_route_init
 .any.text.uip_ds6_route_nexthop
                0x00008aa4       0x1a contiki-z1.a(uip-ds6-route.o)
                0x00008aa4                uip_ds6_route_nexthop
 .any.text.uip_ds6_route_head
                0x00008abe        0xa contiki-z1.a(uip-ds6-route.o)
                0x00008abe                uip_ds6_route_head
 .any.text.uip_ds6_route_next
                0x00008ac8        0xe contiki-z1.a(uip-ds6-route.o)
                0x00008ac8                uip_ds6_route_next
 .any.text.uip_ds6_route_lookup
                0x00008ad6       0x6e contiki-z1.a(uip-ds6-route.o)
                0x00008ad6                uip_ds6_route_lookup
 .any.text.uip_ds6_route_rm
                0x00008b44       0xa2 contiki-z1.a(uip-ds6-route.o)
                0x00008b44                uip_ds6_route_rm
 .any.text.rm_routelist
                0x00008be6       0x34 contiki-z1.a(uip-ds6-route.o)
 .any.text.rm_routelist_callback
                0x00008c1a        0x6 contiki-z1.a(uip-ds6-route.o)
 .any.text.uip_ds6_route_add
                0x00008c20      0x102 contiki-z1.a(uip-ds6-route.o)
                0x00008c20                uip_ds6_route_add
 .any.text.uip_ds6_defrt_rm
                0x00008d22       0x44 contiki-z1.a(uip-ds6-route.o)
                0x00008d22                uip_ds6_defrt_rm
 .any.text.uip_ds6_defrt_lookup
                0x00008d66       0x32 contiki-z1.a(uip-ds6-route.o)
                0x00008d66                uip_ds6_defrt_lookup
 .any.text.uip_ds6_defrt_add
                0x00008d98       0x68 contiki-z1.a(uip-ds6-route.o)
                0x00008d98                uip_ds6_defrt_add
 .any.text.uip_ds6_defrt_choose
                0x00008e00       0x36 contiki-z1.a(uip-ds6-route.o)
                0x00008e00                uip_ds6_defrt_choose
 .any.text.uip_ds6_defrt_periodic
                0x00008e36       0x38 contiki-z1.a(uip-ds6-route.o)
                0x00008e36                uip_ds6_defrt_periodic
 .any.text.chksum
                0x00008e6e       0x32 contiki-z1.a(uip6.o)
 .any.text.upper_layer_chksum
                0x00008ea0       0x56 contiki-z1.a(uip6.o)
 .any.text.ext_hdr_options_process
                0x00008ef6       0xc2 contiki-z1.a(uip6.o)
 .any.text.uip_add32
                0x00008fb8       0x60 contiki-z1.a(uip6.o)
                0x00008fb8                uip_add32
 .any.text.uip_add_rcv_nxt
                0x00009018       0x2e contiki-z1.a(uip6.o)
 .any.text.uip_icmp6chksum
                0x00009046        0xa contiki-z1.a(uip6.o)
                0x00009046                uip_icmp6chksum
 .any.text.uip_tcpchksum
                0x00009050        0xa contiki-z1.a(uip6.o)
                0x00009050                uip_tcpchksum
 .any.text.uip_udpchksum
                0x0000905a        0xa contiki-z1.a(uip6.o)
                0x0000905a                uip_udpchksum
 .any.text.uip_init
                0x00009064       0x62 contiki-z1.a(uip6.o)
                0x00009064                uip_init
 .any.text.uip_connect
                0x000090c6      0x11a contiki-z1.a(uip6.o)
                0x000090c6                uip_connect
 .any.text.remove_ext_hdr
                0x000091e0       0x50 contiki-z1.a(uip6.o)
                0x000091e0                remove_ext_hdr
 .any.text.uip_unlisten
                0x00009230       0x2a contiki-z1.a(uip6.o)
                0x00009230                uip_unlisten
 .any.text.uip_process
                0x0000925a      0xe0a contiki-z1.a(uip6.o)
                0x0000925a                uip_process
 .any.text.uip_htons
                0x0000a064        0xc contiki-z1.a(uip6.o)
                0x0000a064                uip_htons
 .any.text.uip_htonl
                0x0000a070       0x2a contiki-z1.a(uip6.o)
                0x0000a070                uip_htonl
 .any.text.uip_send
                0x0000a09a       0x48 contiki-z1.a(uip6.o)
                0x0000a09a                uip_send
 .any.text.uip_ds6_nbr_rm
                0x0000a0e2       0x1a contiki-z1.a(uip-ds6-nbr.o)
                0x0000a0e2                uip_ds6_nbr_rm
 .any.text.uip_ds6_neighbors_init
                0x0000a0fc        0xe contiki-z1.a(uip-ds6-nbr.o)
                0x0000a0fc                uip_ds6_neighbors_init
 .any.text.uip_ds6_nbr_add
                0x0000a10a       0x54 contiki-z1.a(uip-ds6-nbr.o)
                0x0000a10a                uip_ds6_nbr_add
 .any.text.uip_ds6_nbr_get_ll
                0x0000a15e        0xc contiki-z1.a(uip-ds6-nbr.o)
                0x0000a15e                uip_ds6_nbr_get_ll
 .any.text.uip_ds6_nbr_lookup
                0x0000a16a       0x3e contiki-z1.a(uip-ds6-nbr.o)
                0x0000a16a                uip_ds6_nbr_lookup
 .any.text.uip_ds6_nbr_ll_lookup
                0x0000a1a8        0xc contiki-z1.a(uip-ds6-nbr.o)
                0x0000a1a8                uip_ds6_nbr_ll_lookup
 .any.text.uip_ds6_nbr_ipaddr_from_lladdr
                0x0000a1b4        0x6 contiki-z1.a(uip-ds6-nbr.o)
                0x0000a1b4                uip_ds6_nbr_ipaddr_from_lladdr
 .any.text.uip_ds6_nbr_lladdr_from_ipaddr
                0x0000a1ba       0x12 contiki-z1.a(uip-ds6-nbr.o)
                0x0000a1ba                uip_ds6_nbr_lladdr_from_ipaddr
 .any.text.uip_ds6_link_neighbor_callback
                0x0000a1cc       0x26 contiki-z1.a(uip-ds6-nbr.o)
                0x0000a1cc                uip_ds6_link_neighbor_callback
 .any.text.uip_ds6_neighbor_periodic
                0x0000a1f2       0x5c contiki-z1.a(uip-ds6-nbr.o)
                0x0000a1f2                uip_ds6_neighbor_periodic
 .any.text.uip_nd6_init
                0x0000a24e        0x2 contiki-z1.a(uip-nd6.o)
                0x0000a24e                uip_nd6_init
 .any.text.clear_fragments
                0x0000a250       0x38 contiki-z1.a(sicslowpan.o)
 .any.text.set_packet_attrs
                0x0000a288       0x46 contiki-z1.a(sicslowpan.o)
 .any.text.addr_context_lookup_by_number
                0x0000a2ce       0x30 contiki-z1.a(sicslowpan.o)
 .any.text.compress_addr_64
                0x0000a2fe       0x9a contiki-z1.a(sicslowpan.o)
 .any.text.store_fragment
                0x0000a398       0x6e contiki-z1.a(sicslowpan.o)
 .any.text.uncompress_addr
                0x0000a406       0x96 contiki-z1.a(sicslowpan.o)
 .any.text.sicslowpan_init
                0x0000a49c       0x26 contiki-z1.a(sicslowpan.o)
                0x0000a49c                sicslowpan_init
 .any.text.addr_context_lookup_by_prefix
                0x0000a4c2       0x4a contiki-z1.a(sicslowpan.o)
 .any.text.packet_sent
                0x0000a50c       0x22 contiki-z1.a(sicslowpan.o)
 .any.text.add_fragment
                0x0000a52e      0x160 contiki-z1.a(sicslowpan.o)
 .any.text.input
                0x0000a68e      0x606 contiki-z1.a(sicslowpan.o)
 .any.text.send_packet
                0x0000ac94       0x1a contiki-z1.a(sicslowpan.o)
 .any.text.output
                0x0000acae      0x680 contiki-z1.a(sicslowpan.o)
 .any.text.uip_debug_ipaddr_print
                0x0000b32e       0xbc contiki-z1.a(uip-debug.o)
                0x0000b32e                uip_debug_ipaddr_print
 .any.text.call_event
                0x0000b3ea       0x1a contiki-z1.a(tcp-socket.o)
 .any.text.relisten
                0x0000b404       0x10 contiki-z1.a(tcp-socket.o)
 .any.text.newdata
                0x0000b414       0x54 contiki-z1.a(tcp-socket.o)
 .any.text.senddata
                0x0000b468       0x2e contiki-z1.a(tcp-socket.o)
 .any.text.process_thread_tcp_socket_process
                0x0000b496      0x1fe contiki-z1.a(tcp-socket.o)
 .any.text.tcp_socket_register
                0x0000b694       0x72 contiki-z1.a(tcp-socket.o)
                0x0000b694                tcp_socket_register
 .any.text.tcp_socket_connect
                0x0000b706       0x4a contiki-z1.a(tcp-socket.o)
                0x0000b706                tcp_socket_connect
 .any.text.tcp_socket_unlisten
                0x0000b750       0x34 contiki-z1.a(tcp-socket.o)
                0x0000b750                tcp_socket_unlisten
 .any.text.tcp_socket_send
                0x0000b784       0x42 contiki-z1.a(tcp-socket.o)
                0x0000b784                tcp_socket_send
 .any.text.tcp_socket_close
                0x0000b7c6       0x10 contiki-z1.a(tcp-socket.o)
                0x0000b7c6                tcp_socket_close
 .any.text.tcp_socket_unregister
                0x0000b7d6       0x2e contiki-z1.a(tcp-socket.o)
                0x0000b7d6                tcp_socket_unregister
 .any.text.uiplib_ip6addrconv
                0x0000b804       0xfa contiki-z1.a(uiplib.o)
                0x0000b804                uiplib_ip6addrconv
 .any.text.start_periodic_tcp_timer
                0x0000b8fe       0x16 contiki-z1.a(tcpip.o)
 .any.text.tcpip_output
                0x0000b914       0x10 contiki-z1.a(tcpip.o)
                0x0000b914                tcpip_output
 .any.text.tcpip_set_outputfunc
                0x0000b924        0x6 contiki-z1.a(tcpip.o)
                0x0000b924                tcpip_set_outputfunc
 .any.text.tcp_unlisten
                0x0000b92a       0x32 contiki-z1.a(tcpip.o)
                0x0000b92a                tcp_unlisten
 .any.text.tcp_attach
                0x0000b95c        0xc contiki-z1.a(tcpip.o)
                0x0000b95c                tcp_attach
 .any.text.tcpip_input
                0x0000b968       0x16 contiki-z1.a(tcpip.o)
                0x0000b968                tcpip_input
 .any.text.tcpip_ipv6_output
                0x0000b97e       0xce contiki-z1.a(tcpip.o)
                0x0000b97e                tcpip_ipv6_output
 .any.text.process_thread_tcpip_process
                0x0000ba4c      0x1ba contiki-z1.a(tcpip.o)
 .any.text.tcpip_poll_tcp
                0x0000bc06        0xe contiki-z1.a(tcpip.o)
                0x0000bc06                tcpip_poll_tcp
 .any.text.tcp_connect
                0x0000bc14       0x22 contiki-z1.a(tcpip.o)
                0x0000bc14                tcp_connect
 .any.text.tcpip_uipcall
                0x0000bc36       0x70 contiki-z1.a(tcpip.o)
                0x0000bc36                tcpip_uipcall
 .any.text.lollipop_greater_than
                0x0000bca6       0x3c contiki-z1.a(rpl-dag.o)
 .any.text.find_parent_any_dag_any_instance
                0x0000bce2       0x14 contiki-z1.a(rpl-dag.o)
 .any.text.rpl_set_preferred_parent
                0x0000bcf6       0x2c contiki-z1.a(rpl-dag.o)
 .any.text.set_ip_from_prefix
                0x0000bd22       0x30 contiki-z1.a(rpl-dag.o)
 .any.text.check_prefix
                0x0000bd52       0x70 contiki-z1.a(rpl-dag.o)
 .any.text.rpl_get_nbr
                0x0000bdc2       0x1e contiki-z1.a(rpl-dag.o)
                0x0000bdc2                rpl_get_nbr
 .any.text.rpl_dag_init
                0x0000bde0        0xe contiki-z1.a(rpl-dag.o)
                0x0000bde0                rpl_dag_init
 .any.text.rpl_get_parent
                0x0000bdee        0xc contiki-z1.a(rpl-dag.o)
                0x0000bdee                rpl_get_parent
 .any.text.rpl_get_parent_ipaddr
                0x0000bdfa       0x10 contiki-z1.a(rpl-dag.o)
                0x0000bdfa                rpl_get_parent_ipaddr
 .any.text.rpl_set_prefix
                0x0000be0a       0x74 contiki-z1.a(rpl-dag.o)
                0x0000be0a                rpl_set_prefix
 .any.text.rpl_set_default_route
                0x0000be7e       0x60 contiki-z1.a(rpl-dag.o)
                0x0000be7e                rpl_set_default_route
 .any.text.rpl_alloc_instance
                0x0000bede       0x34 contiki-z1.a(rpl-dag.o)
                0x0000bede                rpl_alloc_instance
 .any.text.rpl_add_parent
                0x0000bf12       0x4e contiki-z1.a(rpl-dag.o)
                0x0000bf12                rpl_add_parent
 .any.text.rpl_find_parent
                0x0000bf60       0x1a contiki-z1.a(rpl-dag.o)
                0x0000bf60                rpl_find_parent
 .any.text.rpl_find_parent_any_dag
                0x0000bf7a       0x22 contiki-z1.a(rpl-dag.o)
                0x0000bf7a                rpl_find_parent_any_dag
 .any.text.rpl_select_parent
                0x0000bf9c       0x74 contiki-z1.a(rpl-dag.o)
                0x0000bf9c                rpl_select_parent
 .any.text.rpl_select_dag
                0x0000c010      0x190 contiki-z1.a(rpl-dag.o)
                0x0000c010                rpl_select_dag
 .any.text.rpl_nullify_parent
                0x0000c1a0       0x4e contiki-z1.a(rpl-dag.o)
                0x0000c1a0                rpl_nullify_parent
 .any.text.rpl_remove_parent
                0x0000c1ee       0x16 contiki-z1.a(rpl-dag.o)
                0x0000c1ee                rpl_remove_parent
 .any.text.nbr_callback
                0x0000c204        0x6 contiki-z1.a(rpl-dag.o)
 .any.text.remove_parents.constprop.5
                0x0000c20a       0x2c contiki-z1.a(rpl-dag.o)
 .any.text.rpl_free_dag
                0x0000c236       0x34 contiki-z1.a(rpl-dag.o)
                0x0000c236                rpl_free_dag
 .any.text.rpl_move_parent
                0x0000c26a       0x52 contiki-z1.a(rpl-dag.o)
                0x0000c26a                rpl_move_parent
 .any.text.rpl_get_any_dag
                0x0000c2bc       0x16 contiki-z1.a(rpl-dag.o)
                0x0000c2bc                rpl_get_any_dag
 .any.text.rpl_get_instance
                0x0000c2d2       0x16 contiki-z1.a(rpl-dag.o)
                0x0000c2d2                rpl_get_instance
 .any.text.rpl_alloc_dag
                0x0000c2e8       0x60 contiki-z1.a(rpl-dag.o)
                0x0000c2e8                rpl_alloc_dag
 .any.text.rpl_repair_root
                0x0000c348       0x4c contiki-z1.a(rpl-dag.o)
                0x0000c348                rpl_repair_root
 .any.text.rpl_find_of
                0x0000c394       0x10 contiki-z1.a(rpl-dag.o)
                0x0000c394                rpl_find_of
 .any.text.rpl_join_instance
                0x0000c3a4      0x122 contiki-z1.a(rpl-dag.o)
                0x0000c3a4                rpl_join_instance
 .any.text.rpl_local_repair
                0x0000c4c6       0x62 contiki-z1.a(rpl-dag.o)
                0x0000c4c6                rpl_local_repair
 .any.text.rpl_process_parent_event
                0x0000c528       0x6a contiki-z1.a(rpl-dag.o)
                0x0000c528                rpl_process_parent_event
 .any.text.rpl_recalculate_ranks
                0x0000c592       0x44 contiki-z1.a(rpl-dag.o)
                0x0000c592                rpl_recalculate_ranks
 .any.text.rpl_add_dag
                0x0000c5d6      0x10a contiki-z1.a(rpl-dag.o)
                0x0000c5d6                rpl_add_dag
 .any.text.rpl_process_dio
                0x0000c6e0      0x318 contiki-z1.a(rpl-dag.o)
                0x0000c6e0                rpl_process_dio
 .any.text.new_dio_interval
                0x0000c9f8       0x8a contiki-z1.a(rpl-timers.o)
 .any.text.handle_unicast_dio_timer
                0x0000ca82       0x1c contiki-z1.a(rpl-timers.o)
 .any.text.set_dao_lifetime_timer
                0x0000ca9e       0x66 contiki-z1.a(rpl-timers.o)
 .any.text.handle_periodic_timer
                0x0000cb04       0x32 contiki-z1.a(rpl-timers.o)
 .any.text.schedule_dao
                0x0000cb36       0x72 contiki-z1.a(rpl-timers.o)
 .any.text.handle_dio_timer
                0x0000cba8       0x88 contiki-z1.a(rpl-timers.o)
 .any.text.handle_dao_timer
                0x0000cc30       0x64 contiki-z1.a(rpl-timers.o)
 .any.text.rpl_reset_periodic_timer
                0x0000cc94       0x54 contiki-z1.a(rpl-timers.o)
                0x0000cc94                rpl_reset_periodic_timer
 .any.text.rpl_reset_dio_timer
                0x0000cce8       0x18 contiki-z1.a(rpl-timers.o)
                0x0000cce8                rpl_reset_dio_timer
 .any.text.rpl_schedule_dao
                0x0000cd00        0xc contiki-z1.a(rpl-timers.o)
                0x0000cd00                rpl_schedule_dao
 .any.text.rpl_schedule_unicast_dio_immediately
                0x0000cd0c       0x16 contiki-z1.a(rpl-timers.o)
                0x0000cd0c                rpl_schedule_unicast_dio_immediately
 .any.text.rpl_schedule_probing
                0x0000cd22       0x34 contiki-z1.a(rpl-timers.o)
                0x0000cd22                rpl_schedule_probing
 .any.text.handle_probing_timer
                0x0000cd56      0x108 contiki-z1.a(rpl-timers.o)
 .any.text.rpl_verify_header
                0x0000ce5e       0xfa contiki-z1.a(rpl-ext-header.)
                0x0000ce5e                rpl_verify_header
 .any.text.rpl_update_header_empty
                0x0000cf58      0x12a contiki-z1.a(rpl-ext-header.)
                0x0000cf58                rpl_update_header_empty
 .any.text.rpl_update_header_final
                0x0000d082       0x8e contiki-z1.a(rpl-ext-header.)
                0x0000d082                rpl_update_header_final
 .any.text.rpl_invert_header
                0x0000d110       0x74 contiki-z1.a(rpl-ext-header.)
                0x0000d110                rpl_invert_header
 .any.text.rpl_insert_header
                0x0000d184       0x12 contiki-z1.a(rpl-ext-header.)
                0x0000d184                rpl_insert_header
 .any.text.rpl_get_mode
                0x0000d196        0x6 contiki-z1.a(rpl.o)
                0x0000d196                rpl_get_mode
 .any.text.rpl_purge_routes
                0x0000d19c       0x96 contiki-z1.a(rpl.o)
                0x0000d19c                rpl_purge_routes
 .any.text.rpl_remove_routes
                0x0000d232       0x22 contiki-z1.a(rpl.o)
                0x0000d232                rpl_remove_routes
 .any.text.rpl_remove_routes_by_nexthop
                0x0000d254       0x3e contiki-z1.a(rpl.o)
                0x0000d254                rpl_remove_routes_by_nexthop
 .any.text.rpl_add_route
                0x0000d292       0x48 contiki-z1.a(rpl.o)
                0x0000d292                rpl_add_route
 .any.text.rpl_link_neighbor_callback
                0x0000d2da       0x74 contiki-z1.a(rpl.o)
                0x0000d2da                rpl_link_neighbor_callback
 .any.text.rpl_ipv6_neighbor_callback
                0x0000d34e       0x1e contiki-z1.a(rpl.o)
                0x0000d34e                rpl_ipv6_neighbor_callback
 .any.text.rpl_purge_dags
                0x0000d36c       0x60 contiki-z1.a(rpl.o)
                0x0000d36c                rpl_purge_dags
 .any.text.rpl_init
                0x0000d3cc       0x4a contiki-z1.a(rpl.o)
                0x0000d3cc                rpl_init
 .any.text.reset
                0x0000d416        0x2 contiki-z1.a(rpl-mrhof.o)
 .any.text.update_metric_container
                0x0000d418        0x6 contiki-z1.a(rpl-mrhof.o)
 .any.text.calculate_rank
                0x0000d41e       0x3e contiki-z1.a(rpl-mrhof.o)
 .any.text.neighbor_link_callback
                0x0000d45c       0x8c contiki-z1.a(rpl-mrhof.o)
 .any.text.best_dag
                0x0000d4e8       0x2e contiki-z1.a(rpl-mrhof.o)
 .any.text.best_parent
                0x0000d516       0x66 contiki-z1.a(rpl-mrhof.o)
 .any.text.queuebuf_init
                0x0000d57c       0x12 contiki-z1.a(queuebuf.o)
                0x0000d57c                queuebuf_init
 .any.text.queuebuf_numfree
                0x0000d58e        0xa contiki-z1.a(queuebuf.o)
                0x0000d58e                queuebuf_numfree
 .any.text.queuebuf_new_from_packetbuf
                0x0000d598       0x4e contiki-z1.a(queuebuf.o)
                0x0000d598                queuebuf_new_from_packetbuf
 .any.text.queuebuf_update_attr_from_packetbuf
                0x0000d5e6       0x12 contiki-z1.a(queuebuf.o)
                0x0000d5e6                queuebuf_update_attr_from_packetbuf
 .any.text.queuebuf_free
                0x0000d5f8       0x2a contiki-z1.a(queuebuf.o)
                0x0000d5f8                queuebuf_free
 .any.text.queuebuf_to_packetbuf
                0x0000d622       0x32 contiki-z1.a(queuebuf.o)
                0x0000d622                queuebuf_to_packetbuf
 .any.text.queuebuf_attr
                0x0000d654        0xe contiki-z1.a(queuebuf.o)
                0x0000d654                queuebuf_attr
 .any.text.item_from_index
                0x0000d662       0x2a contiki-z1.a(nbr-table.o)
 .any.text.index_from_key
                0x0000d68c       0x26 contiki-z1.a(nbr-table.o)
 .any.text.index_from_item
                0x0000d6b2       0x1e contiki-z1.a(nbr-table.o)
 .any.text.nbr_set_bit
                0x0000d6d0       0x50 contiki-z1.a(nbr-table.o)
 .any.text.index_from_lladdr
                0x0000d720       0x3e contiki-z1.a(nbr-table.o)
 .any.text.nbr_get_bit.constprop.0
                0x0000d75e       0x2c contiki-z1.a(nbr-table.o)
 .any.text.nbr_table_register
                0x0000d78a       0x26 contiki-z1.a(nbr-table.o)
                0x0000d78a                nbr_table_register
 .any.text.nbr_table_next
                0x0000d7b0       0x4c contiki-z1.a(nbr-table.o)
                0x0000d7b0                nbr_table_next
 .any.text.nbr_table_head
                0x0000d7fc       0x36 contiki-z1.a(nbr-table.o)
                0x0000d7fc                nbr_table_head
 .any.text.nbr_table_add_lladdr
                0x0000d832      0x110 contiki-z1.a(nbr-table.o)
                0x0000d832                nbr_table_add_lladdr
 .any.text.nbr_table_get_from_lladdr
                0x0000d942       0x28 contiki-z1.a(nbr-table.o)
                0x0000d942                nbr_table_get_from_lladdr
 .any.text.nbr_table_remove
                0x0000d96a       0x2a contiki-z1.a(nbr-table.o)
                0x0000d96a                nbr_table_remove
 .any.text.nbr_table_lock
                0x0000d994       0x10 contiki-z1.a(nbr-table.o)
                0x0000d994                nbr_table_lock
 .any.text.nbr_table_unlock
                0x0000d9a4       0x10 contiki-z1.a(nbr-table.o)
                0x0000d9a4                nbr_table_unlock
 .any.text.nbr_table_get_lladdr
                0x0000d9b4       0x20 contiki-z1.a(nbr-table.o)
                0x0000d9b4                nbr_table_get_lladdr
 .any.text.packetbuf_copyto
                0x0000d9d4       0x46 contiki-z1.a(packetbuf.o)
                0x0000d9d4                packetbuf_copyto
 .any.text.packetbuf_hdrreduce
                0x0000da1a       0x1a contiki-z1.a(packetbuf.o)
                0x0000da1a                packetbuf_hdrreduce
 .any.text.packetbuf_set_datalen
                0x0000da34        0x6 contiki-z1.a(packetbuf.o)
                0x0000da34                packetbuf_set_datalen
 .any.text.packetbuf_dataptr
                0x0000da3a        0xe contiki-z1.a(packetbuf.o)
                0x0000da3a                packetbuf_dataptr
 .any.text.packetbuf_hdrptr
                0x0000da48        0xa contiki-z1.a(packetbuf.o)
                0x0000da48                packetbuf_hdrptr
 .any.text.packetbuf_datalen
                0x0000da52        0x6 contiki-z1.a(packetbuf.o)
                0x0000da52                packetbuf_datalen
 .any.text.packetbuf_hdrlen
                0x0000da58       0x10 contiki-z1.a(packetbuf.o)
                0x0000da58                packetbuf_hdrlen
 .any.text.packetbuf_totlen
                0x0000da68        0xc contiki-z1.a(packetbuf.o)
                0x0000da68                packetbuf_totlen
 .any.text.packetbuf_hdralloc
                0x0000da74       0x2a contiki-z1.a(packetbuf.o)
                0x0000da74                packetbuf_hdralloc
 .any.text.packetbuf_attr_clear
                0x0000da9e       0x28 contiki-z1.a(packetbuf.o)
                0x0000da9e                packetbuf_attr_clear
 .any.text.packetbuf_clear
                0x0000dac6       0x1a contiki-z1.a(packetbuf.o)
                0x0000dac6                packetbuf_clear
 .any.text.packetbuf_copyfrom
                0x0000dae0       0x2a contiki-z1.a(packetbuf.o)
                0x0000dae0                packetbuf_copyfrom
 .any.text.packetbuf_attr_copyto
                0x0000db0a       0x22 contiki-z1.a(packetbuf.o)
                0x0000db0a                packetbuf_attr_copyto
 .any.text.packetbuf_attr_copyfrom
                0x0000db2c       0x24 contiki-z1.a(packetbuf.o)
                0x0000db2c                packetbuf_attr_copyfrom
 .any.text.packetbuf_holds_broadcast
                0x0000db50        0xe contiki-z1.a(packetbuf.o)
                0x0000db50                packetbuf_holds_broadcast
 .any.text.linkaddr_copy
                0x0000db5e        0x8 contiki-z1.a(linkaddr.o)
                0x0000db5e                linkaddr_copy
 .any.text.linkaddr_cmp
                0x0000db66       0x12 contiki-z1.a(linkaddr.o)
                0x0000db66                linkaddr_cmp
 .any.text.linkaddr_set_node_addr
                0x0000db78        0xc contiki-z1.a(linkaddr.o)
                0x0000db78                linkaddr_set_node_addr
 .any.text.create_frame.isra.0
                0x0000db84      0x114 contiki-z1.a(framer-802154.o)
 .any.text.create
                0x0000dc98        0x8 contiki-z1.a(framer-802154.o)
 .any.text.hdr_length
                0x0000dca0        0x8 contiki-z1.a(framer-802154.o)
 .any.text.parse
                0x0000dca8       0x9a contiki-z1.a(framer-802154.o)
 .any.text.input_packet
                0x0000dd42        0x6 contiki-z1.a(csma.o)
 .any.text.on   0x0000dd48        0x6 contiki-z1.a(csma.o)
 .any.text.off  0x0000dd4e        0x6 contiki-z1.a(csma.o)
 .any.text.channel_check_interval
                0x0000dd54       0x10 contiki-z1.a(csma.o)
 .any.text.transmit_packet_list
                0x0000dd64       0x24 contiki-z1.a(csma.o)
 .any.text.init
                0x0000dd88       0x1a contiki-z1.a(csma.o)
 .any.text.send_packet
                0x0000dda2      0x16e contiki-z1.a(csma.o)
 .any.text.free_packet
                0x0000df10       0xa0 contiki-z1.a(csma.o)
 .any.text.packet_sent
                0x0000dfb0      0x116 contiki-z1.a(csma.o)
 .any.text.on   0x0000e0c6        0x6 contiki-z1.a(nullrdc.o)
 .any.text.channel_check_interval
                0x0000e0cc        0x4 contiki-z1.a(nullrdc.o)
 .any.text.init
                0x0000e0d0        0x6 contiki-z1.a(nullrdc.o)
 .any.text.off  0x0000e0d6       0x10 contiki-z1.a(nullrdc.o)
 .any.text.packet_input
                0x0000e0e6       0x28 contiki-z1.a(nullrdc.o)
 .any.text.send_one_packet
                0x0000e10e       0x62 contiki-z1.a(nullrdc.o)
 .any.text.send_list
                0x0000e170       0x28 contiki-z1.a(nullrdc.o)
 .any.text.send_packet
                0x0000e198        0x6 contiki-z1.a(nullrdc.o)
 .any.text.init
                0x0000e19e        0x2 contiki-z1.a(nullsec.o)
 .any.text.send
                0x0000e1a0        0xa contiki-z1.a(nullsec.o)
 .any.text.input
                0x0000e1aa        0x6 contiki-z1.a(nullsec.o)
 .any.text.i2c_receiveinit
                0x0000e1b0       0x36 contiki-z1.a(i2cmaster.o)
                0x0000e1b0                i2c_receiveinit
 .any.text.i2c_transmitinit
                0x0000e1e6       0x30 contiki-z1.a(i2cmaster.o)
                0x0000e1e6                i2c_transmitinit
 .any.text.i2c_receive_n
                0x0000e216       0x3e contiki-z1.a(i2cmaster.o)
                0x0000e216                i2c_receive_n
 .any.text.i2c_busy
                0x0000e254        0xa contiki-z1.a(i2cmaster.o)
                0x0000e254                i2c_busy
 .any.text.i2c_enable
                0x0000e25e       0x22 contiki-z1.a(i2cmaster.o)
                0x0000e25e                i2c_enable
 .any.text.i2c_transmit_n
                0x0000e280       0x14 contiki-z1.a(i2cmaster.o)
                0x0000e280                i2c_transmit_n
 .any.text.stimer_set
                0x0000e294       0x1c contiki-z1.a(stimer.o)
                0x0000e294                stimer_set
 .any.text.stimer_expired
                0x0000e2b0       0x30 contiki-z1.a(stimer.o)
                0x0000e2b0                stimer_expired
 .any.text.echo_reply_input
                0x0000e2e0      0x10c contiki-z1.a(uip-icmp6.o)
 .any.text.echo_request_input
                0x0000e3ec      0x128 contiki-z1.a(uip-icmp6.o)
 .any.text.uip_icmp6_input
                0x0000e514       0x44 contiki-z1.a(uip-icmp6.o)
                0x0000e514                uip_icmp6_input
 .any.text.uip_icmp6_register_input_handler
                0x0000e558        0xc contiki-z1.a(uip-icmp6.o)
                0x0000e558                uip_icmp6_register_input_handler
 .any.text.uip_icmp6_error_output
                0x0000e564      0x170 contiki-z1.a(uip-icmp6.o)
                0x0000e564                uip_icmp6_error_output
 .any.text.uip_icmp6_send
                0x0000e6d4       0x84 contiki-z1.a(uip-icmp6.o)
                0x0000e6d4                uip_icmp6_send
 .any.text.uip_icmp6_init
                0x0000e758       0x12 contiki-z1.a(uip-icmp6.o)
                0x0000e758                uip_icmp6_init
 .any.text.get32
                0x0000e76a       0x3e contiki-z1.a(rpl-icmp6.o)
 .any.text.set32
                0x0000e7a8       0x2a contiki-z1.a(rpl-icmp6.o)
 .any.text.get16
                0x0000e7d2        0xe contiki-z1.a(rpl-icmp6.o)
 .any.text.set16
                0x0000e7e0       0x10 contiki-z1.a(rpl-icmp6.o)
 .any.text.dao_ack_input
                0x0000e7f0        0xa contiki-z1.a(rpl-icmp6.o)
 .any.text.dio_input
                0x0000e7fa      0x2b4 contiki-z1.a(rpl-icmp6.o)
 .any.text.dis_output
                0x0000eaae       0x50 contiki-z1.a(rpl-icmp6.o)
                0x0000eaae                dis_output
 .any.text.dio_output
                0x0000eafe      0x242 contiki-z1.a(rpl-icmp6.o)
                0x0000eafe                dio_output
 .any.text.dis_input
                0x0000ed40       0x2c contiki-z1.a(rpl-icmp6.o)
 .any.text.dao_output_target
                0x0000ed6c       0xce contiki-z1.a(rpl-icmp6.o)
                0x0000ed6c                dao_output_target
 .any.text.dao_output
                0x0000ee3a       0x68 contiki-z1.a(rpl-icmp6.o)
                0x0000ee3a                dao_output
 .any.text.dao_ack_output
                0x0000eea2       0x32 contiki-z1.a(rpl-icmp6.o)
                0x0000eea2                dao_ack_output
 .any.text.dao_input
                0x0000eed4      0x23a contiki-z1.a(rpl-icmp6.o)
 .any.text.rpl_icmp6_register_handlers
                0x0000f10e       0x22 contiki-z1.a(rpl-icmp6.o)
                0x0000f10e                rpl_icmp6_register_handlers
 .any.text.frame802154_get_pan_id
                0x0000f130        0x6 contiki-z1.a(frame802154.o)
                0x0000f130                frame802154_get_pan_id
 .any.text.frame802154_has_panid
                0x0000f136       0x64 contiki-z1.a(frame802154.o)
                0x0000f136                frame802154_has_panid
 .any.text.field_len
                0x0000f19a       0xa8 contiki-z1.a(frame802154.o)
 .any.text.frame802154_is_broadcast_addr
                0x0000f242       0x28 contiki-z1.a(frame802154.o)
                0x0000f242                frame802154_is_broadcast_addr
 .any.text.frame802154_hdrlen
                0x0000f26a       0x32 contiki-z1.a(frame802154.o)
                0x0000f26a                frame802154_hdrlen
 .any.text.frame802154_create
                0x0000f29c      0x136 contiki-z1.a(frame802154.o)
                0x0000f29c                frame802154_create
 .any.text.frame802154_parse
                0x0000f3d2      0x1be contiki-z1.a(frame802154.o)
                0x0000f3d2                frame802154_parse

.rodata         0x0000f590      0x8d3
                0x0000f590                . = ALIGN (0x2)
 *(.rodata .rodata.* .gnu.linkonce.r.*)
 .rodata.mqtt_event
                0x0000f590      0x1fc mqtt-demo.co
 .rodata.ipaddr_sprintf
                0x0000f78c        0x8 mqtt-demo.co
 .rodata.process_thread_mqtt_demo_process
                0x0000f794      0x2a4 mqtt-demo.co
 .rodata        0x0000fa38        0xa mqtt-demo.co
 .rodata.autostart_processes
                0x0000fa42        0x4 mqtt-demo.co
                0x0000fa42                autostart_processes
 .rodata        0x0000fa46      0x115 obj_z1/contiki-z1-main.o
 .rodata.process_thread_mqtt_process
                0x0000fb5b        0x7 contiki-z1.a(mqtt.o)
 .rodata        0x0000fb62        0xd contiki-z1.a(mqtt.o)
 *fill*         0x0000fb6f        0x1 00
 .rodata.get_value
                0x0000fb70       0x44 contiki-z1.a(cc2420.o)
 .rodata.set_value
                0x0000fbb4       0x20 contiki-z1.a(cc2420.o)
 .rodata.cc2420_driver
                0x0000fbd4       0x38 contiki-z1.a(cc2420.o)
                0x0000fbd4                cc2420_driver
 .rodata        0x0000fc0c        0xe contiki-z1.a(cc2420.o)
 .rodata.output_power
                0x0000fc1a       0x10 contiki-z1.a(cc2420.o)
 .rodata        0x0000fc2a        0x8 contiki-z1.a(sensors.o)
 .rodata        0x0000fc32        0x7 contiki-z1.a(button-sensor.o)
 *fill*         0x0000fc39        0x1 00
 .rodata.button_sensor
                0x0000fc3a        0xe contiki-z1.a(button-sensor.o)
                0x0000fc3a                button_sensor
 .rodata        0x0000fc48       0x25 contiki-z1.a(adxl345.o)
 *fill*         0x0000fc6d        0x1 00
 .rodata.adxl345
                0x0000fc6e        0xe contiki-z1.a(adxl345.o)
                0x0000fc6e                adxl345
 .rodata        0x0000fc7c        0xe contiki-z1.a(tmp102.o)
 .rodata.tmp102
                0x0000fc8a        0xe contiki-z1.a(tmp102.o)
                0x0000fc8a                tmp102
 .rodata        0x0000fc98        0xf contiki-z1.a(ctimer.o)
 .rodata        0x0000fca7        0xc contiki-z1.a(etimer.o)
 *fill*         0x0000fcb3        0x1 00
 .rodata.uip_process
                0x0000fcb4       0x40 contiki-z1.a(uip6.o)
 .rodata        0x0000fcf4        0xb contiki-z1.a(sicslowpan.o)
 *fill*         0x0000fcff        0x1 00
 .rodata.sicslowpan_driver
                0x0000fd00        0xa contiki-z1.a(sicslowpan.o)
                0x0000fd00                sicslowpan_driver
 .rodata.llprefix
                0x0000fd0a        0x2 contiki-z1.a(sicslowpan.o)
                0x0000fd0a                llprefix
 .rodata.unc_mxconf
                0x0000fd0c        0x4 contiki-z1.a(sicslowpan.o)
                0x0000fd0c                unc_mxconf
 .rodata.unc_ctxconf
                0x0000fd10        0x4 contiki-z1.a(sicslowpan.o)
                0x0000fd10                unc_ctxconf
 .rodata.unc_llconf
                0x0000fd14        0x4 contiki-z1.a(sicslowpan.o)
                0x0000fd14                unc_llconf
 .rodata.ttl_values
                0x0000fd18        0x4 contiki-z1.a(sicslowpan.o)
 .rodata.uip_debug_ipaddr_print
                0x0000fd1c       0x28 contiki-z1.a(uip-debug.o)
 .rodata.newdata
                0x0000fd44       0x32 contiki-z1.a(tcp-socket.o)
 .rodata.process_thread_tcp_socket_process
                0x0000fd76       0x54 contiki-z1.a(tcp-socket.o)
 .rodata        0x0000fdca       0x13 contiki-z1.a(tcp-socket.o)
 .rodata        0x0000fddd        0xd contiki-z1.a(tcpip.o)
 .rodata.linkaddr_null
                0x0000fdea        0x8 contiki-z1.a(linkaddr.o)
                0x0000fdea                linkaddr_null
 .rodata.framer_802154
                0x0000fdf2        0xc contiki-z1.a(framer-802154.o)
                0x0000fdf2                framer_802154
 .rodata        0x0000fdfe        0x5 contiki-z1.a(csma.o)
 *fill*         0x0000fe03        0x1 00
 .rodata.csma_driver
                0x0000fe04       0x1a contiki-z1.a(csma.o)
                0x0000fe04                csma_driver
 .rodata        0x0000fe1e        0x8 contiki-z1.a(nullrdc.o)
 .rodata.nullrdc_driver
                0x0000fe26       0x1e contiki-z1.a(nullrdc.o)
                0x0000fe26                nullrdc_driver
 .rodata        0x0000fe44        0x8 contiki-z1.a(nullsec.o)
 .rodata.nullsec_driver
                0x0000fe4c        0xe contiki-z1.a(nullsec.o)
                0x0000fe4c                nullsec_driver
 .rodata.CSWTCH.16
                0x0000fe5a        0x2 contiki-z1.a(frame802154.o)
 .rodata.vuprintf
                0x0000fe5c        0x7 /home/jorg/msp430-47/bin/../lib/gcc/msp430/4.7.0/../../../../msp430/lib/mcpu-430x/mmpy-16/msr20/mc20/libc.a(vuprintf.o)
 *(.near.rodata .near.rodata.*)
                0x0000fe64                . = ALIGN (0x2)
                0x0000fe64                _etext = .

.data           0x00001100      0x14e load address 0x0000fe64
                0x00001100                . = ALIGN (0x2)
                0x00001100                __data_start = .
 *(.data .data.* .gnu.linkonce.d.*)
 .data.mqtt_demo_process
                0x00001100        0xc mqtt-demo.co
                0x00001100                mqtt_demo_process
 .data.mqtt_process
                0x0000110c        0xc contiki-z1.a(mqtt.o)
                0x0000110c                mqtt_process
 .data.cur_break
                0x00001118        0x2 contiki-z1.a(msp430.o)
 .data.cc2420_process
                0x0000111a        0xc contiki-z1.a(cc2420.o)
                0x0000111a                cc2420_process
 .data.send_on_cca
                0x00001126        0x1 contiki-z1.a(cc2420.o)
 *fill*         0x00001127        0x1 00
 .data.sensors_process
                0x00001128        0xc contiki-z1.a(sensors.o)
                0x00001128                sensors_process
 .data.sensors  0x00001134        0x8 contiki-z1.a(z1-sensors.o)
                0x00001134                sensors
 .data.accmeter_process
                0x0000113c        0xc contiki-z1.a(adxl345.o)
                0x0000113c                accmeter_process
 .data.adxl345_default_settings
                0x00001148       0x16 contiki-z1.a(adxl345.o)
 .data.ctimer_process
                0x0000115e        0xc contiki-z1.a(ctimer.o)
                0x0000115e                ctimer_process
 .data.etimer_process
                0x0000116a        0xc contiki-z1.a(etimer.o)
                0x0000116a                etimer_process
 .data.nbr_routes
                0x00001176        0x2 contiki-z1.a(uip-ds6-route.o)
                0x00001176                nbr_routes
 .data.routememb
                0x00001178        0x8 contiki-z1.a(uip-ds6-route.o)
 .data.defaultroutermemb
                0x00001180        0x8 contiki-z1.a(uip-ds6-route.o)
 .data.neighborroutememb
                0x00001188        0x8 contiki-z1.a(uip-ds6-route.o)
 .data.nbr_routes_struct
                0x00001190        0xa contiki-z1.a(uip-ds6-route.o)
 .data.ds6_neighbors
                0x0000119a        0x2 contiki-z1.a(uip-ds6-nbr.o)
                0x0000119a                ds6_neighbors
 .data.ds6_neighbors_struct
                0x0000119c        0xa contiki-z1.a(uip-ds6-nbr.o)
 .data.tcp_socket_process
                0x000011a6        0xc contiki-z1.a(tcp-socket.o)
                0x000011a6                tcp_socket_process
 .data.tcpip_process
                0x000011b2        0xc contiki-z1.a(tcpip.o)
                0x000011b2                tcpip_process
 .data.rpl_parents
                0x000011be        0x2 contiki-z1.a(rpl-dag.o)
                0x000011be                rpl_parents
 .data.rpl_parents_struct
                0x000011c0        0xa contiki-z1.a(rpl-dag.o)
 .data.rpl_mrhof
                0x000011ca       0x1a contiki-z1.a(rpl-mrhof.o)
                0x000011ca                rpl_mrhof
 .data.buframmem
                0x000011e4        0x8 contiki-z1.a(queuebuf.o)
 .data.bufmem   0x000011ec        0x8 contiki-z1.a(queuebuf.o)
 .data.neighbor_addr_mem
                0x000011f4        0x8 contiki-z1.a(nbr-table.o)
 .data.neighbor_memb
                0x000011fc        0x8 contiki-z1.a(csma.o)
 .data.packet_memb
                0x00001204        0x8 contiki-z1.a(csma.o)
 .data.metadata_memb
                0x0000120c        0x8 contiki-z1.a(csma.o)
 .data.prescale_lsb
                0x00001214        0x1 contiki-z1.a(i2cmaster.o)
                0x00001214                prescale_lsb
 *fill*         0x00001215        0x1 00
 .data.echo_request_handler
                0x00001216        0x8 contiki-z1.a(uip-icmp6.o)
 .data.echo_reply_handler
                0x0000121e        0x8 contiki-z1.a(uip-icmp6.o)
 .data.dao_sequence
                0x00001226        0x1 contiki-z1.a(rpl-icmp6.o)
 *fill*         0x00001227        0x1 00
 .data.dis_handler
                0x00001228        0x8 contiki-z1.a(rpl-icmp6.o)
 .data.dio_handler
                0x00001230        0x8 contiki-z1.a(rpl-icmp6.o)
 .data.dao_handler
                0x00001238        0x8 contiki-z1.a(rpl-icmp6.o)
 .data.dao_ack_handler
                0x00001240        0x8 contiki-z1.a(rpl-icmp6.o)
 .data.mac_pan_id
                0x00001248        0x2 contiki-z1.a(frame802154.o)
 .data.next     0x0000124a        0x4 /home/jorg/msp430-47/bin/../lib/gcc/msp430/4.7.0/../../../../msp430/lib/mcpu-430x/mmpy-16/msr20/mc20/libc.a(rand.o)
 *(.near.data .near.data.*)
                0x0000124e                . = ALIGN (0x2)
                0x0000124e                _edata = .
                0x0000fe64                __data_load_start = LOADADDR (.data)
                0x0000014e                __data_size = SIZEOF (.data)

.bss            0x0000124e     0x1d0a load address 0x0000ffb2
                0x0000124e                __bss_start = .
 *(.bss .bss.*)
 .bss.state     0x0000124e        0x1 mqtt-demo.co
 .bss.connect_attempt
                0x0000124f        0x1 mqtt-demo.co
 .bss.publish_periodic_timer
                0x00001250        0xc mqtt-demo.co
 .bss.conf      0x0000125c       0x6e mqtt-demo.co
 .bss.seq_nr_value
                0x000012ca        0x2 mqtt-demo.co
 .bss.client_id
                0x000012cc       0x18 mqtt-demo.co
 .bss.sub_topic
                0x000012e4       0x18 mqtt-demo.co
 .bss.pub_topic
                0x000012fc       0x18 mqtt-demo.co
 .bss.conn      0x00001314      0x712 mqtt-demo.co
 .bss.ct        0x00001a26       0x16 mqtt-demo.co
 .bss.connection_life
                0x00001a3c        0x8 mqtt-demo.co
 .bss.msg_ptr   0x00001a44        0x2 mqtt-demo.co
 .bss.buf_ptr   0x00001a46        0x2 mqtt-demo.co
 .bss.app_buffer
                0x00001a48      0x100 mqtt-demo.co
 .bss.irq_energest.4225
                0x00001b48        0x4 obj_z1/contiki-z1-main.o
 .bss.inited.5061
                0x00001b4c        0x1 contiki-z1.a(mqtt.o)
 .bss.mqtt_do_connect_tcp_event
                0x00001b4d        0x1 contiki-z1.a(mqtt.o)
 .bss.mqtt_event_min
                0x00001b4e        0x1 contiki-z1.a(mqtt.o)
 .bss.mqtt_do_connect_mqtt_event
                0x00001b4f        0x1 contiki-z1.a(mqtt.o)
 .bss.mqtt_do_disconnect_mqtt_event
                0x00001b50        0x1 contiki-z1.a(mqtt.o)
 .bss.mqtt_do_subscribe_event
                0x00001b51        0x1 contiki-z1.a(mqtt.o)
 .bss.mqtt_do_unsubscribe_event
                0x00001b52        0x1 contiki-z1.a(mqtt.o)
 .bss.mqtt_do_publish_event
                0x00001b53        0x1 contiki-z1.a(mqtt.o)
 .bss.mqtt_do_pingreq_event
                0x00001b54        0x1 contiki-z1.a(mqtt.o)
 .bss.mqtt_abort_now_event
                0x00001b55        0x1 contiki-z1.a(mqtt.o)
 .bss.mqtt_event_max
                0x00001b56        0x1 contiki-z1.a(mqtt.o)
 .bss.mqtt_continue_send_event
                0x00001b57        0x1 contiki-z1.a(mqtt.o)
 .bss.mqtt_conn_list_list
                0x00001b58        0x2 contiki-z1.a(mqtt.o)
 .bss.conn.5029
                0x00001b5a        0x2 contiki-z1.a(mqtt.o)
 .bss.leds      0x00001b5c        0x1 contiki-z1.a(leds.o)
 *fill*         0x00001b5d        0x1 00
 .bss.counter   0x00001b5e        0x2 contiki-z1.a(watchdog.o)
 .bss.poll_mode
                0x00001b60        0x1 contiki-z1.a(cc2420.o)
 *fill*         0x00001b61        0x1 00
 .bss.last_packet_timestamp
                0x00001b62        0x2 contiki-z1.a(cc2420.o)
 .bss.locked    0x00001b64        0x1 contiki-z1.a(cc2420.o)
 .bss.lock_on   0x00001b65        0x1 contiki-z1.a(cc2420.o)
 .bss.lock_off  0x00001b66        0x1 contiki-z1.a(cc2420.o)
 .bss.receive_on
                0x00001b67        0x1 contiki-z1.a(cc2420.o)
 .bss.channel   0x00001b68        0x2 contiki-z1.a(cc2420.o)
 .bss.node_id   0x00001b6a        0x2 contiki-z1.a(node-id.o)
                0x00001b6a                node_id
 .bss.num_sensors
                0x00001b6c        0x1 contiki-z1.a(sensors.o)
 *fill*         0x00001b6d        0x1 00
 .bss.i.2088    0x00001b6e        0x2 contiki-z1.a(sensors.o)
 .bss.events.2089
                0x00001b70        0x2 contiki-z1.a(sensors.o)
 .bss.debouncetimer
                0x00001b72        0x8 contiki-z1.a(button-sensor.o)
 .bss.transmitting
                0x00001b7a        0x1 contiki-z1.a(uart0.o)
 *fill*         0x00001b7b        0x1 00
 .bss.uart0_input_handler
                0x00001b7c        0x4 contiki-z1.a(uart0.o)
 .bss.enabled   0x00001b80        0x1 contiki-z1.a(adxl345.o)
 *fill*         0x00001b81        0x1 00
 .bss.int1_mask
                0x00001b82        0x2 contiki-z1.a(adxl345.o)
 .bss.int2_mask
                0x00001b84        0x2 contiki-z1.a(adxl345.o)
 .bss.suppressTimer1
                0x00001b86        0x8 contiki-z1.a(adxl345.o)
 .bss.suppressTimer2
                0x00001b8e        0x8 contiki-z1.a(adxl345.o)