Archive member included because of file (symbol)

contiki-z1.a(contiki-z1-plat)
                              obj_z1/contiki-z1-main.o (init_platform)
contiki-z1.a(msp430.o)        obj_z1/contiki-z1-main.o (splhigh_)
contiki-z1.a(leds.o)          obj_z1/contiki-z1-main.o (leds_init)
contiki-z1.a(watchdog.o)      obj_z1/contiki-z1-main.o (watchdog_start)
contiki-z1.a(xmem.o)          obj_z1/contiki-z1-main.o (xmem_init)
contiki-z1.a(spi.o)           contiki-z1.a(xmem.o) (spi_init)
contiki-z1.a(cc2420.o)        obj_z1/contiki-z1-main.o (cc2420_set_pan_addr)
contiki-z1.a(cc2420-arch.o)   contiki-z1.a(cc2420.o) (cc2420_arch_init)
contiki-z1.a(node-id.o)       obj_z1/contiki-z1-main.o (node_id_restore)
contiki-z1.a(sensors.o)       contiki-z1.a(contiki-z1-plat) (sensors_process)
contiki-z1.a(uart0.o)         obj_z1/contiki-z1-main.o (uart0_active)
contiki-z1.a(uart0-putchar.o)
                              obj_z1/contiki-z1-main.o (putchar)
contiki-z1.a(z1-sensors.o)    contiki-z1.a(sensors.o) (sensors_flags)
contiki-z1.a(adxl345.o)       obj_z1/contiki-z1-main.o (adxl345)
contiki-z1.a(tmp102.o)        example.co (tmp102_init)
contiki-z1.a(clock.o)         example.co (clock_time)
contiki-z1.a(leds-arch.o)     contiki-z1.a(leds.o) (leds_arch_init)
contiki-z1.a(rtimer-arch.o)   obj_z1/contiki-z1-main.o (rtimer_arch_now)
contiki-z1.a(autostart.o)     obj_z1/contiki-z1-main.o (autostart_start)
contiki-z1.a(ctimer.o)        obj_z1/contiki-z1-main.o (ctimer_init)
contiki-z1.a(energest.o)      obj_z1/contiki-z1-main.o (energest_init)
contiki-z1.a(etimer.o)        contiki-z1.a(clock.o) (etimer_request_poll)
contiki-z1.a(process.o)       contiki-z1.a(ctimer.o) (process_current)
contiki-z1.a(rtimer.o)        obj_z1/contiki-z1-main.o (rtimer_init)
contiki-z1.a(timer.o)         contiki-z1.a(adxl345.o) (timer_set)
contiki-z1.a(list.o)          obj_z1/mqtt-sn.o (list_init)
contiki-z1.a(random.o)        obj_z1/contiki-z1-main.o (random_init)
contiki-z1.a(uip-ds6.o)       obj_z1/contiki-z1-main.o (uip_ds6_get_link_local)
contiki-z1.a(uip-ds6-route.o)
                              contiki-z1.a(uip-ds6.o) (uip_ds6_route_init)
contiki-z1.a(uip6.o)          example.co (uip_htons)
contiki-z1.a(uip-ds6-nbr.o)   contiki-z1.a(uip-ds6.o) (uip_ds6_neighbors_init)
contiki-z1.a(uip-nd6.o)       contiki-z1.a(uip6.o) (uip_nd6_init)
contiki-z1.a(sicslowpan.o)    obj_z1/contiki-z1-main.o (sicslowpan_driver)
contiki-z1.a(uip-debug.o)     contiki-z1.a(uip-ds6-route.o) (uip_debug_ipaddr_print)
contiki-z1.a(tcpip.o)         contiki-z1.a(sicslowpan.o) (tcpip_set_outputfunc)
contiki-z1.a(simple-udp.o)    obj_z1/mqtt-sn.o (simple_udp_send)
contiki-z1.a(rpl-dag.o)       contiki-z1.a(tcpip.o) (rpl_repair_root)
contiki-z1.a(rpl-timers.o)    contiki-z1.a(rpl-dag.o) (rpl_reset_dio_timer)
contiki-z1.a(rpl-ext-header.)
                              contiki-z1.a(uip6.o) (rpl_verify_header)
contiki-z1.a(rpl.o)           contiki-z1.a(rpl-timers.o) (rpl_get_mode)
contiki-z1.a(rpl-mrhof.o)     contiki-z1.a(rpl-dag.o) (rpl_mrhof)
contiki-z1.a(queuebuf.o)      obj_z1/contiki-z1-main.o (queuebuf_init)
contiki-z1.a(nbr-table.o)     contiki-z1.a(uip-ds6-route.o) (nbr_table_register)
contiki-z1.a(packetbuf.o)     contiki-z1.a(queuebuf.o) (packetbuf_copyto)
contiki-z1.a(linkaddr.o)      obj_z1/contiki-z1-main.o (linkaddr_copy)
contiki-z1.a(nullmac.o)       obj_z1/contiki-z1-main.o (nullmac_driver)
contiki-z1.a(framer-802154.o)
                              contiki-z1.a(sicslowpan.o) (framer_802154)
contiki-z1.a(nullrdc.o)       obj_z1/contiki-z1-main.o (nullrdc_driver)
contiki-z1.a(nullsec.o)       contiki-z1.a(sicslowpan.o) (nullsec_driver)
contiki-z1.a(i2cmaster.o)     contiki-z1.a(adxl345.o) (i2c_receiveinit)
contiki-z1.a(button-sensor.o)
                              contiki-z1.a(z1-sensors.o) (button_sensor)
contiki-z1.a(stimer.o)        contiki-z1.a(uip-ds6.o) (stimer_set)
contiki-z1.a(memb.o)          contiki-z1.a(uip-ds6-route.o) (memb_init)
contiki-z1.a(uip-icmp6.o)     contiki-z1.a(uip6.o) (uip_icmp6_input)
contiki-z1.a(uip-udp-packet.)
                              contiki-z1.a(simple-udp.o) (uip_udp_packet_sendto)
contiki-z1.a(rpl-icmp6.o)     contiki-z1.a(rpl-timers.o) (dis_output)
contiki-z1.a(frame802154.o)   contiki-z1.a(framer-802154.o) (frame802154_get_pan_id)
contiki-z1.a(mac.o)           contiki-z1.a(nullrdc.o) (mac_call_sent_callback)
/home/jorg/msp430-47/bin/../lib/gcc/msp430/4.7.0/mcpu-430x/mmpy-16/msr20/mc20/libgcc.a(_mulsi3.o)
                              contiki-z1.a(rpl-timers.o) (__mulsi3)
/home/jorg/msp430-47/bin/../lib/gcc/msp430/4.7.0/mcpu-430x/mmpy-16/msr20/mc20/libgcc.a(_udivmod16.o)
                              contiki-z1.a(rpl-dag.o) (__udivhi3)
/home/jorg/msp430-47/bin/../lib/gcc/msp430/4.7.0/mcpu-430x/mmpy-16/msr20/mc20/libgcc.a(_divmod16.o)
                              contiki-z1.a(tmp102.o) (__divhi3)
/home/jorg/msp430-47/bin/../lib/gcc/msp430/4.7.0/mcpu-430x/mmpy-16/msr20/mc20/libgcc.a(_udivmod32.o)
[...]
Memory Configuration

Name             Origin             Length             Attributes
sfr              0x00000000         0x00000010
peripheral_8bit  0x00000010         0x000000f0
peripheral_16bit 0x00000100         0x00000100
ram_mirror       0x00000200         0x00000800         xw
infomem          0x00001000         0x00000100
infod            0x00001000         0x00000040
infoc            0x00001040         0x00000040
infob            0x00001080         0x00000040
infoa            0x000010c0         0x00000040
ram              0x00001100         0x00002000         xw
rom              0x00003100         0x0000cebe         xr
vectors          0x0000ffc0         0x00000040
far_rom          0x00010000         0x0000a000
bsl              0x00000000         0x00000000
ram2             0x00000000         0x00000000         xw
usbram           0x00000000         0x00000000         xw
*default*        0x00000000         0xffffffff

Linker script and memory map

LOAD /home/jorg/msp430-47/bin/../lib/gcc/msp430/4.7.0/mcpu-430x/mmpy-16/msr20/mc20/crt0ivtbl32.o
                0x00000041                __P1SEL2 = 0x41
                0x00000045                __P5SEL2 = 0x45
LOAD example.co
LOAD obj_z1/mqtt-sn.o
LOAD obj_z1/contiki-z1-main.o
LOAD contiki-z1.a
LOAD /home/jorg/msp430-47/bin/../lib/gcc/msp430/4.7.0/mcpu-430x/mmpy-16/msr20/mc20/libgcc.a
LOAD /home/jorg/msp430-47/bin/../lib/gcc/msp430/4.7.0/../../../../msp430/lib/mcpu-430x/mmpy-16/msr20/mc20/libc.a
LOAD /home/jorg/msp430-47/bin/../lib/gcc/msp430/4.7.0/mcpu-430x/mmpy-16/msr20/mc20/libgcc.a
LOAD /home/jorg/msp430-47/bin/../lib/gcc/msp430/4.7.0/mcpu-430x/mmpy-16/msr20/mc20/libcrt0.a
                0x00000040                PROVIDE (__info_segment_size, 0x40)
                0x00001000                PROVIDE (__infod, 0x1000)
                0x00001040                PROVIDE (__infoc, 0x1040)
                0x00001080                PROVIDE (__infob, 0x1080)
                0x000010c0                PROVIDE (__infoa, 0x10c0)
                0x00000000                __IE1 = 0x0
                0x00000002                __IFG1 = 0x2
                0x00000001                __IE2 = 0x1
                0x00000003                __IFG2 = 0x3
                0x00000006                __UC1IE = 0x6
                0x00000007                __UC1IFG = 0x7
                0x000001a0                __ADC12CTL0 = 0x1a0
                0x000001a2                __ADC12CTL1 = 0x1a2
                0x000001a4                __ADC12IFG = 0x1a4
                0x000001a6                __ADC12IE = 0x1a6
                0x000001a8                __ADC12IV = 0x1a8
                0x00000140                __ADC12MEM0 = 0x140
                0x00000142                __ADC12MEM1 = 0x142
                0x00000144                __ADC12MEM2 = 0x144
                0x00000146                __ADC12MEM3 = 0x146
                0x00000148                __ADC12MEM4 = 0x148
                0x0000014a                __ADC12MEM5 = 0x14a
                0x0000014c                __ADC12MEM6 = 0x14c
                0x0000014e                __ADC12MEM7 = 0x14e
                0x00000150                __ADC12MEM8 = 0x150
                0x00000152                __ADC12MEM9 = 0x152
                0x00000154                __ADC12MEM10 = 0x154
                0x00000156                __ADC12MEM11 = 0x156
                0x00000158                __ADC12MEM12 = 0x158
                0x0000015a                __ADC12MEM13 = 0x15a
                0x0000015c                __ADC12MEM14 = 0x15c
                0x0000015e                __ADC12MEM15 = 0x15e
                0x00000080                __ADC12MCTL0 = 0x80
                0x00000081                __ADC12MCTL1 = 0x81
                0x00000082                __ADC12MCTL2 = 0x82
                0x00000083                __ADC12MCTL3 = 0x83
                0x00000084                __ADC12MCTL4 = 0x84
                0x00000085                __ADC12MCTL5 = 0x85
                0x00000086                __ADC12MCTL6 = 0x86
                0x00000087                __ADC12MCTL7 = 0x87
                0x00000088                __ADC12MCTL8 = 0x88
                0x00000089                __ADC12MCTL9 = 0x89
                0x0000008a                __ADC12MCTL10 = 0x8a
                0x0000008b                __ADC12MCTL11 = 0x8b
                0x0000008c                __ADC12MCTL12 = 0x8c
                0x0000008d                __ADC12MCTL13 = 0x8d
                0x0000008e                __ADC12MCTL14 = 0x8e
                0x0000008f                __ADC12MCTL15 = 0x8f
                0x00000056                __DCOCTL = 0x56
                0x00000057                __BCSCTL1 = 0x57
                0x00000058                __BCSCTL2 = 0x58
                0x00000053                __BCSCTL3 = 0x53
                0x00000059                __CACTL1 = 0x59
                0x0000005a                __CACTL2 = 0x5a
                0x0000005b                __CAPD = 0x5b
                0x000001c0                __DAC12_0CTL = 0x1c0
                0x000001c2                __DAC12_1CTL = 0x1c2
                0x000001c8                __DAC12_0DAT = 0x1c8
                0x000001ca                __DAC12_1DAT = 0x1ca
                0x00000122                __DMACTL0 = 0x122
                0x00000124                __DMACTL1 = 0x124
                0x00000126                __DMAIV = 0x126
                0x000001d0                __DMA0CTL = 0x1d0
                0x000001dc                __DMA1CTL = 0x1dc
                0x000001e8                __DMA2CTL = 0x1e8
                0x000001d2                __DMA0SA = 0x1d2
                0x000001d2                __DMA0SAL = 0x1d2
                0x000001d6                __DMA0DA = 0x1d6
                0x000001d6                __DMA0DAL = 0x1d6
                0x000001da                __DMA0SZ = 0x1da
                0x000001de                __DMA1SA = 0x1de
                0x000001de                __DMA1SAL = 0x1de
                0x000001e2                __DMA1DA = 0x1e2
                0x000001e2                __DMA1DAL = 0x1e2
                0x000001e6                __DMA1SZ = 0x1e6
                0x000001ea                __DMA2SA = 0x1ea
                0x000001ea                __DMA2SAL = 0x1ea
                0x000001ee                __DMA2DA = 0x1ee
                0x000001ee                __DMA2DAL = 0x1ee
                0x000001f2                __DMA2SZ = 0x1f2
                0x00000128                __FCTL1 = 0x128
                0x0000012a                __FCTL2 = 0x12a
                0x0000012c                __FCTL3 = 0x12c
                0x000001be                __FCTL4 = 0x1be
                0x00000130                __MPY = 0x130
                0x00000132                __MPYS = 0x132
                0x00000134                __MAC = 0x134
                0x00000136                __MACS = 0x136
                0x00000138                __OP2 = 0x138
                0x0000013a                __RESLO = 0x13a
                0x0000013c                __RESHI = 0x13c
                0x0000013e                __SUMEXT = 0x13e
                0x00000020                __P1IN = 0x20
                0x00000021                __P1OUT = 0x21
                0x00000022                __P1DIR = 0x22
                0x00000023                __P1IFG = 0x23
                0x00000024                __P1IES = 0x24
                0x00000025                __P1IE = 0x25
                0x00000026                __P1SEL = 0x26
                0x00000027                __P1REN = 0x27
                0x00000028                __P2IN = 0x28
                0x00000029                __P2OUT = 0x29
                0x0000002a                __P2DIR = 0x2a
                0x0000002b                __P2IFG = 0x2b
                0x0000002c                __P2IES = 0x2c
                0x0000002d                __P2IE = 0x2d
                0x0000002e                __P2SEL = 0x2e
                0x0000002f                __P2REN = 0x2f
                0x00000018                __P3IN = 0x18
                0x00000019                __P3OUT = 0x19
                0x0000001a                __P3DIR = 0x1a
                0x0000001b                __P3SEL = 0x1b
                0x00000010                __P3REN = 0x10
                0x0000001c                __P4IN = 0x1c
                0x0000001d                __P4OUT = 0x1d
                0x0000001e                __P4DIR = 0x1e
                0x0000001f                __P4SEL = 0x1f
                0x00000011                __P4REN = 0x11
                0x00000030                __P5IN = 0x30
                0x00000031                __P5OUT = 0x31
                0x00000032                __P5DIR = 0x32
                0x00000033                __P5SEL = 0x33
                0x00000012                __P5REN = 0x12
                0x00000034                __P6IN = 0x34
                0x00000035                __P6OUT = 0x35
                0x00000036                __P6DIR = 0x36
                0x00000037                __P6SEL = 0x37
                0x00000013                __P6REN = 0x13
                0x00000038                __P7IN = 0x38
                0x0000003a                __P7OUT = 0x3a
                0x0000003c                __P7DIR = 0x3c
                0x0000003e                __P7SEL = 0x3e
                0x00000014                __P7REN = 0x14
                0x00000039                __P8IN = 0x39
                0x0000003b                __P8OUT = 0x3b
                0x0000003d                __P8DIR = 0x3d
                0x0000003f                __P8SEL = 0x3f
                0x00000015                __P8REN = 0x15
                0x00000038                __PAIN = 0x38
                0x0000003a                __PAOUT = 0x3a
                0x0000003c                __PADIR = 0x3c
                0x0000003e                __PASEL = 0x3e
                0x00000014                __PAREN = 0x14
                0x00000055                __SVSCTL = 0x55
                0x0000012e                __TAIV = 0x12e
                0x00000160                __TACTL = 0x160
                0x00000162                __TACCTL0 = 0x162
                0x00000164                __TACCTL1 = 0x164
                0x00000166                __TACCTL2 = 0x166
                0x00000170                __TAR = 0x170
                0x00000172                __TACCR0 = 0x172
                0x00000174                __TACCR1 = 0x174
                0x00000176                __TACCR2 = 0x176
                0x0000011e                __TBIV = 0x11e
                0x00000180                __TBCTL = 0x180
                0x00000182                __TBCCTL0 = 0x182
                0x00000184                __TBCCTL1 = 0x184
                0x00000186                __TBCCTL2 = 0x186
                0x00000188                __TBCCTL3 = 0x188
                0x0000018a                __TBCCTL4 = 0x18a
                0x0000018c                __TBCCTL5 = 0x18c
                0x0000018e                __TBCCTL6 = 0x18e
                0x00000190                __TBR = 0x190
                0x00000192                __TBCCR0 = 0x192
                0x00000194                __TBCCR1 = 0x194
                0x00000196                __TBCCR2 = 0x196
                0x00000198                __TBCCR3 = 0x198
                0x0000019a                __TBCCR4 = 0x19a
                0x0000019c                __TBCCR5 = 0x19c
                0x0000019e                __TBCCR6 = 0x19e
                0x00000060                __UCA0CTL0 = 0x60
                0x00000061                __UCA0CTL1 = 0x61
                0x00000062                __UCA0BR0 = 0x62
                0x00000063                __UCA0BR1 = 0x63
                0x00000064                __UCA0MCTL = 0x64
                0x00000065                __UCA0STAT = 0x65
                0x00000066                __UCA0RXBUF = 0x66
                0x00000067                __UCA0TXBUF = 0x67
                0x0000005d                __UCA0ABCTL = 0x5d
                0x0000005e                __UCA0IRTCTL = 0x5e
                0x0000005f                __UCA0IRRCTL = 0x5f
                0x00000068                __UCB0CTL0 = 0x68
                0x00000069                __UCB0CTL1 = 0x69
                0x0000006a                __UCB0BR0 = 0x6a
                0x0000006b                __UCB0BR1 = 0x6b
                0x0000006c                __UCB0I2CIE = 0x6c
                0x0000006d                __UCB0STAT = 0x6d
                0x0000006e                __UCB0RXBUF = 0x6e
                0x0000006f                __UCB0TXBUF = 0x6f
                0x00000118                __UCB0I2COA = 0x118
                0x0000011a                __UCB0I2CSA = 0x11a
                0x000000d0                __UCA1CTL0 = 0xd0
                0x000000d1                __UCA1CTL1 = 0xd1
                0x000000d2                __UCA1BR0 = 0xd2
                0x000000d3                __UCA1BR1 = 0xd3
                0x000000d4                __UCA1MCTL = 0xd4
                0x000000d5                __UCA1STAT = 0xd5
                0x000000d6                __UCA1RXBUF = 0xd6
                0x000000d7                __UCA1TXBUF = 0xd7
                0x000000cd                __UCA1ABCTL = 0xcd
                0x000000ce                __UCA1IRTCTL = 0xce
                0x000000cf                __UCA1IRRCTL = 0xcf
                0x000000d8                __UCB1CTL0 = 0xd8
                0x000000d9                __UCB1CTL1 = 0xd9
                0x000000da                __UCB1BR0 = 0xda
                0x000000db                __UCB1BR1 = 0xdb
                0x000000dc                __UCB1I2CIE = 0xdc
                0x000000dd                __UCB1STAT = 0xdd
                0x000000de                __UCB1RXBUF = 0xde
                0x000000df                __UCB1TXBUF = 0xdf
                0x0000017c                __UCB1I2COA = 0x17c
                0x0000017e                __UCB1I2CSA = 0x17e
                0x00000120                __WDTCTL = 0x120
                0x000010c0                __TLV_CHECKSUM = 0x10c0
                0x000010f6                __TLV_DCO_30_TAG = 0x10f6
                0x000010f7                __TLV_DCO_30_LEN = 0x10f7
                0x000010da                __TLV_ADC12_1_TAG = 0x10da
                0x000010db                __TLV_ADC12_1_LEN = 0x10db
                0x000010f8                __CALDCO_16MHZ = 0x10f8
                0x000010f9                __CALBC1_16MHZ = 0x10f9
                0x000010fa                __CALDCO_12MHZ = 0x10fa
                0x000010fb                __CALBC1_12MHZ = 0x10fb
                0x000010fc                __CALDCO_8MHZ = 0x10fc
                0x000010fd                __CALBC1_8MHZ = 0x10fd
                0x000010fe                __CALDCO_1MHZ = 0x10fe
                0x000010ff                __CALBC1_1MHZ = 0x10ff

.hash
 *(.hash)

.dynsym
 *(.dynsym)

.dynstr
 *(.dynstr)

.gnu.version
 *(.gnu.version)

.gnu.version_d
 *(.gnu.version_d)

.gnu.version_r
 *(.gnu.version_r)

.rel.init
 *(.rel.init)

.rela.init
 *(.rela.init)

.rel.fini
 *(.rel.fini)

.rela.fini
 *(.rela.fini)

.rel.text
 *(.rel.text .rel.text.* .rel.gnu.linkonce.t.*)

.rela.text
 *(.rela.text .rela.text.* .rela.gnu.linkonce.t.*)

.rel.rodata
 *(.rel.rodata .rel.rodata.* .rel.gnu.linkonce.r.*)

.rela.rodata
 *(.rela.rodata .rela.rodata.* .rela.gnu.linkonce.r.*)

.rel.data
 *(.rel.data .rel.data.* .rel.gnu.linkonce.d.*)

.rela.data
 *(.rela.data .rela.data.* .rela.gnu.linkonce.d.*)

.rel.bss
 *(.rel.bss .rel.bss.* .rel.gnu.linkonce.b.*)

.rela.bss
 *(.rela.bss .rela.bss.* .rela.gnu.linkonce.b.*)

.rel.ctors
 *(.rel.ctors)

.rela.ctors
 *(.rela.ctors)

.rel.dtors
 *(.rel.dtors)

.rela.dtors
 *(.rela.dtors)

.rel.got
 *(.rel.got)

.rela.got
 *(.rela.got)

.rel.plt
 *(.rel.plt)

.rela.plt
 *(.rela.plt)

.text           0x00003100     0x9e24
                0x00003100                . = ALIGN (0x2)
 *(.init .init.*)
 *(.init0)
 .init0         0x00003100        0x0 /home/jorg/msp430-47/bin/../lib/gcc/msp430/4.7.0/mcpu-430x/mmpy-16/msr20/mc20/libcrt0.a(_reset_vector__.o)
                0x00003100                _reset_vector__
 *(.init1)
 .init1         0x00003100        0xc /home/jorg/msp430-47/bin/../lib/gcc/msp430/4.7.0/mcpu-430x/mmpy-16/msr20/mc20/libcrt0.a(__watchdog_support.o)
                0x00003100                __watchdog_support
 *(.init2)
 .init2         0x0000310c        0x4 /home/jorg/msp430-47/bin/../lib/gcc/msp430/4.7.0/mcpu-430x/mmpy-16/msr20/mc20/libcrt0.a(__init_stack.o)
                0x0000310c                __init_stack
 *(.init3)
 .init3         0x00003110        0x0 /home/jorg/msp430-47/bin/../lib/gcc/msp430/4.7.0/mcpu-430x/mmpy-16/msr20/mc20/libcrt0.a(__low_level_init.o)
                0x00003110                __low_level_init
 *(.init4)
 .init4         0x00003110       0x18 /home/jorg/msp430-47/bin/../lib/gcc/msp430/4.7.0/mcpu-430x/mmpy-16/msr20/mc20/libcrt0.a(_copy_data.o)
                0x00003110                __do_copy_data
 .init4         0x00003128       0x16 /home/jorg/msp430-47/bin/../lib/gcc/msp430/4.7.0/mcpu-430x/mmpy-16/msr20/mc20/libcrt0.a(_clear_bss.o)
                0x00003128                __do_clear_bss
 *(.init5)
 *(.init6)
 *(.init7)
 *(.init8)
 *(.init9)
 .init9         0x0000313e      0x348 obj_z1/contiki-z1-main.o
                0x0000313e                main
 *(.fini9)
 .fini9         0x00003486        0x0 /home/jorg/msp430-47/bin/../lib/gcc/msp430/4.7.0/mcpu-430x/mmpy-16/msr20/mc20/libcrt0.a(__stop_progExec__.o)
                0x00003486                __stop_progExec__
 *(.fini8)
 *(.fini7)
 *(.fini6)
 *(.fini5)
 *(.fini4)
 *(.fini3)
 *(.fini2)
 *(.fini1)
 *(.fini0)
 .fini0         0x00003486        0x6 /home/jorg/msp430-47/bin/../lib/gcc/msp430/4.7.0/mcpu-430x/mmpy-16/msr20/mc20/libcrt0.a(_endless_loop__.o)
                0x00003486                _endless_loop__
 *(.fini .fini.*)
                0x0000348c                . = ALIGN (0x2)
                0x0000348c                __ctors_start = .
 *(.ctors)
                0x0000348c                __ctors_end = .
                0x0000348c                __dtors_start = .
 *(.dtors)
                0x0000348c                __dtors_end = .
                0x0000348c                . = ALIGN (0x2)
 *(.text .text.* .gnu.linkonce.t.*)
 .text          0x0000348c        0x4 /home/jorg/msp430-47/bin/../lib/gcc/msp430/4.7.0/mcpu-430x/mmpy-16/msr20/mc20/crt0ivtbl32.o
                0x0000348c                __isr_14
                0x0000348c                __isr_4
                0x0000348c                __isr_29
                0x0000348c                __isr_11
                0x0000348c                __isr_5
                0x0000348c                __isr_2
                0x0000348c                __isr_10
                0x0000348c                __isr_7
                0x0000348c                __isr_0
                0x0000348c                __isr_28
                0x0000348c                __isr_8
                0x0000348c                __isr_20
                0x0000348c                __isr_3
                0x0000348c                __isr_12
                0x0000348c                __isr_13
                0x0000348c                __isr_27
                0x0000348c                __isr_9
                0x0000348c                __isr_30
                0x0000348c                __isr_6
                0x0000348c                __isr_22
                0x0000348c                __isr_1
                0x0000348c                __isr_15
                0x0000348c                __isr_21
 .text.libgcc   0x00003490       0x26 /home/jorg/msp430-47/bin/../lib/gcc/msp430/4.7.0/mcpu-430x/mmpy-16/msr20/mc20/libgcc.a(_mulsi3.o)
                0x00003490                __mulsi3
 .text.libgcc   0x000034b6       0x22 /home/jorg/msp430-47/bin/../lib/gcc/msp430/4.7.0/mcpu-430x/mmpy-16/msr20/mc20/libgcc.a(_udivmod16.o)
                0x000034b6                __udivhi3
                0x000034b6                __ext_udivmod16
                0x000034d0                __umodhi3
 .text.libgcc   0x000034d8       0x3a /home/jorg/msp430-47/bin/../lib/gcc/msp430/4.7.0/mcpu-430x/mmpy-16/msr20/mc20/libgcc.a(_divmod16.o)
                0x000034d8                __ext_divmod16
                0x000034d8                __divhi3
                0x0000350a                __modhi3
 .text.libgcc   0x00003512       0x38 /home/jorg/msp430-47/bin/../lib/gcc/msp430/4.7.0/mcpu-430x/mmpy-16/msr20/mc20/libgcc.a(_udivmod32.o)
                0x00003512                __udivsi3
                0x00003512                __ext_udivmod32
                0x00003540                __umodsi3
 .text.printf   0x0000354a       0x10 /home/jorg/msp430-47/bin/../lib/gcc/msp430/4.7.0/../../../../msp430/lib/mcpu-430x/mmpy-16/msr20/mc20/libc.a(printf.o)
                0x0000354a                printf
 .text.append   0x0000355a       0x22 /home/jorg/msp430-47/bin/../lib/gcc/msp430/4.7.0/../../../../msp430/lib/mcpu-430x/mmpy-16/msr20/mc20/libc.a(sprintf.o)
 .text.call_vuprintf
                0x0000357c       0x36 /home/jorg/msp430-47/bin/../lib/gcc/msp430/4.7.0/../../../../msp430/lib/mcpu-430x/mmpy-16/msr20/mc20/libc.a(sprintf.o)
 .text.sprintf  0x000035b2       0x1a /home/jorg/msp430-47/bin/../lib/gcc/msp430/4.7.0/../../../../msp430/lib/mcpu-430x/mmpy-16/msr20/mc20/libc.a(sprintf.o)
                0x000035b2                sprintf
 .text.print_field
                0x000035cc      0x176 /home/jorg/msp430-47/bin/../lib/gcc/msp430/4.7.0/../../../../msp430/lib/mcpu-430x/mmpy-16/msr20/mc20/libc.a(vuprintf.o)
 .text.vuprintf
                0x00003742      0x74c /home/jorg/msp430-47/bin/../lib/gcc/msp430/4.7.0/../../../../msp430/lib/mcpu-430x/mmpy-16/msr20/mc20/libc.a(vuprintf.o)
                0x00003742                vuprintf
 .text.puts     0x00003e8e       0x2c /home/jorg/msp430-47/bin/../lib/gcc/msp430/4.7.0/../../../../msp430/lib/mcpu-430x/mmpy-16/msr20/mc20/libc.a(puts.o)
                0x00003e8e                puts
 .text.rand     0x00003eba       0x26 /home/jorg/msp430-47/bin/../lib/gcc/msp430/4.7.0/../../../../msp430/lib/mcpu-430x/mmpy-16/msr20/mc20/libc.a(rand.o)
                0x00003eba                rand
 .text.srand    0x00003ee0        0xa /home/jorg/msp430-47/bin/../lib/gcc/msp430/4.7.0/../../../../msp430/lib/mcpu-430x/mmpy-16/msr20/mc20/libc.a(rand.o)
                0x00003ee0                srand
 .text.strcmp   0x00003eea       0x1e /home/jorg/msp430-47/bin/../lib/gcc/msp430/4.7.0/../../../../msp430/lib/mcpu-430x/mmpy-16/msr20/mc20/libc.a(strcmp.o)
                0x00003eea                strcmp
 .text.memcmp   0x00003f08       0x2c /home/jorg/msp430-47/bin/../lib/gcc/msp430/4.7.0/../../../../msp430/lib/mcpu-430x/mmpy-16/msr20/mc20/libc.a(memcmp.o)
                0x00003f08                memcmp
 .text.strncpy  0x00003f34       0x2a /home/jorg/msp430-47/bin/../lib/gcc/msp430/4.7.0/../../../../msp430/lib/mcpu-430x/mmpy-16/msr20/mc20/libc.a(strncpy.o)
                0x00003f34                strncpy
 .text.memcpy   0x00003f5e       0xe8 /home/jorg/msp430-47/bin/../lib/gcc/msp430/4.7.0/../../../../msp430/lib/mcpu-430x/mmpy-16/msr20/mc20/libc.a(memcpy.o)
                0x00003f5e                memcpy
 .text.memmove  0x00004046       0xe8 /home/jorg/msp430-47/bin/../lib/gcc/msp430/4.7.0/../../../../msp430/lib/mcpu-430x/mmpy-16/msr20/mc20/libc.a(memmove.o)
                0x00004046                memmove
 .text.memset   0x0000412e       0x5c /home/jorg/msp430-47/bin/../lib/gcc/msp430/4.7.0/../../../../msp430/lib/mcpu-430x/mmpy-16/msr20/mc20/libc.a(memset.o)
                0x0000412e                memset
 .text.libgcc   0x0000418a       0xbc /home/jorg/msp430-47/bin/../lib/gcc/msp430/4.7.0/mcpu-430x/mmpy-16/msr20/mc20/libgcc.a(_udivmod64.o)
                0x0000418a                __xabi_udivmod64
                0x000041dc                __udivdi3
                0x000041f6                __umoddi3
                0x00004218                __udivmoddi4
 .text.crt0     0x00004246        0x2 /home/jorg/msp430-47/bin/../lib/gcc/msp430/4.7.0/mcpu-430x/mmpy-16/msr20/mc20/libcrt0.a(_unexpected_.o)
                0x00004246                _unexpected_
 *(.near.text .near.text.*)
 .near.text.watchdog_interrupt
                0x00004248        0x6 contiki-z1.a(watchdog.o)
                0x00004248                __isr_26
                0x00004248                watchdog_interrupt
 .near.text.uart0_rx_interrupt
                0x0000424e       0x64 contiki-z1.a(uart0.o)
                0x0000424e                __isr_23
                0x0000424e                uart0_rx_interrupt
 .near.text.port1_isr
                0x000042b2       0xbe contiki-z1.a(adxl345.o)
                0x000042b2                port1_isr
                0x000042b2                __isr_18
 .near.text.timera1
                0x00004370      0x10a contiki-z1.a(clock.o)
                0x00004370                __isr_24
                0x00004370                timera1
 .near.text.timera0
                0x0000447a       0x5c contiki-z1.a(rtimer-arch.o)
                0x0000447a                __isr_25
                0x0000447a                timera0
 .near.text.i2c_tx_interrupt
                0x000044d6       0x84 contiki-z1.a(i2cmaster.o)
                0x000044d6                __isr_16
                0x000044d6                i2c_tx_interrupt
 .near.text.i2c_rx_interrupt
                0x0000455a       0x14 contiki-z1.a(i2cmaster.o)
                0x0000455a                i2c_rx_interrupt
                0x0000455a                __isr_17
 .near.text.irq_p2
                0x0000456e       0x76 contiki-z1.a(button-sensor.o)
                0x0000456e                irq_p2
                0x0000456e                __isr_19
 .any.text.puback_receiver
                0x000045e4        0xa example.co
 .any.text.process_thread_ctrl_subscription_process
                0x000045ee       0xa0 example.co
 .any.text.process_thread_publish_process
                0x0000468e      0x178 example.co
 .any.text.process_thread_example_mqttsn_process
                0x00004806      0x1fe example.co
 .any.text.suback_receiver
                0x00004a04       0x58 example.co
 .any.text.regack_receiver
                0x00004a5c       0x46 example.co
 .any.text.connection_timer_callback
                0x00004aa2       0x10 example.co
 .any.text.publish_receiver
                0x00004ab2       0x64 example.co
 .any.text.connack_receiver
                0x00004b16       0x38 example.co
 .any.text.send_timer_callback
                0x00004b4e       0x10 obj_z1/mqtt-sn.o
 .any.text.receive_timer_callback
                0x00004b5e       0x10 obj_z1/mqtt-sn.o
 .any.text.send_packet
                0x00004b6e       0x2a obj_z1/mqtt-sn.o
 .any.text.mqtt_sn_create_socket
                0x00004b98       0x4e obj_z1/mqtt-sn.o
                0x00004b98                mqtt_sn_create_socket
 .any.text.mqtt_sn_send_connect
                0x00004be6       0xd0 obj_z1/mqtt-sn.o
                0x00004be6                mqtt_sn_send_connect
 .any.text.mqtt_sn_send_register
                0x00004cb6       0x98 obj_z1/mqtt-sn.o
                0x00004cb6                mqtt_sn_send_register
 .any.text.mqtt_sn_send_publish
                0x00004d4e       0xe2 obj_z1/mqtt-sn.o
                0x00004d4e                mqtt_sn_send_publish
 .any.text.mqtt_sn_send_subscribe
                0x00004e30       0xa2 obj_z1/mqtt-sn.o
                0x00004e30                mqtt_sn_send_subscribe
 .any.text.manage_request
                0x00004ed2       0xa2 obj_z1/mqtt-sn.o
 .any.text.request_timer_callback
                0x00004f74       0x12 obj_z1/mqtt-sn.o
 .any.text.mqtt_sn_send_pingreq
                0x00004f86       0x38 obj_z1/mqtt-sn.o
                0x00004f86                mqtt_sn_send_pingreq
 .any.text.process_thread_mqtt_sn_process
                0x00004fbe      0x104 obj_z1/mqtt-sn.o
 .any.text.mqtt_sn_send_pingresp
                0x000050c2       0x2e obj_z1/mqtt-sn.o
                0x000050c2                mqtt_sn_send_pingresp
 .any.text.mqtt_sn_return_code_string
                0x000050f0       0x14 obj_z1/mqtt-sn.o
                0x000050f0                mqtt_sn_return_code_string
 .any.text.mqtt_sn_request_returned
                0x00005104       0x10 obj_z1/mqtt-sn.o
                0x00005104                mqtt_sn_request_returned
 .any.text.mqtt_sn_request_success
                0x00005114       0x10 obj_z1/mqtt-sn.o
                0x00005114                mqtt_sn_request_success
 .any.text.manage_response
                0x00005124       0xa6 obj_z1/mqtt-sn.o
                0x00005124                manage_response
 .any.text.mqtt_sn_receiver
                0x000051ca      0x10a obj_z1/mqtt-sn.o
 .any.text.mqtt_sn_register_try
                0x000052d4       0x40 obj_z1/mqtt-sn.o
                0x000052d4                mqtt_sn_register_try
 .any.text.mqtt_sn_subscribe_try
                0x00005314       0x46 obj_z1/mqtt-sn.o
                0x00005314                mqtt_sn_subscribe_try
 .any.text.init_platform
                0x0000535a        0xc contiki-z1.a(contiki-z1-plat)
                0x0000535a                init_platform
 .any.text.msp430_init_dco
                0x00005366       0x28 contiki-z1.a(msp430.o)
                0x00005366                msp430_init_dco
 .any.text.splhigh_
                0x0000538e        0x8 contiki-z1.a(msp430.o)
                0x0000538e                splhigh_
 .any.text.msp430_sync_dco
                0x00005396       0x6e contiki-z1.a(msp430.o)
                0x00005396                msp430_sync_dco
 .any.text.msp430_cpu_init
                0x00005404       0x2e contiki-z1.a(msp430.o)
                0x00005404                msp430_cpu_init
 .any.text.show_leds
                0x00005432       0xe8 contiki-z1.a(leds.o)
 .any.text.leds_init
                0x0000551a        0xa contiki-z1.a(leds.o)
                0x0000551a                leds_init
 .any.text.leds_on
                0x00005524        0xa contiki-z1.a(leds.o)
                0x00005524                leds_on
 .any.text.leds_off
                0x0000552e        0xe contiki-z1.a(leds.o)
                0x0000552e                leds_off
 .any.text.watchdog_start
                0x0000553c       0x14 contiki-z1.a(watchdog.o)
                0x0000553c                watchdog_start
 .any.text.watchdog_periodic
                0x00005550       0x12 contiki-z1.a(watchdog.o)
                0x00005550                watchdog_periodic
 .any.text.watchdog_stop
                0x00005562       0x16 contiki-z1.a(watchdog.o)
                0x00005562                watchdog_stop
 .any.text.watchdog_init
                0x00005578       0x12 contiki-z1.a(watchdog.o)
                0x00005578                watchdog_init
 .any.text.wait_ready
                0x0000558a       0x46 contiki-z1.a(xmem.o)
 .any.text.xmem_init
                0x000055d0       0x1e contiki-z1.a(xmem.o)
                0x000055d0                xmem_init
 .any.text.xmem_pread
                0x000055ee       0xc2 contiki-z1.a(xmem.o)
                0x000055ee                xmem_pread
 .any.text.spi_init
                0x000056b0       0x32 contiki-z1.a(spi.o)
                0x000056b0                spi_init
 .any.text.get_object
                0x000056e2        0x4 contiki-z1.a(cc2420.o)
 .any.text.set_object
                0x000056e6        0x4 contiki-z1.a(cc2420.o)
 .any.text.strobe
                0x000056ea       0x1a contiki-z1.a(cc2420.o)
 .any.text.getreg
                0x00005704       0x46 contiki-z1.a(cc2420.o)
 .any.text.setreg
                0x0000574a       0x44 contiki-z1.a(cc2420.o)
 .any.text.write_ram
                0x0000578e       0x72 contiki-z1.a(cc2420.o)
 .any.text.write_fifo_buf
                0x00005800       0x38 contiki-z1.a(cc2420.o)
 .any.text.get_status
                0x00005838       0x1e contiki-z1.a(cc2420.o)
 .any.text.set_txpower
                0x00005856       0x24 contiki-z1.a(cc2420.o)
 .any.text.cc2420_receiving_packet
                0x0000587a        0xa contiki-z1.a(cc2420.o)
 .any.text.pending_packet
                0x00005884        0xa contiki-z1.a(cc2420.o)
 .any.text.on   0x0000588e       0x26 contiki-z1.a(cc2420.o)
 .any.text.wait_for_transmission
                0x000058b4       0x22 contiki-z1.a(cc2420.o)
 .any.text.wait_for_status
                0x000058d6       0x24 contiki-z1.a(cc2420.o)
 .any.text.getrxdata
                0x000058fa       0x4c contiki-z1.a(cc2420.o)
 .any.text.flushrx
                0x00005946       0x1a contiki-z1.a(cc2420.o)
 .any.text.off  0x00005960       0x5a contiki-z1.a(cc2420.o)
 .any.text.RELEASE_LOCK
                0x000059ba       0x28 contiki-z1.a(cc2420.o)
 .any.text.set_frame_filtering
                0x000059e2       0x30 contiki-z1.a(cc2420.o)
 .any.text.set_auto_ack
                0x00005a12       0x30 contiki-z1.a(cc2420.o)
 .any.text.set_poll_mode
                0x00005a42       0x2c contiki-z1.a(cc2420.o)
 .any.text.cc2420_prepare
                0x00005a6e       0x38 contiki-z1.a(cc2420.o)
 .any.text.cc2420_on
                0x00005aa6       0x22 contiki-z1.a(cc2420.o)
                0x00005aa6                cc2420_on
 .any.text.cc2420_off
                0x00005ac8       0x30 contiki-z1.a(cc2420.o)
                0x00005ac8                cc2420_off
 .any.text.cc2420_cca
                0x00005af8       0x54 contiki-z1.a(cc2420.o)
 .any.text.cc2420_read
                0x00005b4c       0xb8 contiki-z1.a(cc2420.o)
 .any.text.process_thread_cc2420_process
                0x00005c04       0x5c contiki-z1.a(cc2420.o)
 .any.text.cc2420_set_channel
                0x00005c60       0x3a contiki-z1.a(cc2420.o)
                0x00005c60                cc2420_set_channel
 .any.text.cc2420_set_pan_addr
                0x00005c9a       0x4c contiki-z1.a(cc2420.o)
                0x00005c9a                cc2420_set_pan_addr
 .any.text.cc2420_interrupt
                0x00005ce6       0x16 contiki-z1.a(cc2420.o)
                0x00005ce6                cc2420_interrupt
 .any.text.cc2420_set_txpower
                0x00005cfc        0xe contiki-z1.a(cc2420.o)
                0x00005cfc                cc2420_set_txpower
 .any.text.cc2420_get_txpower
                0x00005d0a       0x1e contiki-z1.a(cc2420.o)
                0x00005d0a                cc2420_get_txpower
 .any.text.cc2420_transmit
                0x00005d28      0x10e contiki-z1.a(cc2420.o)
 .any.text.cc2420_send
                0x00005e36       0x12 contiki-z1.a(cc2420.o)
 .any.text.cc2420_rssi
                0x00005e48       0x48 contiki-z1.a(cc2420.o)
                0x00005e48                cc2420_rssi
 .any.text.get_value
                0x00005e90      0x104 contiki-z1.a(cc2420.o)
 .any.text.cc2420_set_cca_threshold
                0x00005f94       0x16 contiki-z1.a(cc2420.o)
                0x00005f94                cc2420_set_cca_threshold
 .any.text.set_value
                0x00005faa       0xb2 contiki-z1.a(cc2420.o)
 .any.text.cc2420_init
                0x0000605c       0xea contiki-z1.a(cc2420.o)
                0x0000605c                cc2420_init
 .any.text.cc2420_arch_init
                0x00006146       0x1a contiki-z1.a(cc2420-arch.o)
                0x00006146                cc2420_arch_init
 .any.text.node_id_restore
                0x00006160       0x4c contiki-z1.a(node-id.o)
                0x00006160                node_id_restore
 .any.text.process_thread_sensors_process
                0x000061ac       0xc2 contiki-z1.a(sensors.o)
 .any.text.sensors_changed
                0x0000626e       0x2a contiki-z1.a(sensors.o)
                0x0000626e                sensors_changed
 .any.text.uart0_active
                0x00006298        0xe contiki-z1.a(uart0.o)
                0x00006298                uart0_active
 .any.text.uart0_writeb
                0x000062a6       0x16 contiki-z1.a(uart0.o)
                0x000062a6                uart0_writeb
 .any.text.uart0_init
                0x000062bc       0x40 contiki-z1.a(uart0.o)
                0x000062bc                uart0_init
 .any.text.putchar
                0x000062fc       0x10 contiki-z1.a(uart0-putchar.o)
                0x000062fc                putchar
 .any.text.status
                0x0000630c       0x12 contiki-z1.a(adxl345.o)
 .any.text.accm_write_reg
                0x0000631e       0x2e contiki-z1.a(adxl345.o)
 .any.text.accm_write_stream
                0x0000634c       0x2a contiki-z1.a(adxl345.o)
 .any.text.accm_read_reg
                0x00006376       0x54 contiki-z1.a(adxl345.o)
 .any.text.process_thread_accmeter_process
                0x000063ca       0x56 contiki-z1.a(adxl345.o)
 .any.text.accm_read_axis.part.0
                0x00006420       0x5a contiki-z1.a(adxl345.o)
 .any.text.value
                0x0000647a       0x1e contiki-z1.a(adxl345.o)
 .any.text.accm_init
                0x00006498       0x78 contiki-z1.a(adxl345.o)
                0x00006498                accm_init
 .any.text.accm_stop
                0x00006510       0x32 contiki-z1.a(adxl345.o)
                0x00006510                accm_stop
 .any.text.configure
                0x00006542       0x26 contiki-z1.a(adxl345.o)
 .any.text.status
                0x00006568       0x12 contiki-z1.a(tmp102.o)
 .any.text.tmp102_init
                0x0000657a       0x24 contiki-z1.a(tmp102.o)
                0x0000657a                tmp102_init
 .any.text.tmp102_stop
                0x0000659e        0xa contiki-z1.a(tmp102.o)
                0x0000659e                tmp102_stop
 .any.text.configure
                0x000065a8       0x26 contiki-z1.a(tmp102.o)
 .any.text.tmp102_read_reg
                0x000065ce       0x5e contiki-z1.a(tmp102.o)
                0x000065ce                tmp102_read_reg
 .any.text.tmp102_read_temp_x100
                0x0000662c       0x58 contiki-z1.a(tmp102.o)
                0x0000662c                tmp102_read_temp_x100
 .any.text.value
                0x00006684        0x6 contiki-z1.a(tmp102.o)
 .any.text.clock_time
                0x0000668a       0x1a contiki-z1.a(clock.o)
                0x0000668a                clock_time
 .any.text.clock_init
                0x000066a4       0x28 contiki-z1.a(clock.o)
                0x000066a4                clock_init
 .any.text.clock_delay
                0x000066cc        0xc contiki-z1.a(clock.o)
                0x000066cc                clock_delay
 .any.text.clock_wait
                0x000066d8       0x24 contiki-z1.a(clock.o)
                0x000066d8                clock_wait
 .any.text.clock_seconds
                0x000066fc       0x1a contiki-z1.a(clock.o)
                0x000066fc                clock_seconds
 .any.text.leds_arch_init
                0x00006716        0xe contiki-z1.a(leds-arch.o)
                0x00006716                leds_arch_init
 .any.text.leds_arch_set
                0x00006724       0x38 contiki-z1.a(leds-arch.o)
                0x00006724                leds_arch_set
 .any.text.rtimer_arch_init
                0x0000675c        0xe contiki-z1.a(rtimer-arch.o)
                0x0000675c                rtimer_arch_init
 .any.text.rtimer_arch_now
                0x0000676a        0xe contiki-z1.a(rtimer-arch.o)
                0x0000676a                rtimer_arch_now
 .any.text.rtimer_arch_schedule
                0x00006778        0x6 contiki-z1.a(rtimer-arch.o)
                0x00006778                rtimer_arch_schedule
 .any.text.autostart_start
                0x0000677e       0x16 contiki-z1.a(autostart.o)
                0x0000677e                autostart_start
 .any.text.process_thread_ctimer_process
                0x00006794       0xa0 contiki-z1.a(ctimer.o)
 .any.text.ctimer_init
                0x00006834       0x18 contiki-z1.a(ctimer.o)
                0x00006834                ctimer_init
 .any.text.ctimer_set_with_process
                0x0000684c       0x4a contiki-z1.a(ctimer.o)
                0x0000684c                ctimer_set_with_process
 .any.text.ctimer_set
                0x00006896       0x10 contiki-z1.a(ctimer.o)
                0x00006896                ctimer_set
 .any.text.ctimer_reset
                0x000068a6       0x2c contiki-z1.a(ctimer.o)
                0x000068a6                ctimer_reset
 .any.text.ctimer_restart
                0x000068d2       0x2c contiki-z1.a(ctimer.o)
                0x000068d2                ctimer_restart
 .any.text.ctimer_stop
                0x000068fe       0x28 contiki-z1.a(ctimer.o)
                0x000068fe                ctimer_stop
 .any.text.ctimer_expired
                0x00006926       0x30 contiki-z1.a(ctimer.o)
                0x00006926                ctimer_expired
 .any.text.energest_init
                0x00006956       0x24 contiki-z1.a(energest.o)
                0x00006956                energest_init
 .any.text.energest_type_time
                0x0000697a       0x3c contiki-z1.a(energest.o)
                0x0000697a                energest_type_time
 .any.text.energest_type_set
                0x000069b6        0xc contiki-z1.a(energest.o)
                0x000069b6                energest_type_set
 .any.text.energest_flush
                0x000069c2       0x38 contiki-z1.a(energest.o)
                0x000069c2                energest_flush
 .any.text.update_time
                0x000069fa       0x70 contiki-z1.a(etimer.o)
 .any.text.etimer_request_poll
                0x00006a6a        0xa contiki-z1.a(etimer.o)
                0x00006a6a                etimer_request_poll
 .any.text.process_thread_etimer_process
                0x00006a74       0xc4 contiki-z1.a(etimer.o)
 .any.text.add_timer
                0x00006b38       0x40 contiki-z1.a(etimer.o)
 .any.text.etimer_set
                0x00006b78       0x12 contiki-z1.a(etimer.o)
                0x00006b78                etimer_set
 .any.text.etimer_reset
                0x00006b8a       0x12 contiki-z1.a(etimer.o)
                0x00006b8a                etimer_reset
 .any.text.etimer_restart
                0x00006b9c       0x12 contiki-z1.a(etimer.o)
                0x00006b9c                etimer_restart
 .any.text.etimer_expired
                0x00006bae        0xe contiki-z1.a(etimer.o)
                0x00006bae                etimer_expired
 .any.text.etimer_expiration_time
                0x00006bbc       0x14 contiki-z1.a(etimer.o)
                0x00006bbc                etimer_expiration_time
 .any.text.etimer_pending
                0x00006bd0        0xc contiki-z1.a(etimer.o)
                0x00006bd0                etimer_pending
 .any.text.etimer_next_expiration_time
                0x00006bdc       0x16 contiki-z1.a(etimer.o)
                0x00006bdc                etimer_next_expiration_time
 .any.text.etimer_stop
                0x00006bf2       0x3e contiki-z1.a(etimer.o)
                0x00006bf2                etimer_stop
 .any.text.call_process
                0x00006c30       0x40 contiki-z1.a(process.o)
 .any.text.exit_process
                0x00006c70       0x88 contiki-z1.a(process.o)
 .any.text.do_poll
                0x00006cf8       0x30 contiki-z1.a(process.o)
 .any.text.process_alloc_event
                0x00006d28        0xe contiki-z1.a(process.o)
                0x00006d28                process_alloc_event
 .any.text.process_init
                0x00006d36       0x1c contiki-z1.a(process.o)
                0x00006d36                process_init
 .any.text.process_run
                0x00006d52       0xa4 contiki-z1.a(process.o)
                0x00006d52                process_run
 .any.text.process_nevents
                0x00006df6        0xe contiki-z1.a(process.o)
                0x00006df6                process_nevents
 .any.text.process_post
                0x00006e04       0x50 contiki-z1.a(process.o)
                0x00006e04                process_post
 .any.text.process_post_synch
                0x00006e54       0x12 contiki-z1.a(process.o)
                0x00006e54                process_post_synch
 .any.text.process_start
                0x00006e66       0x36 contiki-z1.a(process.o)
                0x00006e66                process_start
 .any.text.process_poll
                0x00006e9c       0x18 contiki-z1.a(process.o)
                0x00006e9c                process_poll
 .any.text.rtimer_init
                0x00006eb4        0x6 contiki-z1.a(rtimer.o)
                0x00006eb4                rtimer_init
 .any.text.rtimer_run_next
                0x00006eba       0x26 contiki-z1.a(rtimer.o)
                0x00006eba                rtimer_run_next
 .any.text.timer_set
                0x00006ee0       0x1c contiki-z1.a(timer.o)
                0x00006ee0                timer_set
 .any.text.timer_reset
                0x00006efc        0xe contiki-z1.a(timer.o)
                0x00006efc                timer_reset
 .any.text.timer_restart
                0x00006f0a       0x14 contiki-z1.a(timer.o)
                0x00006f0a                timer_restart
 .any.text.timer_expired
                0x00006f1e       0x2a contiki-z1.a(timer.o)
                0x00006f1e                timer_expired
 .any.text.list_init
                0x00006f48        0x6 contiki-z1.a(list.o)
                0x00006f48                list_init
 .any.text.list_head
                0x00006f4e        0x4 contiki-z1.a(list.o)
                0x00006f4e                list_head
 .any.text.list_tail
                0x00006f52       0x12 contiki-z1.a(list.o)
                0x00006f52                list_tail
 .any.text.list_remove
                0x00006f64       0x34 contiki-z1.a(list.o)
                0x00006f64                list_remove
 .any.text.list_push
                0x00006f98       0x16 contiki-z1.a(list.o)
                0x00006f98                list_push
 .any.text.list_add
                0x00006fae       0x26 contiki-z1.a(list.o)
                0x00006fae                list_add
 .any.text.list_length
                0x00006fd4       0x10 contiki-z1.a(list.o)
                0x00006fd4                list_length
 .any.text.list_item_next
                0x00006fe4        0xc contiki-z1.a(list.o)
                0x00006fe4                list_item_next
 .any.text.random_init
                0x00006ff0        0x6 contiki-z1.a(random.o)
                0x00006ff0                random_init
 .any.text.random_rand
                0x00006ff6        0x6 contiki-z1.a(random.o)
                0x00006ff6                random_rand
 .any.text.uip_ds6_list_loop
                0x00006ffc       0x66 contiki-z1.a(uip-ds6.o)
                0x00006ffc                uip_ds6_list_loop
 .any.text.uip_ds6_prefix_add
                0x00007062       0x70 contiki-z1.a(uip-ds6.o)
                0x00007062                uip_ds6_prefix_add
 .any.text.uip_ds6_is_addr_onlink
                0x000070d2       0x42 contiki-z1.a(uip-ds6.o)
                0x000070d2                uip_ds6_is_addr_onlink
 .any.text.uip_ds6_addr_lookup
                0x00007114       0x2a contiki-z1.a(uip-ds6.o)
                0x00007114                uip_ds6_addr_lookup
 .any.text.uip_ds6_get_link_local
                0x0000713e       0x3e contiki-z1.a(uip-ds6.o)
                0x0000713e                uip_ds6_get_link_local
 .any.text.uip_ds6_maddr_add
                0x0000717c       0x48 contiki-z1.a(uip-ds6.o)
                0x0000717c                uip_ds6_maddr_add
 .any.text.uip_ds6_addr_add
                0x000071c4       0xb4 contiki-z1.a(uip-ds6.o)
                0x000071c4                uip_ds6_addr_add
 .any.text.uip_ds6_maddr_rm
                0x00007278        0xa contiki-z1.a(uip-ds6.o)
                0x00007278                uip_ds6_maddr_rm
 .any.text.uip_ds6_maddr_lookup
                0x00007282       0x2a contiki-z1.a(uip-ds6.o)
                0x00007282                uip_ds6_maddr_lookup
 .any.text.uip_ds6_addr_rm
                0x000072ac       0x54 contiki-z1.a(uip-ds6.o)
                0x000072ac                uip_ds6_addr_rm
 .any.text.uip_ds6_periodic
                0x00007300       0x4a contiki-z1.a(uip-ds6.o)
                0x00007300                uip_ds6_periodic
 .any.text.uip_ds6_set_addr_iid
                0x0000734a       0x14 contiki-z1.a(uip-ds6.o)
                0x0000734a                uip_ds6_set_addr_iid
 .any.text.get_match_length
                0x0000735e       0x3c contiki-z1.a(uip-ds6.o)
                0x0000735e                get_match_length
 .any.text.uip_ds6_select_src
                0x0000739a       0x9a contiki-z1.a(uip-ds6.o)
                0x0000739a                uip_ds6_select_src
 .any.text.uip_ds6_compute_reachable_time
                0x00007434       0x36 contiki-z1.a(uip-ds6.o)
                0x00007434                uip_ds6_compute_reachable_time
 .any.text.uip_ds6_init
                0x0000746a      0x138 contiki-z1.a(uip-ds6.o)
                0x0000746a                uip_ds6_init
 .any.text.call_route_callback
                0x000075a2       0x40 contiki-z1.a(uip-ds6-route.o)
 .any.text.uip_ds6_route_init
                0x000075e2       0x36 contiki-z1.a(uip-ds6-route.o)
                0x000075e2                uip_ds6_route_init
 .any.text.uip_ds6_route_nexthop
                0x00007618       0x1a contiki-z1.a(uip-ds6-route.o)
                0x00007618                uip_ds6_route_nexthop
 .any.text.uip_ds6_route_head
                0x00007632        0xa contiki-z1.a(uip-ds6-route.o)
                0x00007632                uip_ds6_route_head
 .any.text.uip_ds6_route_next
                0x0000763c        0xe contiki-z1.a(uip-ds6-route.o)
                0x0000763c                uip_ds6_route_next
 .any.text.uip_ds6_route_lookup
                0x0000764a       0x6e contiki-z1.a(uip-ds6-route.o)
                0x0000764a                uip_ds6_route_lookup
 .any.text.uip_ds6_route_rm
                0x000076b8       0xa2 contiki-z1.a(uip-ds6-route.o)
                0x000076b8                uip_ds6_route_rm
 .any.text.rm_routelist
                0x0000775a       0x34 contiki-z1.a(uip-ds6-route.o)
 .any.text.rm_routelist_callback
                0x0000778e        0x6 contiki-z1.a(uip-ds6-route.o)
 .any.text.uip_ds6_route_add
                0x00007794      0x102 contiki-z1.a(uip-ds6-route.o)
                0x00007794                uip_ds6_route_add
 .any.text.uip_ds6_defrt_rm
                0x00007896       0x44 contiki-z1.a(uip-ds6-route.o)
                0x00007896                uip_ds6_defrt_rm
 .any.text.uip_ds6_defrt_lookup
                0x000078da       0x32 contiki-z1.a(uip-ds6-route.o)
                0x000078da                uip_ds6_defrt_lookup
 .any.text.uip_ds6_defrt_add
                0x0000790c       0x68 contiki-z1.a(uip-ds6-route.o)
                0x0000790c                uip_ds6_defrt_add
 .any.text.uip_ds6_defrt_choose
                0x00007974       0x36 contiki-z1.a(uip-ds6-route.o)
                0x00007974                uip_ds6_defrt_choose
 .any.text.uip_ds6_defrt_periodic
                0x000079aa       0x38 contiki-z1.a(uip-ds6-route.o)
                0x000079aa                uip_ds6_defrt_periodic
 .any.text.chksum
                0x000079e2       0x32 contiki-z1.a(uip6.o)
 .any.text.upper_layer_chksum
                0x00007a14       0x56 contiki-z1.a(uip6.o)
 .any.text.ext_hdr_options_process
                0x00007a6a       0xc2 contiki-z1.a(uip6.o)
 .any.text.uip_icmp6chksum
                0x00007b2c        0xa contiki-z1.a(uip6.o)
                0x00007b2c                uip_icmp6chksum
 .any.text.uip_udpchksum
                0x00007b36        0xa contiki-z1.a(uip6.o)
                0x00007b36                uip_udpchksum
 .any.text.uip_init
                0x00007b40       0x36 contiki-z1.a(uip6.o)
                0x00007b40                uip_init
 .any.text.remove_ext_hdr
                0x00007b76       0x50 contiki-z1.a(uip6.o)
                0x00007b76                remove_ext_hdr
 .any.text.uip_udp_new
                0x00007bc6       0xb8 contiki-z1.a(uip6.o)
                0x00007bc6                uip_udp_new
 .any.text.uip_process
                0x00007c7e      0x48e contiki-z1.a(uip6.o)
                0x00007c7e                uip_process
 .any.text.uip_htons
                0x0000810c        0xc contiki-z1.a(uip6.o)
                0x0000810c                uip_htons
 .any.text.uip_htonl
                0x00008118       0x2a contiki-z1.a(uip6.o)
                0x00008118                uip_htonl
 .any.text.uip_ds6_nbr_rm
                0x00008142       0x1a contiki-z1.a(uip-ds6-nbr.o)
                0x00008142                uip_ds6_nbr_rm
 .any.text.uip_ds6_neighbors_init
                0x0000815c        0xe contiki-z1.a(uip-ds6-nbr.o)
                0x0000815c                uip_ds6_neighbors_init
 .any.text.uip_ds6_nbr_add
                0x0000816a       0x54 contiki-z1.a(uip-ds6-nbr.o)
                0x0000816a                uip_ds6_nbr_add
 .any.text.uip_ds6_nbr_get_ll
                0x000081be        0xc contiki-z1.a(uip-ds6-nbr.o)
                0x000081be                uip_ds6_nbr_get_ll
 .any.text.uip_ds6_nbr_lookup
                0x000081ca       0x3e contiki-z1.a(uip-ds6-nbr.o)
                0x000081ca                uip_ds6_nbr_lookup
 .any.text.uip_ds6_nbr_ll_lookup
                0x00008208        0xc contiki-z1.a(uip-ds6-nbr.o)
                0x00008208                uip_ds6_nbr_ll_lookup
 .any.text.uip_ds6_nbr_ipaddr_from_lladdr
                0x00008214        0x6 contiki-z1.a(uip-ds6-nbr.o)
                0x00008214                uip_ds6_nbr_ipaddr_from_lladdr
 .any.text.uip_ds6_nbr_lladdr_from_ipaddr
                0x0000821a       0x12 contiki-z1.a(uip-ds6-nbr.o)
                0x0000821a                uip_ds6_nbr_lladdr_from_ipaddr
 .any.text.uip_ds6_link_neighbor_callback
                0x0000822c       0x26 contiki-z1.a(uip-ds6-nbr.o)
                0x0000822c                uip_ds6_link_neighbor_callback
 .any.text.uip_ds6_neighbor_periodic
                0x00008252       0x5c contiki-z1.a(uip-ds6-nbr.o)
                0x00008252                uip_ds6_neighbor_periodic
 .any.text.uip_nd6_init
                0x000082ae        0x2 contiki-z1.a(uip-nd6.o)
                0x000082ae                uip_nd6_init
 .any.text.clear_fragments
                0x000082b0       0x38 contiki-z1.a(sicslowpan.o)
 .any.text.set_packet_attrs
                0x000082e8       0x46 contiki-z1.a(sicslowpan.o)
 .any.text.addr_context_lookup_by_number
                0x0000832e       0x30 contiki-z1.a(sicslowpan.o)
 .any.text.compress_addr_64
                0x0000835e       0x9a contiki-z1.a(sicslowpan.o)
 .any.text.store_fragment
                0x000083f8       0x6e contiki-z1.a(sicslowpan.o)
 .any.text.uncompress_addr
                0x00008466       0x96 contiki-z1.a(sicslowpan.o)
 .any.text.sicslowpan_init
                0x000084fc       0x26 contiki-z1.a(sicslowpan.o)
                0x000084fc                sicslowpan_init
 .any.text.addr_context_lookup_by_prefix
                0x00008522       0x4a contiki-z1.a(sicslowpan.o)
 .any.text.packet_sent
                0x0000856c       0x22 contiki-z1.a(sicslowpan.o)
 .any.text.add_fragment
                0x0000858e      0x160 contiki-z1.a(sicslowpan.o)
 .any.text.input
                0x000086ee      0x606 contiki-z1.a(sicslowpan.o)
 .any.text.send_packet
                0x00008cf4       0x1a contiki-z1.a(sicslowpan.o)
 .any.text.output
                0x00008d0e      0x680 contiki-z1.a(sicslowpan.o)
 .any.text.uip_debug_ipaddr_print
                0x0000938e       0xbc contiki-z1.a(uip-debug.o)
                0x0000938e                uip_debug_ipaddr_print
 .any.text.tcpip_output
                0x0000944a       0x10 contiki-z1.a(tcpip.o)
                0x0000944a                tcpip_output
 .any.text.tcpip_set_outputfunc
                0x0000945a        0x6 contiki-z1.a(tcpip.o)
                0x0000945a                tcpip_set_outputfunc
 .any.text.udp_new
                0x00009460       0x1a contiki-z1.a(tcpip.o)
                0x00009460                udp_new
 .any.text.tcpip_input
                0x0000947a       0x16 contiki-z1.a(tcpip.o)
                0x0000947a                tcpip_input
 .any.text.tcpip_ipv6_output
                0x00009490       0xce contiki-z1.a(tcpip.o)
                0x00009490                tcpip_ipv6_output
 .any.text.process_thread_tcpip_process
                0x0000955e       0xd0 contiki-z1.a(tcpip.o)
 .any.text.tcpip_uipcall
                0x0000962e       0x2a contiki-z1.a(tcpip.o)
                0x0000962e                tcpip_uipcall
 .any.text.process_thread_simple_udp_process
                0x00009658       0x9e contiki-z1.a(simple-udp.o)
 .any.text.simple_udp_send
                0x000096f6       0x2a contiki-z1.a(simple-udp.o)
                0x000096f6                simple_udp_send
 .any.text.simple_udp_register
                0x00009720       0x84 contiki-z1.a(simple-udp.o)
                0x00009720                simple_udp_register
 .any.text.lollipop_greater_than
                0x000097a4       0x3c contiki-z1.a(rpl-dag.o)
 .any.text.find_parent_any_dag_any_instance
                0x000097e0       0x14 contiki-z1.a(rpl-dag.o)
 .any.text.rpl_set_preferred_parent
                0x000097f4       0x2c contiki-z1.a(rpl-dag.o)
 .any.text.set_ip_from_prefix
                0x00009820       0x30 contiki-z1.a(rpl-dag.o)
 .any.text.check_prefix
                0x00009850       0x70 contiki-z1.a(rpl-dag.o)
 .any.text.rpl_get_nbr
                0x000098c0       0x1e contiki-z1.a(rpl-dag.o)
                0x000098c0                rpl_get_nbr
 .any.text.rpl_dag_init
                0x000098de        0xe contiki-z1.a(rpl-dag.o)
                0x000098de                rpl_dag_init
 .any.text.rpl_get_parent
                0x000098ec        0xc contiki-z1.a(rpl-dag.o)
                0x000098ec                rpl_get_parent
 .any.text.rpl_get_parent_ipaddr
                0x000098f8       0x10 contiki-z1.a(rpl-dag.o)
                0x000098f8                rpl_get_parent_ipaddr
 .any.text.rpl_set_prefix
                0x00009908       0x74 contiki-z1.a(rpl-dag.o)
                0x00009908                rpl_set_prefix
 .any.text.rpl_set_default_route
                0x0000997c       0x60 contiki-z1.a(rpl-dag.o)
                0x0000997c                rpl_set_default_route
 .any.text.rpl_alloc_instance
                0x000099dc       0x34 contiki-z1.a(rpl-dag.o)
                0x000099dc                rpl_alloc_instance
 .any.text.rpl_add_parent
                0x00009a10       0x4e contiki-z1.a(rpl-dag.o)
                0x00009a10                rpl_add_parent
 .any.text.rpl_find_parent
                0x00009a5e       0x1a contiki-z1.a(rpl-dag.o)
                0x00009a5e                rpl_find_parent
 .any.text.rpl_find_parent_any_dag
                0x00009a78       0x22 contiki-z1.a(rpl-dag.o)
                0x00009a78                rpl_find_parent_any_dag
 .any.text.rpl_select_parent
                0x00009a9a       0x74 contiki-z1.a(rpl-dag.o)
                0x00009a9a                rpl_select_parent
 .any.text.rpl_select_dag
                0x00009b0e      0x190 contiki-z1.a(rpl-dag.o)
                0x00009b0e                rpl_select_dag
 .any.text.rpl_nullify_parent
                0x00009c9e       0x4e contiki-z1.a(rpl-dag.o)
                0x00009c9e                rpl_nullify_parent
 .any.text.rpl_remove_parent
                0x00009cec       0x16 contiki-z1.a(rpl-dag.o)
                0x00009cec                rpl_remove_parent
 .any.text.nbr_callback
                0x00009d02        0x6 contiki-z1.a(rpl-dag.o)
 .any.text.remove_parents.constprop.5
                0x00009d08       0x2c contiki-z1.a(rpl-dag.o)
 .any.text.rpl_free_dag
                0x00009d34       0x34 contiki-z1.a(rpl-dag.o)
                0x00009d34                rpl_free_dag
 .any.text.rpl_move_parent
                0x00009d68       0x52 contiki-z1.a(rpl-dag.o)
                0x00009d68                rpl_move_parent
 .any.text.rpl_get_any_dag
                0x00009dba       0x16 contiki-z1.a(rpl-dag.o)
                0x00009dba                rpl_get_any_dag
 .any.text.rpl_get_instance
                0x00009dd0       0x16 contiki-z1.a(rpl-dag.o)
                0x00009dd0                rpl_get_instance
 .any.text.rpl_alloc_dag
                0x00009de6       0x60 contiki-z1.a(rpl-dag.o)
                0x00009de6                rpl_alloc_dag
 .any.text.rpl_repair_root
                0x00009e46       0x4c contiki-z1.a(rpl-dag.o)
                0x00009e46                rpl_repair_root
 .any.text.rpl_find_of
                0x00009e92       0x10 contiki-z1.a(rpl-dag.o)
                0x00009e92                rpl_find_of
 .any.text.rpl_join_instance
                0x00009ea2      0x122 contiki-z1.a(rpl-dag.o)
                0x00009ea2                rpl_join_instance
 .any.text.rpl_local_repair
                0x00009fc4       0x62 contiki-z1.a(rpl-dag.o)
                0x00009fc4                rpl_local_repair
 .any.text.rpl_process_parent_event
                0x0000a026       0x6a contiki-z1.a(rpl-dag.o)
                0x0000a026                rpl_process_parent_event
 .any.text.rpl_recalculate_ranks
                0x0000a090       0x44 contiki-z1.a(rpl-dag.o)
                0x0000a090                rpl_recalculate_ranks
 .any.text.rpl_add_dag
                0x0000a0d4      0x10a contiki-z1.a(rpl-dag.o)
                0x0000a0d4                rpl_add_dag
 .any.text.rpl_process_dio
                0x0000a1de      0x318 contiki-z1.a(rpl-dag.o)
                0x0000a1de                rpl_process_dio
 .any.text.new_dio_interval
                0x0000a4f6       0x8a contiki-z1.a(rpl-timers.o)
 .any.text.handle_unicast_dio_timer
                0x0000a580       0x1c contiki-z1.a(rpl-timers.o)
 .any.text.set_dao_lifetime_timer
                0x0000a59c       0x66 contiki-z1.a(rpl-timers.o)
 .any.text.handle_periodic_timer
                0x0000a602       0x32 contiki-z1.a(rpl-timers.o)
 .any.text.schedule_dao
                0x0000a634       0x72 contiki-z1.a(rpl-timers.o)
 .any.text.handle_dio_timer
                0x0000a6a6       0x88 contiki-z1.a(rpl-timers.o)
 .any.text.handle_dao_timer
                0x0000a72e       0x64 contiki-z1.a(rpl-timers.o)
 .any.text.rpl_reset_periodic_timer
                0x0000a792       0x54 contiki-z1.a(rpl-timers.o)
                0x0000a792                rpl_reset_periodic_timer
 .any.text.rpl_reset_dio_timer
                0x0000a7e6       0x18 contiki-z1.a(rpl-timers.o)
                0x0000a7e6                rpl_reset_dio_timer
 .any.text.rpl_schedule_dao
                0x0000a7fe        0xc contiki-z1.a(rpl-timers.o)
                0x0000a7fe                rpl_schedule_dao
 .any.text.rpl_schedule_unicast_dio_immediately
                0x0000a80a       0x16 contiki-z1.a(rpl-timers.o)
                0x0000a80a                rpl_schedule_unicast_dio_immediately
 .any.text.rpl_schedule_probing
                0x0000a820       0x34 contiki-z1.a(rpl-timers.o)
                0x0000a820                rpl_schedule_probing
 .any.text.handle_probing_timer
                0x0000a854      0x108 contiki-z1.a(rpl-timers.o)
 .any.text.rpl_verify_header
                0x0000a95c       0xfa contiki-z1.a(rpl-ext-header.)
                0x0000a95c                rpl_verify_header
 .any.text.rpl_update_header_empty
                0x0000aa56      0x12a contiki-z1.a(rpl-ext-header.)
                0x0000aa56                rpl_update_header_empty
 .any.text.rpl_update_header_final
                0x0000ab80       0x8e contiki-z1.a(rpl-ext-header.)
                0x0000ab80                rpl_update_header_final
 .any.text.rpl_invert_header
                0x0000ac0e       0x74 contiki-z1.a(rpl-ext-header.)
                0x0000ac0e                rpl_invert_header
 .any.text.rpl_insert_header
                0x0000ac82       0x12 contiki-z1.a(rpl-ext-header.)
                0x0000ac82                rpl_insert_header
 .any.text.rpl_get_mode
                0x0000ac94        0x6 contiki-z1.a(rpl.o)
                0x0000ac94                rpl_get_mode
 .any.text.rpl_purge_routes
                0x0000ac9a       0x96 contiki-z1.a(rpl.o)
                0x0000ac9a                rpl_purge_routes
 .any.text.rpl_remove_routes
                0x0000ad30       0x22 contiki-z1.a(rpl.o)
                0x0000ad30                rpl_remove_routes
 .any.text.rpl_remove_routes_by_nexthop
                0x0000ad52       0x3e contiki-z1.a(rpl.o)
                0x0000ad52                rpl_remove_routes_by_nexthop
 .any.text.rpl_add_route
                0x0000ad90       0x48 contiki-z1.a(rpl.o)
                0x0000ad90                rpl_add_route
 .any.text.rpl_link_neighbor_callback
                0x0000add8       0x74 contiki-z1.a(rpl.o)
                0x0000add8                rpl_link_neighbor_callback
 .any.text.rpl_ipv6_neighbor_callback
                0x0000ae4c       0x1e contiki-z1.a(rpl.o)
                0x0000ae4c                rpl_ipv6_neighbor_callback
 .any.text.rpl_purge_dags
                0x0000ae6a       0x60 contiki-z1.a(rpl.o)
                0x0000ae6a                rpl_purge_dags
 .any.text.rpl_init
                0x0000aeca       0x4a contiki-z1.a(rpl.o)
                0x0000aeca                rpl_init
 .any.text.reset
                0x0000af14        0x2 contiki-z1.a(rpl-mrhof.o)
 .any.text.update_metric_container
                0x0000af16        0x6 contiki-z1.a(rpl-mrhof.o)
 .any.text.calculate_rank
                0x0000af1c       0x3e contiki-z1.a(rpl-mrhof.o)
 .any.text.neighbor_link_callback
                0x0000af5a       0x8c contiki-z1.a(rpl-mrhof.o)
 .any.text.best_dag
                0x0000afe6       0x2e contiki-z1.a(rpl-mrhof.o)
 .any.text.best_parent
                0x0000b014       0x66 contiki-z1.a(rpl-mrhof.o)
 .any.text.queuebuf_init
                0x0000b07a       0x12 contiki-z1.a(queuebuf.o)
                0x0000b07a                queuebuf_init
 .any.text.queuebuf_numfree
                0x0000b08c        0xa contiki-z1.a(queuebuf.o)
                0x0000b08c                queuebuf_numfree
 .any.text.queuebuf_new_from_packetbuf
                0x0000b096       0x4e contiki-z1.a(queuebuf.o)
                0x0000b096                queuebuf_new_from_packetbuf
 .any.text.queuebuf_free
                0x0000b0e4       0x2a contiki-z1.a(queuebuf.o)
                0x0000b0e4                queuebuf_free
 .any.text.queuebuf_to_packetbuf
                0x0000b10e       0x32 contiki-z1.a(queuebuf.o)
                0x0000b10e                queuebuf_to_packetbuf
 .any.text.item_from_index
                0x0000b140       0x2a contiki-z1.a(nbr-table.o)
 .any.text.index_from_key
                0x0000b16a       0x26 contiki-z1.a(nbr-table.o)
 .any.text.index_from_item
                0x0000b190       0x1e contiki-z1.a(nbr-table.o)
 .any.text.nbr_set_bit
                0x0000b1ae       0x50 contiki-z1.a(nbr-table.o)
 .any.text.index_from_lladdr
                0x0000b1fe       0x3e contiki-z1.a(nbr-table.o)
 .any.text.nbr_get_bit.constprop.0
                0x0000b23c       0x2c contiki-z1.a(nbr-table.o)
 .any.text.nbr_table_register
                0x0000b268       0x26 contiki-z1.a(nbr-table.o)
                0x0000b268                nbr_table_register
 .any.text.nbr_table_next
                0x0000b28e       0x4c contiki-z1.a(nbr-table.o)
                0x0000b28e                nbr_table_next
 .any.text.nbr_table_head
                0x0000b2da       0x36 contiki-z1.a(nbr-table.o)
                0x0000b2da                nbr_table_head
 .any.text.nbr_table_add_lladdr
                0x0000b310      0x110 contiki-z1.a(nbr-table.o)
                0x0000b310                nbr_table_add_lladdr
 .any.text.nbr_table_get_from_lladdr
                0x0000b420       0x28 contiki-z1.a(nbr-table.o)
                0x0000b420                nbr_table_get_from_lladdr
 .any.text.nbr_table_remove
                0x0000b448       0x2a contiki-z1.a(nbr-table.o)
                0x0000b448                nbr_table_remove
 .any.text.nbr_table_lock
                0x0000b472       0x10 contiki-z1.a(nbr-table.o)
                0x0000b472                nbr_table_lock
 .any.text.nbr_table_unlock
                0x0000b482       0x10 contiki-z1.a(nbr-table.o)
                0x0000b482                nbr_table_unlock
 .any.text.nbr_table_get_lladdr
                0x0000b492       0x20 contiki-z1.a(nbr-table.o)
                0x0000b492                nbr_table_get_lladdr
 .any.text.packetbuf_copyto
                0x0000b4b2       0x46 contiki-z1.a(packetbuf.o)
                0x0000b4b2                packetbuf_copyto
 .any.text.packetbuf_hdrreduce
                0x0000b4f8       0x1a contiki-z1.a(packetbuf.o)
                0x0000b4f8                packetbuf_hdrreduce
 .any.text.packetbuf_set_datalen
                0x0000b512        0x6 contiki-z1.a(packetbuf.o)
                0x0000b512                packetbuf_set_datalen
 .any.text.packetbuf_dataptr
                0x0000b518        0xe contiki-z1.a(packetbuf.o)
                0x0000b518                packetbuf_dataptr
 .any.text.packetbuf_hdrptr
                0x0000b526        0xa contiki-z1.a(packetbuf.o)
                0x0000b526                packetbuf_hdrptr
 .any.text.packetbuf_datalen
                0x0000b530        0x6 contiki-z1.a(packetbuf.o)
                0x0000b530                packetbuf_datalen
 .any.text.packetbuf_hdrlen
                0x0000b536       0x10 contiki-z1.a(packetbuf.o)
                0x0000b536                packetbuf_hdrlen
 .any.text.packetbuf_totlen
                0x0000b546        0xc contiki-z1.a(packetbuf.o)
                0x0000b546                packetbuf_totlen
 .any.text.packetbuf_hdralloc
                0x0000b552       0x2a contiki-z1.a(packetbuf.o)
                0x0000b552                packetbuf_hdralloc
 .any.text.packetbuf_attr_clear
                0x0000b57c       0x28 contiki-z1.a(packetbuf.o)
                0x0000b57c                packetbuf_attr_clear
 .any.text.packetbuf_clear
                0x0000b5a4       0x1a contiki-z1.a(packetbuf.o)
                0x0000b5a4                packetbuf_clear
 .any.text.packetbuf_copyfrom
                0x0000b5be       0x2a contiki-z1.a(packetbuf.o)
                0x0000b5be                packetbuf_copyfrom
 .any.text.packetbuf_attr_copyto
                0x0000b5e8       0x22 contiki-z1.a(packetbuf.o)
                0x0000b5e8                packetbuf_attr_copyto
 .any.text.packetbuf_attr_copyfrom
                0x0000b60a       0x24 contiki-z1.a(packetbuf.o)
                0x0000b60a                packetbuf_attr_copyfrom
 .any.text.packetbuf_holds_broadcast
                0x0000b62e        0xe contiki-z1.a(packetbuf.o)
                0x0000b62e                packetbuf_holds_broadcast
 .any.text.linkaddr_copy
                0x0000b63c        0x8 contiki-z1.a(linkaddr.o)
                0x0000b63c                linkaddr_copy
 .any.text.linkaddr_cmp
                0x0000b644       0x12 contiki-z1.a(linkaddr.o)
                0x0000b644                linkaddr_cmp
 .any.text.linkaddr_set_node_addr
                0x0000b656        0xc contiki-z1.a(linkaddr.o)
                0x0000b656                linkaddr_set_node_addr
 .any.text.send_packet
                0x0000b662        0x6 contiki-z1.a(nullmac.o)
 .any.text.packet_input
                0x0000b668        0x6 contiki-z1.a(nullmac.o)
 .any.text.on   0x0000b66e        0x6 contiki-z1.a(nullmac.o)
 .any.text.off  0x0000b674        0x6 contiki-z1.a(nullmac.o)
 .any.text.channel_check_interval
                0x0000b67a        0x4 contiki-z1.a(nullmac.o)
 .any.text.init
                0x0000b67e        0x2 contiki-z1.a(nullmac.o)
 .any.text.create_frame.isra.0
                0x0000b680      0x114 contiki-z1.a(framer-802154.o)
 .any.text.create
                0x0000b794        0x8 contiki-z1.a(framer-802154.o)
 .any.text.hdr_length
                0x0000b79c        0x8 contiki-z1.a(framer-802154.o)
 .any.text.parse
                0x0000b7a4       0x9a contiki-z1.a(framer-802154.o)
 .any.text.on   0x0000b83e        0x6 contiki-z1.a(nullrdc.o)
 .any.text.channel_check_interval
                0x0000b844        0x4 contiki-z1.a(nullrdc.o)
 .any.text.init
                0x0000b848        0x6 contiki-z1.a(nullrdc.o)
 .any.text.off  0x0000b84e       0x10 contiki-z1.a(nullrdc.o)
 .any.text.packet_input
                0x0000b85e       0x28 contiki-z1.a(nullrdc.o)
 .any.text.send_one_packet
                0x0000b886       0x62 contiki-z1.a(nullrdc.o)
 .any.text.send_list
                0x0000b8e8       0x28 contiki-z1.a(nullrdc.o)
 .any.text.send_packet
                0x0000b910        0x6 contiki-z1.a(nullrdc.o)
 .any.text.init
                0x0000b916        0x2 contiki-z1.a(nullsec.o)
 .any.text.send
                0x0000b918        0xa contiki-z1.a(nullsec.o)
 .any.text.input
                0x0000b922        0x6 contiki-z1.a(nullsec.o)
 .any.text.i2c_receiveinit
                0x0000b928       0x36 contiki-z1.a(i2cmaster.o)
                0x0000b928                i2c_receiveinit
 .any.text.i2c_transmitinit
                0x0000b95e       0x30 contiki-z1.a(i2cmaster.o)
                0x0000b95e                i2c_transmitinit
 .any.text.i2c_receive_n
                0x0000b98e       0x3e contiki-z1.a(i2cmaster.o)
                0x0000b98e                i2c_receive_n
 .any.text.i2c_busy
                0x0000b9cc        0xa contiki-z1.a(i2cmaster.o)
                0x0000b9cc                i2c_busy
 .any.text.i2c_enable
                0x0000b9d6       0x22 contiki-z1.a(i2cmaster.o)
                0x0000b9d6                i2c_enable
 .any.text.i2c_transmit_n
                0x0000b9f8       0x14 contiki-z1.a(i2cmaster.o)
                0x0000b9f8                i2c_transmit_n
 .any.text.status
                0x0000ba0c       0x18 contiki-z1.a(button-sensor.o)
 .any.text.value
                0x0000ba24       0x20 contiki-z1.a(button-sensor.o)
 .any.text.configure
                0x0000ba44       0x4e contiki-z1.a(button-sensor.o)
 .any.text.stimer_set
                0x0000ba92       0x1c contiki-z1.a(stimer.o)
                0x0000ba92                stimer_set
 .any.text.stimer_expired
                0x0000baae       0x30 contiki-z1.a(stimer.o)
                0x0000baae                stimer_expired
 .any.text.memb_init
                0x0000bade       0x36 contiki-z1.a(memb.o)
                0x0000bade                memb_init
 .any.text.memb_alloc
                0x0000bb14       0x3e contiki-z1.a(memb.o)
                0x0000bb14                memb_alloc
 .any.text.memb_free
                0x0000bb52       0x3a contiki-z1.a(memb.o)
                0x0000bb52                memb_free
 .any.text.memb_inmemb
                0x0000bb8c       0x2a contiki-z1.a(memb.o)
                0x0000bb8c                memb_inmemb
 .any.text.memb_numfree
                0x0000bbb6       0x26 contiki-z1.a(memb.o)
                0x0000bbb6                memb_numfree
 .any.text.echo_reply_input
                0x0000bbdc      0x10c contiki-z1.a(uip-icmp6.o)
 .any.text.echo_request_input
                0x0000bce8      0x128 contiki-z1.a(uip-icmp6.o)
 .any.text.uip_icmp6_input
                0x0000be10       0x44 contiki-z1.a(uip-icmp6.o)
                0x0000be10                uip_icmp6_input
 .any.text.uip_icmp6_register_input_handler
                0x0000be54        0xc contiki-z1.a(uip-icmp6.o)
                0x0000be54                uip_icmp6_register_input_handler
 .any.text.uip_icmp6_error_output
                0x0000be60      0x170 contiki-z1.a(uip-icmp6.o)
                0x0000be60                uip_icmp6_error_output
 .any.text.uip_icmp6_send
                0x0000bfd0       0x84 contiki-z1.a(uip-icmp6.o)
                0x0000bfd0                uip_icmp6_send
 .any.text.uip_icmp6_init
                0x0000c054       0x12 contiki-z1.a(uip-icmp6.o)
                0x0000c054                uip_icmp6_init
 .any.text.uip_udp_packet_send
                0x0000c066       0x2e contiki-z1.a(uip-udp-packet.)
                0x0000c066                uip_udp_packet_send
 .any.text.uip_udp_packet_sendto
                0x0000c094       0x56 contiki-z1.a(uip-udp-packet.)
                0x0000c094                uip_udp_packet_sendto
 .any.text.get32
                0x0000c0ea       0x3e contiki-z1.a(rpl-icmp6.o)
 .any.text.set32
                0x0000c128       0x2a contiki-z1.a(rpl-icmp6.o)
 .any.text.get16
                0x0000c152        0xe contiki-z1.a(rpl-icmp6.o)
 .any.text.set16
                0x0000c160       0x10 contiki-z1.a(rpl-icmp6.o)
 .any.text.dao_ack_input
                0x0000c170        0xa contiki-z1.a(rpl-icmp6.o)
 .any.text.dio_input
                0x0000c17a      0x2b4 contiki-z1.a(rpl-icmp6.o)
 .any.text.dis_output
                0x0000c42e       0x50 contiki-z1.a(rpl-icmp6.o)
                0x0000c42e                dis_output
 .any.text.dio_output
                0x0000c47e      0x242 contiki-z1.a(rpl-icmp6.o)
                0x0000c47e                dio_output
 .any.text.dis_input
                0x0000c6c0       0x2c contiki-z1.a(rpl-icmp6.o)
 .any.text.dao_output_target
                0x0000c6ec       0xce contiki-z1.a(rpl-icmp6.o)
                0x0000c6ec                dao_output_target
 .any.text.dao_output
                0x0000c7ba       0x68 contiki-z1.a(rpl-icmp6.o)
                0x0000c7ba                dao_output
 .any.text.dao_ack_output
                0x0000c822       0x32 contiki-z1.a(rpl-icmp6.o)
                0x0000c822                dao_ack_output
 .any.text.dao_input
                0x0000c854      0x23a contiki-z1.a(rpl-icmp6.o)
 .any.text.rpl_icmp6_register_handlers
                0x0000ca8e       0x22 contiki-z1.a(rpl-icmp6.o)
                0x0000ca8e                rpl_icmp6_register_handlers
 .any.text.frame802154_get_pan_id
                0x0000cab0        0x6 contiki-z1.a(frame802154.o)
                0x0000cab0                frame802154_get_pan_id
 .any.text.frame802154_has_panid
                0x0000cab6       0x64 contiki-z1.a(frame802154.o)
                0x0000cab6                frame802154_has_panid
 .any.text.field_len
                0x0000cb1a       0xa8 contiki-z1.a(frame802154.o)
 .any.text.frame802154_is_broadcast_addr
                0x0000cbc2       0x28 contiki-z1.a(frame802154.o)
                0x0000cbc2                frame802154_is_broadcast_addr
 .any.text.frame802154_hdrlen
                0x0000cbea       0x32 contiki-z1.a(frame802154.o)
                0x0000cbea                frame802154_hdrlen
 .any.text.frame802154_create
                0x0000cc1c      0x136 contiki-z1.a(frame802154.o)
                0x0000cc1c                frame802154_create
 .any.text.frame802154_parse
                0x0000cd52      0x1be contiki-z1.a(frame802154.o)
                0x0000cd52                frame802154_parse
 .any.text.mac_call_sent_callback
                0x0000cf10       0x14 contiki-z1.a(mac.o)
                0x0000cf10                mac_call_sent_callback

.rodata         0x0000cf24      0x975
                0x0000cf24                . = ALIGN (0x2)
 *(.rodata .rodata.* .gnu.linkonce.r.*)
 .rodata.puback_receiver
                0x0000cf24       0x10 example.co
 .rodata.process_thread_ctrl_subscription_process
                0x0000cf34       0x3d example.co
 .rodata.process_thread_publish_process
                0x0000cf71       0x8d example.co
 .rodata.process_thread_example_mqttsn_process
                0x0000cffe       0xab example.co
 .rodata.suback_receiver
                0x0000d0a9       0x10 example.co
 .rodata.regack_receiver
                0x0000d0b9       0x10 example.co
 .rodata.publish_receiver
                0x0000d0c9       0x42 example.co
 .rodata.connack_receiver
                0x0000d10b       0x24 example.co
 *fill*         0x0000d12f        0x1 00
 .rodata.autostart_processes
                0x0000d130        0x4 example.co
                0x0000d130                autostart_processes
 .rodata        0x0000d134       0x72 example.co
 .rodata.mqtt_sn_call
                0x0000d1a6       0x24 example.co
 .rodata.mqtt_sn_send_connect
                0x0000d1ca       0x60 obj_z1/mqtt-sn.o
 .rodata.mqtt_sn_send_register
                0x0000d22a       0x39 obj_z1/mqtt-sn.o
 .rodata.mqtt_sn_send_publish
                0x0000d263       0x59 obj_z1/mqtt-sn.o
 .rodata.mqtt_sn_send_subscribe
                0x0000d2bc       0x1c obj_z1/mqtt-sn.o
 .rodata.mqtt_sn_send_pingreq
                0x0000d2d8       0x10 obj_z1/mqtt-sn.o
 .rodata.process_thread_mqtt_sn_process
                0x0000d2e8       0x16 obj_z1/mqtt-sn.o
 .rodata.mqtt_sn_send_pingresp
                0x0000d2fe       0x19 obj_z1/mqtt-sn.o
 .rodata.mqtt_sn_return_code_string
                0x0000d317       0x19 obj_z1/mqtt-sn.o
 .rodata.mqtt_sn_receiver
                0x0000d330       0x88 obj_z1/mqtt-sn.o
 .rodata.mqtt_sn_register_try
                0x0000d3b8       0x1c obj_z1/mqtt-sn.o
 .rodata.mqtt_sn_subscribe_try
                0x0000d3d4       0x15 obj_z1/mqtt-sn.o
 .rodata        0x0000d3e9      0x15e obj_z1/mqtt-sn.o
 .rodata.CSWTCH.29
                0x0000d547        0x4 obj_z1/mqtt-sn.o
 *fill*         0x0000d54b        0x1 00
 .rodata.CSWTCH.51
                0x0000d54c        0x8 obj_z1/mqtt-sn.o
 .rodata        0x0000d554      0x115 obj_z1/contiki-z1-main.o
 *fill*         0x0000d669        0x3 00
 .rodata.get_value
                0x0000d66c       0x44 contiki-z1.a(cc2420.o)
 .rodata.set_value
                0x0000d6b0       0x20 contiki-z1.a(cc2420.o)
 .rodata.cc2420_driver
                0x0000d6d0       0x38 contiki-z1.a(cc2420.o)
                0x0000d6d0                cc2420_driver
 .rodata        0x0000d708        0xe contiki-z1.a(cc2420.o)
 .rodata.output_power
                0x0000d716       0x10 contiki-z1.a(cc2420.o)
 .rodata        0x0000d726        0x8 contiki-z1.a(sensors.o)
 .rodata        0x0000d72e       0x25 contiki-z1.a(adxl345.o)
 *fill*         0x0000d753        0x1 00
 .rodata.adxl345
                0x0000d754        0xe contiki-z1.a(adxl345.o)
                0x0000d754                adxl345
 .rodata        0x0000d762        0xe contiki-z1.a(tmp102.o)
 .rodata.tmp102
                0x0000d770        0xe contiki-z1.a(tmp102.o)
                0x0000d770                tmp102
 .rodata        0x0000d77e        0xf contiki-z1.a(ctimer.o)
 .rodata        0x0000d78d        0xc contiki-z1.a(etimer.o)
 .rodata        0x0000d799        0xb contiki-z1.a(sicslowpan.o)
 .rodata.sicslowpan_driver
                0x0000d7a4        0xa contiki-z1.a(sicslowpan.o)
                0x0000d7a4                sicslowpan_driver
 .rodata.llprefix
                0x0000d7ae        0x2 contiki-z1.a(sicslowpan.o)
                0x0000d7ae                llprefix
 .rodata.unc_mxconf
                0x0000d7b0        0x4 contiki-z1.a(sicslowpan.o)
                0x0000d7b0                unc_mxconf
 .rodata.unc_ctxconf
                0x0000d7b4        0x4 contiki-z1.a(sicslowpan.o)
                0x0000d7b4                unc_ctxconf
 .rodata.unc_llconf
                0x0000d7b8        0x4 contiki-z1.a(sicslowpan.o)
                0x0000d7b8                unc_llconf
 .rodata.ttl_values
                0x0000d7bc        0x4 contiki-z1.a(sicslowpan.o)
 .rodata.uip_debug_ipaddr_print
                0x0000d7c0       0x28 contiki-z1.a(uip-debug.o)
 .rodata        0x0000d7e8        0xd contiki-z1.a(tcpip.o)
 .rodata        0x0000d7f5       0x13 contiki-z1.a(simple-udp.o)
 .rodata.linkaddr_null
                0x0000d808        0x8 contiki-z1.a(linkaddr.o)
                0x0000d808                linkaddr_null
 .rodata        0x0000d810        0x8 contiki-z1.a(nullmac.o)
 .rodata.nullmac_driver
                0x0000d818       0x1a contiki-z1.a(nullmac.o)
                0x0000d818                nullmac_driver
 .rodata.framer_802154
                0x0000d832        0xc contiki-z1.a(framer-802154.o)
                0x0000d832                framer_802154
 .rodata        0x0000d83e        0x8 contiki-z1.a(nullrdc.o)
 .rodata.nullrdc_driver
                0x0000d846       0x1e contiki-z1.a(nullrdc.o)
                0x0000d846                nullrdc_driver
 .rodata        0x0000d864        0x8 contiki-z1.a(nullsec.o)
 .rodata.nullsec_driver
                0x0000d86c        0xe contiki-z1.a(nullsec.o)
                0x0000d86c                nullsec_driver
 .rodata        0x0000d87a        0x7 contiki-z1.a(button-sensor.o)
 *fill*         0x0000d881        0x1 00
 .rodata.button_sensor
                0x0000d882        0xe contiki-z1.a(button-sensor.o)
                0x0000d882                button_sensor
 .rodata.CSWTCH.16
                0x0000d890        0x2 contiki-z1.a(frame802154.o)
 .rodata.vuprintf
                0x0000d892        0x7 /home/jorg/msp430-47/bin/../lib/gcc/msp430/4.7.0/../../../../msp430/lib/mcpu-430x/mmpy-16/msr20/mc20/libc.a(vuprintf.o)
 *(.near.rodata .near.rodata.*)
                0x0000d89a                . = ALIGN (0x2)
                0x0000d89a                _etext = .

.data           0x00001100      0x17a load address 0x0000d89a
                0x00001100                . = ALIGN (0x2)
                0x00001100                __data_start = .
 *(.data .data.* .gnu.linkonce.d.*)
 .data.ctrl_subscription_process
                0x00001100        0xc example.co
                0x00001100                ctrl_subscription_process
 .data.publish_process
                0x0000110c        0xc example.co
                0x0000110c                publish_process
 .data.example_mqttsn_process
                0x00001118        0xc example.co
                0x00001118                example_mqttsn_process
 .data.pub_topic
                0x00001124       0x15 example.co
 .data.ctrl_topic
                0x00001139       0x16 example.co
 *fill*         0x0000114f        0x1 00
 .data.mqtt_sn_process
                0x00001150        0xc obj_z1/mqtt-sn.o
                0x00001150                mqtt_sn_process
 .data.cur_break
                0x0000115c        0x2 contiki-z1.a(msp430.o)
 .data.cc2420_process
                0x0000115e        0xc contiki-z1.a(cc2420.o)
                0x0000115e                cc2420_process
 .data.send_on_cca
                0x0000116a        0x1 contiki-z1.a(cc2420.o)
 *fill*         0x0000116b        0x1 00
 .data.sensors_process
                0x0000116c        0xc contiki-z1.a(sensors.o)
                0x0000116c                sensors_process
 .data.sensors  0x00001178        0x8 contiki-z1.a(z1-sensors.o)
                0x00001178                sensors
 .data.accmeter_process
                0x00001180        0xc contiki-z1.a(adxl345.o)
                0x00001180                accmeter_process
 .data.adxl345_default_settings
                0x0000118c       0x16 contiki-z1.a(adxl345.o)
 .data.ctimer_process
                0x000011a2        0xc contiki-z1.a(ctimer.o)
                0x000011a2                ctimer_process
 .data.etimer_process
                0x000011ae        0xc contiki-z1.a(etimer.o)
                0x000011ae                etimer_process
 .data.nbr_routes
                0x000011ba        0x2 contiki-z1.a(uip-ds6-route.o)
                0x000011ba                nbr_routes
 .data.routememb
                0x000011bc        0x8 contiki-z1.a(uip-ds6-route.o)
 .data.defaultroutermemb
                0x000011c4        0x8 contiki-z1.a(uip-ds6-route.o)
 .data.neighborroutememb
                0x000011cc        0x8 contiki-z1.a(uip-ds6-route.o)
 .data.nbr_routes_struct
                0x000011d4        0xa contiki-z1.a(uip-ds6-route.o)
 .data.ds6_neighbors
                0x000011de        0x2 contiki-z1.a(uip-ds6-nbr.o)
                0x000011de                ds6_neighbors
 .data.ds6_neighbors_struct
                0x000011e0        0xa contiki-z1.a(uip-ds6-nbr.o)
 .data.tcpip_process
                0x000011ea        0xc contiki-z1.a(tcpip.o)
                0x000011ea                tcpip_process
 .data.simple_udp_process
                0x000011f6        0xc contiki-z1.a(simple-udp.o)
                0x000011f6                simple_udp_process
 .data.rpl_parents
                0x00001202        0x2 contiki-z1.a(rpl-dag.o)
                0x00001202                rpl_parents
 .data.rpl_parents_struct
                0x00001204        0xa contiki-z1.a(rpl-dag.o)
 .data.rpl_mrhof
                0x0000120e       0x1a contiki-z1.a(rpl-mrhof.o)
                0x0000120e                rpl_mrhof
 .data.buframmem
                0x00001228        0x8 contiki-z1.a(queuebuf.o)
 .data.bufmem   0x00001230        0x8 contiki-z1.a(queuebuf.o)
 .data.neighbor_addr_mem
                0x00001238        0x8 contiki-z1.a(nbr-table.o)
 .data.prescale_lsb
                0x00001240        0x1 contiki-z1.a(i2cmaster.o)
                0x00001240                prescale_lsb
 *fill*         0x00001241        0x1 00
 .data.echo_request_handler
                0x00001242        0x8 contiki-z1.a(uip-icmp6.o)
 .data.echo_reply_handler
                0x0000124a        0x8 contiki-z1.a(uip-icmp6.o)
 .data.dao_sequence
                0x00001252        0x1 contiki-z1.a(rpl-icmp6.o)
 *fill*         0x00001253        0x1 00
 .data.dis_handler
                0x00001254        0x8 contiki-z1.a(rpl-icmp6.o)
 .data.dio_handler
                0x0000125c        0x8 contiki-z1.a(rpl-icmp6.o)
 .data.dao_handler
                0x00001264        0x8 contiki-z1.a(rpl-icmp6.o)
 .data.dao_ack_handler
                0x0000126c        0x8 contiki-z1.a(rpl-icmp6.o)
 .data.mac_pan_id
                0x00001274        0x2 contiki-z1.a(frame802154.o)
 .data.next     0x00001276        0x4 /home/jorg/msp430-47/bin/../lib/gcc/msp430/4.7.0/../../../../msp430/lib/mcpu-430x/mmpy-16/msr20/mc20/libc.a(rand.o)
 *(.near.data .near.data.*)
                0x0000127a                . = ALIGN (0x2)
                0x0000127a                _edata = .
                0x0000d89a                __data_load_start = LOADADDR (.data)
                0x0000017a                __data_size = SIZEOF (.data)

.bss            0x0000127a     0x1976 load address 0x0000da14
                0x0000127a                __bss_start = .
 *(.bss .bss.*)
 .bss.mqttsn_connack_event
                0x0000127a        0x1 example.co
 *fill*         0x0000127b        0x1 00
 .bss.broker_addr.4284
                0x0000127c       0x10 example.co
 .bss.mqtt_sn_c
                0x0000128c       0x62 example.co
 .bss.device_id
                0x000012ee       0x11 example.co
 *fill*         0x000012ff        0x1 00
 .bss.periodic_timer.4283
                0x00001300        0xc example.co
 .bss.connection_timeout_event
                0x0000130c        0x1 example.co
 *fill*         0x0000130d        0x1 00
 .bss.connection_timer
                0x0000130e       0x16 example.co
 .bss.connection_state
                0x00001324        0x2 example.co
 .bss.connection_retries.4285
                0x00001326        0x1 example.co
 *fill*         0x00001327        0x1 00
 .bss.ctrl_topic_msg_id
                0x00001328        0x2 example.co
 .bss.ctrl_topic_id
                0x0000132a        0x2 example.co
 .bss.reg_topic_msg_id
                0x0000132c        0x2 example.co
 .bss.publisher_topic_id
                0x0000132e        0x2 example.co
 .bss.send_interval
                0x00001330        0x4 example.co
 .bss.registration_tries.4243
                0x00001334        0x1 example.co
 *fill*         0x00001335        0x1 00
 .bss.send_timer.4244
                0x00001336        0xc example.co
 .bss.message_number.4246
                0x00001342        0x2 example.co
 .bss.buf.4247  0x00001344       0x14 example.co
 .bss.buf_len.4245
                0x00001358        0x1 example.co
 .bss.incoming_packet
                0x00001359       0xff example.co
 .bss.regreq    0x00001458       0x24 example.co
 .bss.subscription_tries.4265
                0x0000147c        0x1 example.co
 *fill*         0x0000147d        0x1 00
 .bss.subreq    0x0000147e       0x24 example.co
 .bss.debug     0x000014a2        0x1 obj_z1/mqtt-sn.o
 .bss.connack_event
                0x000014a3        0x1 obj_z1/mqtt-sn.o
 .bss.disconnect_event
                0x000014a4        0x1 obj_z1/mqtt-sn.o
 .bss.receive_timeout_event
                0x000014a5        0x1 obj_z1/mqtt-sn.o
 .bss.send_timeout_event
                0x000014a6        0x1 obj_z1/mqtt-sn.o
 *fill*         0x000014a7        0x1 00
 .bss.irq_energest.4213
                0x000014a8        0x4 obj_z1/contiki-z1-main.o
 .bss.leds      0x000014ac        0x1 contiki-z1.a(leds.o)
 *fill*         0x000014ad        0x1 00
 .bss.counter   0x000014ae        0x2 contiki-z1.a(watchdog.o)
 .bss.poll_mode
                0x000014b0        0x1 contiki-z1.a(cc2420.o)
 *fill*         0x000014b1        0x1 00
 .bss.last_packet_timestamp
                0x000014b2        0x2 contiki-z1.a(cc2420.o)
 .bss.locked    0x000014b4        0x1 contiki-z1.a(cc2420.o)
 .bss.lock_on   0x000014b5        0x1 contiki-z1.a(cc2420.o)
 .bss.lock_off  0x000014b6        0x1 contiki-z1.a(cc2420.o)
 .bss.receive_on
                0x000014b7        0x1 contiki-z1.a(cc2420.o)
 .bss.channel   0x000014b8        0x2 contiki-z1.a(cc2420.o)
 .bss.node_id   0x000014ba        0x2 contiki-z1.a(node-id.o)
                0x000014ba                node_id
 .bss.num_sensors
                0x000014bc        0x1 contiki-z1.a(sensors.o)
 *fill*         0x000014bd        0x1 00
 .bss.i.2088    0x000014be        0x2 contiki-z1.a(sensors.o)
 .bss.events.2089
                0x000014c0        0x2 contiki-z1.a(sensors.o)
 .bss.transmitting
                0x000014c2        0x1 contiki-z1.a(uart0.o)
 *fill*         0x000014c3        0x1 00
 .bss.uart0_input_handler
                0x000014c4        0x4 contiki-z1.a(uart0.o)
 .bss.enabled   0x000014c8        0x1 contiki-z1.a(adxl345.o)
 *fill*         0x000014c9        0x1 00
 .bss.int1_mask
                0x000014ca        0x2 contiki-z1.a(adxl345.o)