Archive member included because of file (symbol)

contiki-z1.a(webserver-nogui)
                              websense.co (webserver_nogui_process)
contiki-z1.a(psock.o)         websense.co (psock_send)
contiki-z1.a(memb.o)          obj_z1/httpd-simple.o (memb_init)
contiki-z1.a(contiki-z1-plat)
                              obj_z1/contiki-z1-main.o (init_platform)
contiki-z1.a(msp430.o)        obj_z1/contiki-z1-main.o (splhigh_)
contiki-z1.a(leds.o)          obj_z1/contiki-z1-main.o (leds_init)
contiki-z1.a(watchdog.o)      obj_z1/contiki-z1-main.o (watchdog_start)
contiki-z1.a(xmem.o)          obj_z1/contiki-z1-main.o (xmem_init)
contiki-z1.a(spi.o)           contiki-z1.a(xmem.o) (spi_init)
contiki-z1.a(cc2420.o)        obj_z1/contiki-z1-main.o (cc2420_set_pan_addr)
contiki-z1.a(cc2420-arch.o)   contiki-z1.a(cc2420.o) (cc2420_arch_init)
contiki-z1.a(node-id.o)       obj_z1/contiki-z1-main.o (node_id_restore)
contiki-z1.a(sensors.o)       contiki-z1.a(contiki-z1-plat) (sensors_process)
contiki-z1.a(uart0.o)         obj_z1/contiki-z1-main.o (uart0_active)
contiki-z1.a(uart0-putchar.o)
                              obj_z1/contiki-z1-main.o (putchar)
contiki-z1.a(z1-sensors.o)    contiki-z1.a(sensors.o) (sensors_flags)
contiki-z1.a(adxl345.o)       websense.co (adxl345)
contiki-z1.a(tmp102.o)        websense.co (tmp102)
contiki-z1.a(clock.o)         obj_z1/contiki-z1-main.o (clock_init)
contiki-z1.a(leds-arch.o)     contiki-z1.a(leds.o) (leds_arch_init)
contiki-z1.a(rtimer-arch.o)   obj_z1/contiki-z1-main.o (rtimer_arch_now)
contiki-z1.a(autostart.o)     obj_z1/contiki-z1-main.o (autostart_start)
contiki-z1.a(ctimer.o)        obj_z1/contiki-z1-main.o (ctimer_init)
contiki-z1.a(energest.o)      obj_z1/contiki-z1-main.o (energest_init)
contiki-z1.a(etimer.o)        contiki-z1.a(clock.o) (etimer_request_poll)
contiki-z1.a(process.o)       contiki-z1.a(ctimer.o) (process_current)
contiki-z1.a(rtimer.o)        obj_z1/contiki-z1-main.o (rtimer_init)
contiki-z1.a(timer.o)         obj_z1/httpd-simple.o (timer_set)
contiki-z1.a(list.o)          contiki-z1.a(ctimer.o) (list_init)
contiki-z1.a(random.o)        obj_z1/contiki-z1-main.o (random_init)
contiki-z1.a(uip-ds6.o)       obj_z1/contiki-z1-main.o (uip_ds6_get_link_local)
contiki-z1.a(uip-ds6-route.o)
                              contiki-z1.a(uip-ds6.o) (uip_ds6_route_init)
contiki-z1.a(uip6.o)          obj_z1/httpd-simple.o (uip_conn)
contiki-z1.a(uip-ds6-nbr.o)   contiki-z1.a(uip-ds6.o) (uip_ds6_neighbors_init)
contiki-z1.a(uip-nd6.o)       contiki-z1.a(uip6.o) (uip_nd6_init)
contiki-z1.a(sicslowpan.o)    obj_z1/contiki-z1-main.o (sicslowpan_driver)
contiki-z1.a(uip-debug.o)     contiki-z1.a(uip-ds6-route.o) (uip_debug_ipaddr_print)
contiki-z1.a(tcpip.o)         contiki-z1.a(sicslowpan.o) (tcpip_set_outputfunc)
contiki-z1.a(rpl-dag.o)       contiki-z1.a(tcpip.o) (rpl_repair_root)
contiki-z1.a(rpl-timers.o)    contiki-z1.a(rpl-dag.o) (rpl_reset_dio_timer)
contiki-z1.a(rpl-ext-header.)
                              contiki-z1.a(uip6.o) (rpl_verify_header)
contiki-z1.a(rpl.o)           contiki-z1.a(rpl-timers.o) (rpl_get_mode)
contiki-z1.a(rpl-mrhof.o)     contiki-z1.a(rpl-dag.o) (rpl_mrhof)
contiki-z1.a(queuebuf.o)      obj_z1/contiki-z1-main.o (queuebuf_init)
contiki-z1.a(nbr-table.o)     contiki-z1.a(uip-ds6-route.o) (nbr_table_register)
contiki-z1.a(packetbuf.o)     contiki-z1.a(queuebuf.o) (packetbuf_copyto)
contiki-z1.a(linkaddr.o)      obj_z1/contiki-z1-main.o (linkaddr_copy)
contiki-z1.a(framer-802154.o)
                              contiki-z1.a(sicslowpan.o) (framer_802154)
contiki-z1.a(csma.o)          obj_z1/contiki-z1-main.o (csma_driver)
contiki-z1.a(nullrdc.o)       obj_z1/contiki-z1-main.o (nullrdc_driver)
contiki-z1.a(nullsec.o)       contiki-z1.a(sicslowpan.o) (nullsec_driver)
contiki-z1.a(i2cmaster.o)     contiki-z1.a(adxl345.o) (i2c_receiveinit)
contiki-z1.a(button-sensor.o)
                              contiki-z1.a(z1-sensors.o) (button_sensor)
contiki-z1.a(stimer.o)        contiki-z1.a(uip-ds6.o) (stimer_set)
contiki-z1.a(uip-icmp6.o)     contiki-z1.a(uip6.o) (uip_icmp6_input)
contiki-z1.a(rpl-icmp6.o)     contiki-z1.a(rpl-timers.o) (dis_output)
contiki-z1.a(frame802154.o)   contiki-z1.a(framer-802154.o) (frame802154_get_pan_id)
contiki-z1.a(mac.o)           contiki-z1.a(csma.o) (mac_call_sent_callback)
/home/jorg/msp430-47/bin/../lib/gcc/msp430/4.7.0/mcpu-430x/mmpy-16/msr20/mc20/libgcc.a(_mulsi3.o)
                              contiki-z1.a(rpl-timers.o) (__mulsi3)
/home/jorg/msp430-47/bin/../lib/gcc/msp430/4.7.0/mcpu-430x/mmpy-16/msr20/mc20/libgcc.a(_udivmod16.o)
                              websense.co (__udivhi3)
/home/jorg/msp430-47/bin/../lib/gcc/msp430/4.7.0/mcpu-430x/mmpy-16/msr20/mc20/libgcc.a(_divmod16.o)
                              websense.co (__divhi3)
/home/jorg/msp430-47/bin/../lib/gcc/msp430/4.7.0/mcpu-430x/mmpy-16/msr20/mc20/libgcc.a(_udivmod32.o)
                              obj_z1/contiki-z1-main.o (__udivsi3)
[...]
Memory Configuration

Name             Origin             Length             Attributes
sfr              0x00000000         0x00000010
peripheral_8bit  0x00000010         0x000000f0
peripheral_16bit 0x00000100         0x00000100
ram_mirror       0x00000200         0x00000800         xw
infomem          0x00001000         0x00000100
infod            0x00001000         0x00000040
infoc            0x00001040         0x00000040
infob            0x00001080         0x00000040
infoa            0x000010c0         0x00000040
ram              0x00001100         0x00002000         xw
rom              0x00003100         0x0000cebe         xr
vectors          0x0000ffc0         0x00000040
far_rom          0x00010000         0x0000a000
bsl              0x00000000         0x00000000
ram2             0x00000000         0x00000000         xw
usbram           0x00000000         0x00000000         xw
*default*        0x00000000         0xffffffff

Linker script and memory map

LOAD /home/jorg/msp430-47/bin/../lib/gcc/msp430/4.7.0/mcpu-430x/mmpy-16/msr20/mc20/crt0ivtbl32.o
                0x00000041                __P1SEL2 = 0x41
                0x00000045                __P5SEL2 = 0x45
LOAD websense.co
LOAD obj_z1/httpd-simple.o
LOAD obj_z1/contiki-z1-main.o
LOAD contiki-z1.a
LOAD /home/jorg/msp430-47/bin/../lib/gcc/msp430/4.7.0/mcpu-430x/mmpy-16/msr20/mc20/libgcc.a
LOAD /home/jorg/msp430-47/bin/../lib/gcc/msp430/4.7.0/../../../../msp430/lib/mcpu-430x/mmpy-16/msr20/mc20/libc.a
LOAD /home/jorg/msp430-47/bin/../lib/gcc/msp430/4.7.0/mcpu-430x/mmpy-16/msr20/mc20/libgcc.a
LOAD /home/jorg/msp430-47/bin/../lib/gcc/msp430/4.7.0/mcpu-430x/mmpy-16/msr20/mc20/libcrt0.a
                0x00000040                PROVIDE (__info_segment_size, 0x40)
                0x00001000                PROVIDE (__infod, 0x1000)
                0x00001040                PROVIDE (__infoc, 0x1040)
                0x00001080                PROVIDE (__infob, 0x1080)
                0x000010c0                PROVIDE (__infoa, 0x10c0)
                0x00000000                __IE1 = 0x0
                0x00000002                __IFG1 = 0x2
                0x00000001                __IE2 = 0x1
                0x00000003                __IFG2 = 0x3
                0x00000006                __UC1IE = 0x6
                0x00000007                __UC1IFG = 0x7
                0x000001a0                __ADC12CTL0 = 0x1a0
                0x000001a2                __ADC12CTL1 = 0x1a2
                0x000001a4                __ADC12IFG = 0x1a4
                0x000001a6                __ADC12IE = 0x1a6
                0x000001a8                __ADC12IV = 0x1a8
                0x00000140                __ADC12MEM0 = 0x140
                0x00000142                __ADC12MEM1 = 0x142
                0x00000144                __ADC12MEM2 = 0x144
                0x00000146                __ADC12MEM3 = 0x146
                0x00000148                __ADC12MEM4 = 0x148
                0x0000014a                __ADC12MEM5 = 0x14a
                0x0000014c                __ADC12MEM6 = 0x14c
                0x0000014e                __ADC12MEM7 = 0x14e
                0x00000150                __ADC12MEM8 = 0x150
                0x00000152                __ADC12MEM9 = 0x152
                0x00000154                __ADC12MEM10 = 0x154
                0x00000156                __ADC12MEM11 = 0x156
                0x00000158                __ADC12MEM12 = 0x158
                0x0000015a                __ADC12MEM13 = 0x15a
                0x0000015c                __ADC12MEM14 = 0x15c
                0x0000015e                __ADC12MEM15 = 0x15e
                0x00000080                __ADC12MCTL0 = 0x80
                0x00000081                __ADC12MCTL1 = 0x81
                0x00000082                __ADC12MCTL2 = 0x82
                0x00000083                __ADC12MCTL3 = 0x83
                0x00000084                __ADC12MCTL4 = 0x84
                0x00000085                __ADC12MCTL5 = 0x85
                0x00000086                __ADC12MCTL6 = 0x86
                0x00000087                __ADC12MCTL7 = 0x87
                0x00000088                __ADC12MCTL8 = 0x88
                0x00000089                __ADC12MCTL9 = 0x89
                0x0000008a                __ADC12MCTL10 = 0x8a
                0x0000008b                __ADC12MCTL11 = 0x8b
                0x0000008c                __ADC12MCTL12 = 0x8c
                0x0000008d                __ADC12MCTL13 = 0x8d
                0x0000008e                __ADC12MCTL14 = 0x8e
                0x0000008f                __ADC12MCTL15 = 0x8f
                0x00000056                __DCOCTL = 0x56
                0x00000057                __BCSCTL1 = 0x57
                0x00000058                __BCSCTL2 = 0x58
                0x00000053                __BCSCTL3 = 0x53
                0x00000059                __CACTL1 = 0x59
                0x0000005a                __CACTL2 = 0x5a
                0x0000005b                __CAPD = 0x5b
                0x000001c0                __DAC12_0CTL = 0x1c0
                0x000001c2                __DAC12_1CTL = 0x1c2
                0x000001c8                __DAC12_0DAT = 0x1c8
                0x000001ca                __DAC12_1DAT = 0x1ca
                0x00000122                __DMACTL0 = 0x122
                0x00000124                __DMACTL1 = 0x124
                0x00000126                __DMAIV = 0x126
                0x000001d0                __DMA0CTL = 0x1d0
                0x000001dc                __DMA1CTL = 0x1dc
                0x000001e8                __DMA2CTL = 0x1e8
                0x000001d2                __DMA0SA = 0x1d2
                0x000001d2                __DMA0SAL = 0x1d2
                0x000001d6                __DMA0DA = 0x1d6
                0x000001d6                __DMA0DAL = 0x1d6
                0x000001da                __DMA0SZ = 0x1da
                0x000001de                __DMA1SA = 0x1de
                0x000001de                __DMA1SAL = 0x1de
                0x000001e2                __DMA1DA = 0x1e2
                0x000001e2                __DMA1DAL = 0x1e2
                0x000001e6                __DMA1SZ = 0x1e6
                0x000001ea                __DMA2SA = 0x1ea
                0x000001ea                __DMA2SAL = 0x1ea
                0x000001ee                __DMA2DA = 0x1ee
                0x000001ee                __DMA2DAL = 0x1ee
                0x000001f2                __DMA2SZ = 0x1f2
                0x00000128                __FCTL1 = 0x128
                0x0000012a                __FCTL2 = 0x12a
                0x0000012c                __FCTL3 = 0x12c
                0x000001be                __FCTL4 = 0x1be
                0x00000130                __MPY = 0x130
                0x00000132                __MPYS = 0x132
                0x00000134                __MAC = 0x134
                0x00000136                __MACS = 0x136
                0x00000138                __OP2 = 0x138
                0x0000013a                __RESLO = 0x13a
                0x0000013c                __RESHI = 0x13c
                0x0000013e                __SUMEXT = 0x13e
                0x00000020                __P1IN = 0x20
                0x00000021                __P1OUT = 0x21
                0x00000022                __P1DIR = 0x22
                0x00000023                __P1IFG = 0x23
                0x00000024                __P1IES = 0x24
                0x00000025                __P1IE = 0x25
                0x00000026                __P1SEL = 0x26
                0x00000027                __P1REN = 0x27
                0x00000028                __P2IN = 0x28
                0x00000029                __P2OUT = 0x29
                0x0000002a                __P2DIR = 0x2a
                0x0000002b                __P2IFG = 0x2b
                0x0000002c                __P2IES = 0x2c
                0x0000002d                __P2IE = 0x2d
                0x0000002e                __P2SEL = 0x2e
                0x0000002f                __P2REN = 0x2f
                0x00000018                __P3IN = 0x18
                0x00000019                __P3OUT = 0x19
                0x0000001a                __P3DIR = 0x1a
                0x0000001b                __P3SEL = 0x1b
                0x00000010                __P3REN = 0x10
                0x0000001c                __P4IN = 0x1c
                0x0000001d                __P4OUT = 0x1d
                0x0000001e                __P4DIR = 0x1e
                0x0000001f                __P4SEL = 0x1f
                0x00000011                __P4REN = 0x11
                0x00000030                __P5IN = 0x30
                0x00000031                __P5OUT = 0x31
                0x00000032                __P5DIR = 0x32
                0x00000033                __P5SEL = 0x33
                0x00000012                __P5REN = 0x12
                0x00000034                __P6IN = 0x34
                0x00000035                __P6OUT = 0x35
                0x00000036                __P6DIR = 0x36
                0x00000037                __P6SEL = 0x37
                0x00000013                __P6REN = 0x13
                0x00000038                __P7IN = 0x38
                0x0000003a                __P7OUT = 0x3a
                0x0000003c                __P7DIR = 0x3c
                0x0000003e                __P7SEL = 0x3e
                0x00000014                __P7REN = 0x14
                0x00000039                __P8IN = 0x39
                0x0000003b                __P8OUT = 0x3b
                0x0000003d                __P8DIR = 0x3d
                0x0000003f                __P8SEL = 0x3f
                0x00000015                __P8REN = 0x15
                0x00000038                __PAIN = 0x38
                0x0000003a                __PAOUT = 0x3a
                0x0000003c                __PADIR = 0x3c
                0x0000003e                __PASEL = 0x3e
                0x00000014                __PAREN = 0x14
                0x00000055                __SVSCTL = 0x55
                0x0000012e                __TAIV = 0x12e
                0x00000160                __TACTL = 0x160
                0x00000162                __TACCTL0 = 0x162
                0x00000164                __TACCTL1 = 0x164
                0x00000166                __TACCTL2 = 0x166
                0x00000170                __TAR = 0x170
                0x00000172                __TACCR0 = 0x172
                0x00000174                __TACCR1 = 0x174
                0x00000176                __TACCR2 = 0x176
                0x0000011e                __TBIV = 0x11e
                0x00000180                __TBCTL = 0x180
                0x00000182                __TBCCTL0 = 0x182
                0x00000184                __TBCCTL1 = 0x184
                0x00000186                __TBCCTL2 = 0x186
                0x00000188                __TBCCTL3 = 0x188
                0x0000018a                __TBCCTL4 = 0x18a
                0x0000018c                __TBCCTL5 = 0x18c
                0x0000018e                __TBCCTL6 = 0x18e
                0x00000190                __TBR = 0x190
                0x00000192                __TBCCR0 = 0x192
                0x00000194                __TBCCR1 = 0x194
                0x00000196                __TBCCR2 = 0x196
                0x00000198                __TBCCR3 = 0x198
                0x0000019a                __TBCCR4 = 0x19a
                0x0000019c                __TBCCR5 = 0x19c
                0x0000019e                __TBCCR6 = 0x19e
                0x00000060                __UCA0CTL0 = 0x60
                0x00000061                __UCA0CTL1 = 0x61
                0x00000062                __UCA0BR0 = 0x62
                0x00000063                __UCA0BR1 = 0x63
                0x00000064                __UCA0MCTL = 0x64
                0x00000065                __UCA0STAT = 0x65
                0x00000066                __UCA0RXBUF = 0x66
                0x00000067                __UCA0TXBUF = 0x67
                0x0000005d                __UCA0ABCTL = 0x5d
                0x0000005e                __UCA0IRTCTL = 0x5e
                0x0000005f                __UCA0IRRCTL = 0x5f
                0x00000068                __UCB0CTL0 = 0x68
                0x00000069                __UCB0CTL1 = 0x69
                0x0000006a                __UCB0BR0 = 0x6a
                0x0000006b                __UCB0BR1 = 0x6b
                0x0000006c                __UCB0I2CIE = 0x6c
                0x0000006d                __UCB0STAT = 0x6d
                0x0000006e                __UCB0RXBUF = 0x6e
                0x0000006f                __UCB0TXBUF = 0x6f
                0x00000118                __UCB0I2COA = 0x118
                0x0000011a                __UCB0I2CSA = 0x11a
                0x000000d0                __UCA1CTL0 = 0xd0
                0x000000d1                __UCA1CTL1 = 0xd1
                0x000000d2                __UCA1BR0 = 0xd2
                0x000000d3                __UCA1BR1 = 0xd3
                0x000000d4                __UCA1MCTL = 0xd4
                0x000000d5                __UCA1STAT = 0xd5
                0x000000d6                __UCA1RXBUF = 0xd6
                0x000000d7                __UCA1TXBUF = 0xd7
                0x000000cd                __UCA1ABCTL = 0xcd
                0x000000ce                __UCA1IRTCTL = 0xce
                0x000000cf                __UCA1IRRCTL = 0xcf
                0x000000d8                __UCB1CTL0 = 0xd8
                0x000000d9                __UCB1CTL1 = 0xd9
                0x000000da                __UCB1BR0 = 0xda
                0x000000db                __UCB1BR1 = 0xdb
                0x000000dc                __UCB1I2CIE = 0xdc
                0x000000dd                __UCB1STAT = 0xdd
                0x000000de                __UCB1RXBUF = 0xde
                0x000000df                __UCB1TXBUF = 0xdf
                0x0000017c                __UCB1I2COA = 0x17c
                0x0000017e                __UCB1I2CSA = 0x17e
                0x00000120                __WDTCTL = 0x120
                0x000010c0                __TLV_CHECKSUM = 0x10c0
                0x000010f6                __TLV_DCO_30_TAG = 0x10f6
                0x000010f7                __TLV_DCO_30_LEN = 0x10f7
                0x000010da                __TLV_ADC12_1_TAG = 0x10da
                0x000010db                __TLV_ADC12_1_LEN = 0x10db
                0x000010f8                __CALDCO_16MHZ = 0x10f8
                0x000010f9                __CALBC1_16MHZ = 0x10f9
                0x000010fa                __CALDCO_12MHZ = 0x10fa
                0x000010fb                __CALBC1_12MHZ = 0x10fb
                0x000010fc                __CALDCO_8MHZ = 0x10fc
                0x000010fd                __CALBC1_8MHZ = 0x10fd
                0x000010fe                __CALDCO_1MHZ = 0x10fe
                0x000010ff                __CALBC1_1MHZ = 0x10ff

.hash
 *(.hash)

.dynsym
 *(.dynsym)

.dynstr
 *(.dynstr)

.gnu.version
 *(.gnu.version)

.gnu.version_d
 *(.gnu.version_d)

.gnu.version_r
 *(.gnu.version_r)

.rel.init
 *(.rel.init)

.rela.init
 *(.rela.init)

.rel.fini
 *(.rel.fini)

.rela.fini
 *(.rela.fini)

.rel.text
 *(.rel.text .rel.text.* .rel.gnu.linkonce.t.*)

.rela.text
 *(.rela.text .rela.text.* .rela.gnu.linkonce.t.*)

.rel.rodata
 *(.rel.rodata .rel.rodata.* .rel.gnu.linkonce.r.*)

.rela.rodata
 *(.rela.rodata .rela.rodata.* .rela.gnu.linkonce.r.*)

.rel.data
 *(.rel.data .rel.data.* .rel.gnu.linkonce.d.*)

.rela.data
 *(.rela.data .rela.data.* .rela.gnu.linkonce.d.*)

.rel.bss
 *(.rel.bss .rel.bss.* .rel.gnu.linkonce.b.*)

.rela.bss
 *(.rela.bss .rela.bss.* .rela.gnu.linkonce.b.*)

.rel.ctors
 *(.rel.ctors)

.rela.ctors
 *(.rela.ctors)

.rel.dtors
 *(.rel.dtors)

.rela.dtors
 *(.rela.dtors)

.rel.got
 *(.rel.got)

.rela.got
 *(.rela.got)

.rel.plt
 *(.rel.plt)

.rela.plt
 *(.rela.plt)

.text           0x00003100     0xa5be
                0x00003100                . = ALIGN (0x2)
 *(.init .init.*)
 *(.init0)
 .init0         0x00003100        0x0 /home/jorg/msp430-47/bin/../lib/gcc/msp430/4.7.0/mcpu-430x/mmpy-16/msr20/mc20/libcrt0.a(_reset_vector__.o)
                0x00003100                _reset_vector__
 *(.init1)
 .init1         0x00003100        0xc /home/jorg/msp430-47/bin/../lib/gcc/msp430/4.7.0/mcpu-430x/mmpy-16/msr20/mc20/libcrt0.a(__watchdog_support.o)
                0x00003100                __watchdog_support
 *(.init2)
 .init2         0x0000310c        0x4 /home/jorg/msp430-47/bin/../lib/gcc/msp430/4.7.0/mcpu-430x/mmpy-16/msr20/mc20/libcrt0.a(__init_stack.o)
                0x0000310c                __init_stack
 *(.init3)
 .init3         0x00003110        0x0 /home/jorg/msp430-47/bin/../lib/gcc/msp430/4.7.0/mcpu-430x/mmpy-16/msr20/mc20/libcrt0.a(__low_level_init.o)
                0x00003110                __low_level_init
 *(.init4)
 .init4         0x00003110       0x18 /home/jorg/msp430-47/bin/../lib/gcc/msp430/4.7.0/mcpu-430x/mmpy-16/msr20/mc20/libcrt0.a(_copy_data.o)
                0x00003110                __do_copy_data
 .init4         0x00003128       0x16 /home/jorg/msp430-47/bin/../lib/gcc/msp430/4.7.0/mcpu-430x/mmpy-16/msr20/mc20/libcrt0.a(_clear_bss.o)
                0x00003128                __do_clear_bss
 *(.init5)
 *(.init6)
 *(.init7)
 *(.init8)
 *(.init9)
 .init9         0x0000313e      0x348 obj_z1/contiki-z1-main.o
                0x0000313e                main
 *(.fini9)
 .fini9         0x00003486        0x0 /home/jorg/msp430-47/bin/../lib/gcc/msp430/4.7.0/mcpu-430x/mmpy-16/msr20/mc20/libcrt0.a(__stop_progExec__.o)
                0x00003486                __stop_progExec__
 *(.fini8)
 *(.fini7)
 *(.fini6)
 *(.fini5)
 *(.fini4)
 *(.fini3)
 *(.fini2)
 *(.fini1)
 *(.fini0)
 .fini0         0x00003486        0x6 /home/jorg/msp430-47/bin/../lib/gcc/msp430/4.7.0/mcpu-430x/mmpy-16/msr20/mc20/libcrt0.a(_endless_loop__.o)
                0x00003486                _endless_loop__
 *(.fini .fini.*)
                0x0000348c                . = ALIGN (0x2)
                0x0000348c                __ctors_start = .
 *(.ctors)
                0x0000348c                __ctors_end = .
                0x0000348c                __dtors_start = .
 *(.dtors)
                0x0000348c                __dtors_end = .
                0x0000348c                . = ALIGN (0x2)
 *(.text .text.* .gnu.linkonce.t.*)
 .text          0x0000348c        0x4 /home/jorg/msp430-47/bin/../lib/gcc/msp430/4.7.0/mcpu-430x/mmpy-16/msr20/mc20/crt0ivtbl32.o
                0x0000348c                __isr_14
                0x0000348c                __isr_4
                0x0000348c                __isr_29
                0x0000348c                __isr_11
                0x0000348c                __isr_5
                0x0000348c                __isr_2
                0x0000348c                __isr_10
                0x0000348c                __isr_7
                0x0000348c                __isr_0
                0x0000348c                __isr_28
                0x0000348c                __isr_8
                0x0000348c                __isr_20
                0x0000348c                __isr_3
                0x0000348c                __isr_12
                0x0000348c                __isr_13
                0x0000348c                __isr_27
                0x0000348c                __isr_9
                0x0000348c                __isr_30
                0x0000348c                __isr_6
                0x0000348c                __isr_22
                0x0000348c                __isr_1
                0x0000348c                __isr_15
                0x0000348c                __isr_21
 .text.libgcc   0x00003490       0x26 /home/jorg/msp430-47/bin/../lib/gcc/msp430/4.7.0/mcpu-430x/mmpy-16/msr20/mc20/libgcc.a(_mulsi3.o)
                0x00003490                __mulsi3
 .text.libgcc   0x000034b6       0x22 /home/jorg/msp430-47/bin/../lib/gcc/msp430/4.7.0/mcpu-430x/mmpy-16/msr20/mc20/libgcc.a(_udivmod16.o)
                0x000034b6                __udivhi3
                0x000034b6                __ext_udivmod16
                0x000034d0                __umodhi3
 .text.libgcc   0x000034d8       0x3a /home/jorg/msp430-47/bin/../lib/gcc/msp430/4.7.0/mcpu-430x/mmpy-16/msr20/mc20/libgcc.a(_divmod16.o)
                0x000034d8                __ext_divmod16
                0x000034d8                __divhi3
                0x0000350a                __modhi3
 .text.libgcc   0x00003512       0x38 /home/jorg/msp430-47/bin/../lib/gcc/msp430/4.7.0/mcpu-430x/mmpy-16/msr20/mc20/libgcc.a(_udivmod32.o)
                0x00003512                __udivsi3
                0x00003512                __ext_udivmod32
                0x00003540                __umodsi3
 .text.printf   0x0000354a       0x10 /home/jorg/msp430-47/bin/../lib/gcc/msp430/4.7.0/../../../../msp430/lib/mcpu-430x/mmpy-16/msr20/mc20/libc.a(printf.o)
                0x0000354a                printf
 .text.append   0x0000355a       0x22 /home/jorg/msp430-47/bin/../lib/gcc/msp430/4.7.0/../../../../msp430/lib/mcpu-430x/mmpy-16/msr20/mc20/libc.a(sprintf.o)
 .text.call_vuprintf
                0x0000357c       0x36 /home/jorg/msp430-47/bin/../lib/gcc/msp430/4.7.0/../../../../msp430/lib/mcpu-430x/mmpy-16/msr20/mc20/libc.a(sprintf.o)
 .text.snprintf
                0x000035b2       0x1c /home/jorg/msp430-47/bin/../lib/gcc/msp430/4.7.0/../../../../msp430/lib/mcpu-430x/mmpy-16/msr20/mc20/libc.a(sprintf.o)
                0x000035b2                snprintf
 .text.print_field
                0x000035ce      0x176 /home/jorg/msp430-47/bin/../lib/gcc/msp430/4.7.0/../../../../msp430/lib/mcpu-430x/mmpy-16/msr20/mc20/libc.a(vuprintf.o)
 .text.vuprintf
                0x00003744      0x74c /home/jorg/msp430-47/bin/../lib/gcc/msp430/4.7.0/../../../../msp430/lib/mcpu-430x/mmpy-16/msr20/mc20/libc.a(vuprintf.o)
                0x00003744                vuprintf
 .text.puts     0x00003e90       0x2c /home/jorg/msp430-47/bin/../lib/gcc/msp430/4.7.0/../../../../msp430/lib/mcpu-430x/mmpy-16/msr20/mc20/libc.a(puts.o)
                0x00003e90                puts
 .text.rand     0x00003ebc       0x26 /home/jorg/msp430-47/bin/../lib/gcc/msp430/4.7.0/../../../../msp430/lib/mcpu-430x/mmpy-16/msr20/mc20/libc.a(rand.o)
                0x00003ebc                rand
 .text.srand    0x00003ee2        0xa /home/jorg/msp430-47/bin/../lib/gcc/msp430/4.7.0/../../../../msp430/lib/mcpu-430x/mmpy-16/msr20/mc20/libc.a(rand.o)
                0x00003ee2                srand
 .text.strncmp  0x00003eec       0x2a /home/jorg/msp430-47/bin/../lib/gcc/msp430/4.7.0/../../../../msp430/lib/mcpu-430x/mmpy-16/msr20/mc20/libc.a(strncmp.o)
                0x00003eec                strncmp
 .text.memcmp   0x00003f16       0x2c /home/jorg/msp430-47/bin/../lib/gcc/msp430/4.7.0/../../../../msp430/lib/mcpu-430x/mmpy-16/msr20/mc20/libc.a(memcmp.o)
                0x00003f16                memcmp
 .text.strncpy  0x00003f42       0x2a /home/jorg/msp430-47/bin/../lib/gcc/msp430/4.7.0/../../../../msp430/lib/mcpu-430x/mmpy-16/msr20/mc20/libc.a(strncpy.o)
                0x00003f42                strncpy
 .text.memcpy   0x00003f6c       0xe8 /home/jorg/msp430-47/bin/../lib/gcc/msp430/4.7.0/../../../../msp430/lib/mcpu-430x/mmpy-16/msr20/mc20/libc.a(memcpy.o)
                0x00003f6c                memcpy
 .text.memmove  0x00004054       0xe8 /home/jorg/msp430-47/bin/../lib/gcc/msp430/4.7.0/../../../../msp430/lib/mcpu-430x/mmpy-16/msr20/mc20/libc.a(memmove.o)
                0x00004054                memmove
 .text.memset   0x0000413c       0x5c /home/jorg/msp430-47/bin/../lib/gcc/msp430/4.7.0/../../../../msp430/lib/mcpu-430x/mmpy-16/msr20/mc20/libc.a(memset.o)
                0x0000413c                memset
 .text.libgcc   0x00004198       0xbc /home/jorg/msp430-47/bin/../lib/gcc/msp430/4.7.0/mcpu-430x/mmpy-16/msr20/mc20/libgcc.a(_udivmod64.o)
                0x00004198                __xabi_udivmod64
                0x000041ea                __udivdi3
                0x00004204                __umoddi3
                0x00004226                __udivmoddi4
 .text.crt0     0x00004254        0x2 /home/jorg/msp430-47/bin/../lib/gcc/msp430/4.7.0/mcpu-430x/mmpy-16/msr20/mc20/libcrt0.a(_unexpected_.o)
                0x00004254                _unexpected_
 *(.near.text .near.text.*)
 .near.text.watchdog_interrupt
                0x00004256        0x6 contiki-z1.a(watchdog.o)
                0x00004256                __isr_26
                0x00004256                watchdog_interrupt
 .near.text.uart0_rx_interrupt
                0x0000425c       0x64 contiki-z1.a(uart0.o)
                0x0000425c                __isr_23
                0x0000425c                uart0_rx_interrupt
 .near.text.port1_isr
                0x000042c0       0xbe contiki-z1.a(adxl345.o)
                0x000042c0                port1_isr
                0x000042c0                __isr_18
 .near.text.timera1
                0x0000437e      0x10a contiki-z1.a(clock.o)
                0x0000437e                __isr_24
                0x0000437e                timera1
 .near.text.timera0
                0x00004488       0x5c contiki-z1.a(rtimer-arch.o)
                0x00004488                __isr_25
                0x00004488                timera0
 .near.text.i2c_tx_interrupt
                0x000044e4       0x84 contiki-z1.a(i2cmaster.o)
                0x000044e4                __isr_16
                0x000044e4                i2c_tx_interrupt
 .near.text.i2c_rx_interrupt
                0x00004568       0x14 contiki-z1.a(i2cmaster.o)
                0x00004568                i2c_rx_interrupt
                0x00004568                __isr_17
 .near.text.irq_p2
                0x0000457c       0x76 contiki-z1.a(button-sensor.o)
                0x0000457c                irq_p2
                0x0000457c                __isr_19
 .any.text.process_thread_web_sense_process
                0x000045f2       0xb8 websense.co
 .any.text.generate_chart
                0x000046aa       0xac websense.co
 .any.text.send_values
                0x00004756      0x18a websense.co
 .any.text.httpd_simple_get_script
                0x000048e0        0x6 websense.co
                0x000048e0                httpd_simple_get_script
 .any.text.handle_input
                0x000048e6       0xee obj_z1/httpd-simple.o
 .any.text.send_headers
                0x000049d4       0x6a obj_z1/httpd-simple.o
 .any.text.handle_output
                0x00004a3e       0xf8 obj_z1/httpd-simple.o
 .any.text.httpd_appcall
                0x00004b36       0xd2 obj_z1/httpd-simple.o
                0x00004b36                httpd_appcall
 .any.text.httpd_init
                0x00004c08       0x12 obj_z1/httpd-simple.o
                0x00004c08                httpd_init
 .any.text.process_thread_webserver_nogui_process
                0x00004c1a       0x40 contiki-z1.a(webserver-nogui)
 .any.text.psock_send
                0x00004c5a       0xae contiki-z1.a(psock.o)
                0x00004c5a                psock_send
 .any.text.psock_datalen
                0x00004d08        0xc contiki-z1.a(psock.o)
                0x00004d08                psock_datalen
 .any.text.psock_newdata
                0x00004d14       0x24 contiki-z1.a(psock.o)
                0x00004d14                psock_newdata
 .any.text.psock_readto
                0x00004d38       0xb4 contiki-z1.a(psock.o)
                0x00004d38                psock_readto
 .any.text.psock_init
                0x00004dec       0x22 contiki-z1.a(psock.o)
                0x00004dec                psock_init
 .any.text.memb_init
                0x00004e0e       0x36 contiki-z1.a(memb.o)
                0x00004e0e                memb_init
 .any.text.memb_alloc
                0x00004e44       0x3e contiki-z1.a(memb.o)
                0x00004e44                memb_alloc
 .any.text.memb_free
                0x00004e82       0x3a contiki-z1.a(memb.o)
                0x00004e82                memb_free
 .any.text.memb_inmemb
                0x00004ebc       0x2a contiki-z1.a(memb.o)
                0x00004ebc                memb_inmemb
 .any.text.memb_numfree
                0x00004ee6       0x26 contiki-z1.a(memb.o)
                0x00004ee6                memb_numfree
 .any.text.init_platform
                0x00004f0c        0xc contiki-z1.a(contiki-z1-plat)
                0x00004f0c                init_platform
 .any.text.msp430_init_dco
                0x00004f18       0x28 contiki-z1.a(msp430.o)
                0x00004f18                msp430_init_dco
 .any.text.splhigh_
                0x00004f40        0x8 contiki-z1.a(msp430.o)
                0x00004f40                splhigh_
 .any.text.msp430_sync_dco
                0x00004f48       0x6e contiki-z1.a(msp430.o)
                0x00004f48                msp430_sync_dco
 .any.text.msp430_cpu_init
                0x00004fb6       0x2e contiki-z1.a(msp430.o)
                0x00004fb6                msp430_cpu_init
 .any.text.show_leds
                0x00004fe4       0xe8 contiki-z1.a(leds.o)
 .any.text.leds_init
                0x000050cc        0xa contiki-z1.a(leds.o)
                0x000050cc                leds_init
 .any.text.leds_on
                0x000050d6        0xa contiki-z1.a(leds.o)
                0x000050d6                leds_on
 .any.text.leds_off
                0x000050e0        0xe contiki-z1.a(leds.o)
                0x000050e0                leds_off
 .any.text.watchdog_start
                0x000050ee       0x14 contiki-z1.a(watchdog.o)
                0x000050ee                watchdog_start
 .any.text.watchdog_periodic
                0x00005102       0x12 contiki-z1.a(watchdog.o)
                0x00005102                watchdog_periodic
 .any.text.watchdog_stop
                0x00005114       0x16 contiki-z1.a(watchdog.o)
                0x00005114                watchdog_stop
 .any.text.watchdog_init
                0x0000512a       0x12 contiki-z1.a(watchdog.o)
                0x0000512a                watchdog_init
 .any.text.wait_ready
                0x0000513c       0x46 contiki-z1.a(xmem.o)
 .any.text.xmem_init
                0x00005182       0x1e contiki-z1.a(xmem.o)
                0x00005182                xmem_init
 .any.text.xmem_pread
                0x000051a0       0xc2 contiki-z1.a(xmem.o)
                0x000051a0                xmem_pread
 .any.text.spi_init
                0x00005262       0x32 contiki-z1.a(spi.o)
                0x00005262                spi_init
 .any.text.get_object
                0x00005294        0x4 contiki-z1.a(cc2420.o)
 .any.text.set_object
                0x00005298        0x4 contiki-z1.a(cc2420.o)
 .any.text.strobe
                0x0000529c       0x1a contiki-z1.a(cc2420.o)
 .any.text.getreg
                0x000052b6       0x46 contiki-z1.a(cc2420.o)
 .any.text.setreg
                0x000052fc       0x44 contiki-z1.a(cc2420.o)
 .any.text.write_ram
                0x00005340       0x72 contiki-z1.a(cc2420.o)
 .any.text.write_fifo_buf
                0x000053b2       0x38 contiki-z1.a(cc2420.o)
 .any.text.get_status
                0x000053ea       0x1e contiki-z1.a(cc2420.o)
 .any.text.set_txpower
                0x00005408       0x24 contiki-z1.a(cc2420.o)
 .any.text.cc2420_receiving_packet
                0x0000542c        0xa contiki-z1.a(cc2420.o)
 .any.text.pending_packet
                0x00005436        0xa contiki-z1.a(cc2420.o)
 .any.text.on   0x00005440       0x26 contiki-z1.a(cc2420.o)
 .any.text.wait_for_transmission
                0x00005466       0x22 contiki-z1.a(cc2420.o)
 .any.text.wait_for_status
                0x00005488       0x24 contiki-z1.a(cc2420.o)
 .any.text.getrxdata
                0x000054ac       0x4c contiki-z1.a(cc2420.o)
 .any.text.flushrx
                0x000054f8       0x1a contiki-z1.a(cc2420.o)
 .any.text.off  0x00005512       0x5a contiki-z1.a(cc2420.o)
 .any.text.RELEASE_LOCK
                0x0000556c       0x28 contiki-z1.a(cc2420.o)
 .any.text.set_frame_filtering
                0x00005594       0x30 contiki-z1.a(cc2420.o)
 .any.text.set_auto_ack
                0x000055c4       0x30 contiki-z1.a(cc2420.o)
 .any.text.set_poll_mode
                0x000055f4       0x2c contiki-z1.a(cc2420.o)
 .any.text.cc2420_prepare
                0x00005620       0x38 contiki-z1.a(cc2420.o)
 .any.text.cc2420_on
                0x00005658       0x22 contiki-z1.a(cc2420.o)
                0x00005658                cc2420_on
 .any.text.cc2420_off
                0x0000567a       0x30 contiki-z1.a(cc2420.o)
                0x0000567a                cc2420_off
 .any.text.cc2420_cca
                0x000056aa       0x54 contiki-z1.a(cc2420.o)
 .any.text.cc2420_read
                0x000056fe       0xb8 contiki-z1.a(cc2420.o)
 .any.text.process_thread_cc2420_process
                0x000057b6       0x5c contiki-z1.a(cc2420.o)
 .any.text.cc2420_set_channel
                0x00005812       0x3a contiki-z1.a(cc2420.o)
                0x00005812                cc2420_set_channel
 .any.text.cc2420_set_pan_addr
                0x0000584c       0x4c contiki-z1.a(cc2420.o)
                0x0000584c                cc2420_set_pan_addr
 .any.text.cc2420_interrupt
                0x00005898       0x16 contiki-z1.a(cc2420.o)
                0x00005898                cc2420_interrupt
 .any.text.cc2420_set_txpower
                0x000058ae        0xe contiki-z1.a(cc2420.o)
                0x000058ae                cc2420_set_txpower
 .any.text.cc2420_get_txpower
                0x000058bc       0x1e contiki-z1.a(cc2420.o)
                0x000058bc                cc2420_get_txpower
 .any.text.cc2420_transmit
                0x000058da      0x10e contiki-z1.a(cc2420.o)
 .any.text.cc2420_send
                0x000059e8       0x12 contiki-z1.a(cc2420.o)
 .any.text.cc2420_rssi
                0x000059fa       0x48 contiki-z1.a(cc2420.o)
                0x000059fa                cc2420_rssi
 .any.text.get_value
                0x00005a42      0x104 contiki-z1.a(cc2420.o)
 .any.text.cc2420_set_cca_threshold
                0x00005b46       0x16 contiki-z1.a(cc2420.o)
                0x00005b46                cc2420_set_cca_threshold
 .any.text.set_value
                0x00005b5c       0xb2 contiki-z1.a(cc2420.o)
 .any.text.cc2420_init
                0x00005c0e       0xea contiki-z1.a(cc2420.o)
                0x00005c0e                cc2420_init
 .any.text.cc2420_arch_init
                0x00005cf8       0x1a contiki-z1.a(cc2420-arch.o)
                0x00005cf8                cc2420_arch_init
 .any.text.node_id_restore
                0x00005d12       0x4c contiki-z1.a(node-id.o)
                0x00005d12                node_id_restore
 .any.text.process_thread_sensors_process
                0x00005d5e       0xc2 contiki-z1.a(sensors.o)
 .any.text.sensors_changed
                0x00005e20       0x2a contiki-z1.a(sensors.o)
                0x00005e20                sensors_changed
 .any.text.uart0_active
                0x00005e4a        0xe contiki-z1.a(uart0.o)
                0x00005e4a                uart0_active
 .any.text.uart0_writeb
                0x00005e58       0x16 contiki-z1.a(uart0.o)
                0x00005e58                uart0_writeb
 .any.text.uart0_init
                0x00005e6e       0x40 contiki-z1.a(uart0.o)
                0x00005e6e                uart0_init
 .any.text.putchar
                0x00005eae       0x10 contiki-z1.a(uart0-putchar.o)
                0x00005eae                putchar
 .any.text.status
                0x00005ebe       0x12 contiki-z1.a(adxl345.o)
 .any.text.accm_write_reg
                0x00005ed0       0x2e contiki-z1.a(adxl345.o)
 .any.text.accm_write_stream
                0x00005efe       0x2a contiki-z1.a(adxl345.o)
 .any.text.accm_read_reg
                0x00005f28       0x54 contiki-z1.a(adxl345.o)
 .any.text.process_thread_accmeter_process
                0x00005f7c       0x56 contiki-z1.a(adxl345.o)
 .any.text.accm_read_axis.part.0
                0x00005fd2       0x5a contiki-z1.a(adxl345.o)
 .any.text.value
                0x0000602c       0x1e contiki-z1.a(adxl345.o)
 .any.text.accm_init
                0x0000604a       0x78 contiki-z1.a(adxl345.o)
                0x0000604a                accm_init
 .any.text.accm_stop
                0x000060c2       0x32 contiki-z1.a(adxl345.o)
                0x000060c2                accm_stop
 .any.text.configure
                0x000060f4       0x26 contiki-z1.a(adxl345.o)
 .any.text.status
                0x0000611a       0x12 contiki-z1.a(tmp102.o)
 .any.text.tmp102_init
                0x0000612c       0x24 contiki-z1.a(tmp102.o)
                0x0000612c                tmp102_init
 .any.text.tmp102_stop
                0x00006150        0xa contiki-z1.a(tmp102.o)
                0x00006150                tmp102_stop
 .any.text.configure
                0x0000615a       0x26 contiki-z1.a(tmp102.o)
 .any.text.tmp102_read_reg
                0x00006180       0x5e contiki-z1.a(tmp102.o)
                0x00006180                tmp102_read_reg
 .any.text.tmp102_read_temp_x100
                0x000061de       0x58 contiki-z1.a(tmp102.o)
                0x000061de                tmp102_read_temp_x100
 .any.text.value
                0x00006236        0x6 contiki-z1.a(tmp102.o)
 .any.text.clock_time
                0x0000623c       0x1a contiki-z1.a(clock.o)
                0x0000623c                clock_time
 .any.text.clock_init
                0x00006256       0x28 contiki-z1.a(clock.o)
                0x00006256                clock_init
 .any.text.clock_delay
                0x0000627e        0xc contiki-z1.a(clock.o)
                0x0000627e                clock_delay
 .any.text.clock_wait
                0x0000628a       0x24 contiki-z1.a(clock.o)
                0x0000628a                clock_wait
 .any.text.clock_seconds
                0x000062ae       0x1a contiki-z1.a(clock.o)
                0x000062ae                clock_seconds
 .any.text.leds_arch_init
                0x000062c8        0xe contiki-z1.a(leds-arch.o)
                0x000062c8                leds_arch_init
 .any.text.leds_arch_set
                0x000062d6       0x38 contiki-z1.a(leds-arch.o)
                0x000062d6                leds_arch_set
 .any.text.rtimer_arch_init
                0x0000630e        0xe contiki-z1.a(rtimer-arch.o)
                0x0000630e                rtimer_arch_init
 .any.text.rtimer_arch_now
                0x0000631c        0xe contiki-z1.a(rtimer-arch.o)
                0x0000631c                rtimer_arch_now
 .any.text.rtimer_arch_schedule
                0x0000632a        0x6 contiki-z1.a(rtimer-arch.o)
                0x0000632a                rtimer_arch_schedule
 .any.text.autostart_start
                0x00006330       0x16 contiki-z1.a(autostart.o)
                0x00006330                autostart_start
 .any.text.process_thread_ctimer_process
                0x00006346       0xa0 contiki-z1.a(ctimer.o)
 .any.text.ctimer_init
                0x000063e6       0x18 contiki-z1.a(ctimer.o)
                0x000063e6                ctimer_init
 .any.text.ctimer_set_with_process
                0x000063fe       0x4a contiki-z1.a(ctimer.o)
                0x000063fe                ctimer_set_with_process
 .any.text.ctimer_set
                0x00006448       0x10 contiki-z1.a(ctimer.o)
                0x00006448                ctimer_set
 .any.text.ctimer_reset
                0x00006458       0x2c contiki-z1.a(ctimer.o)
                0x00006458                ctimer_reset
 .any.text.ctimer_stop
                0x00006484       0x28 contiki-z1.a(ctimer.o)
                0x00006484                ctimer_stop
 .any.text.energest_init
                0x000064ac       0x24 contiki-z1.a(energest.o)
                0x000064ac                energest_init
 .any.text.energest_type_time
                0x000064d0       0x3c contiki-z1.a(energest.o)
                0x000064d0                energest_type_time
 .any.text.energest_type_set
                0x0000650c        0xc contiki-z1.a(energest.o)
                0x0000650c                energest_type_set
 .any.text.energest_flush
                0x00006518       0x38 contiki-z1.a(energest.o)
                0x00006518                energest_flush
 .any.text.update_time
                0x00006550       0x70 contiki-z1.a(etimer.o)
 .any.text.etimer_request_poll
                0x000065c0        0xa contiki-z1.a(etimer.o)
                0x000065c0                etimer_request_poll
 .any.text.process_thread_etimer_process
                0x000065ca       0xc4 contiki-z1.a(etimer.o)
 .any.text.add_timer
                0x0000668e       0x40 contiki-z1.a(etimer.o)
 .any.text.etimer_set
                0x000066ce       0x12 contiki-z1.a(etimer.o)
                0x000066ce                etimer_set
 .any.text.etimer_reset
                0x000066e0       0x12 contiki-z1.a(etimer.o)
                0x000066e0                etimer_reset
 .any.text.etimer_restart
                0x000066f2       0x12 contiki-z1.a(etimer.o)
                0x000066f2                etimer_restart
 .any.text.etimer_expired
                0x00006704        0xe contiki-z1.a(etimer.o)
                0x00006704                etimer_expired
 .any.text.etimer_expiration_time
                0x00006712       0x14 contiki-z1.a(etimer.o)
                0x00006712                etimer_expiration_time
 .any.text.etimer_pending
                0x00006726        0xc contiki-z1.a(etimer.o)
                0x00006726                etimer_pending
 .any.text.etimer_next_expiration_time
                0x00006732       0x16 contiki-z1.a(etimer.o)
                0x00006732                etimer_next_expiration_time
 .any.text.etimer_stop
                0x00006748       0x3e contiki-z1.a(etimer.o)
                0x00006748                etimer_stop
 .any.text.call_process
                0x00006786       0x40 contiki-z1.a(process.o)
 .any.text.exit_process
                0x000067c6       0x88 contiki-z1.a(process.o)
 .any.text.do_poll
                0x0000684e       0x30 contiki-z1.a(process.o)
 .any.text.process_alloc_event
                0x0000687e        0xe contiki-z1.a(process.o)
                0x0000687e                process_alloc_event
 .any.text.process_init
                0x0000688c       0x1c contiki-z1.a(process.o)
                0x0000688c                process_init
 .any.text.process_run
                0x000068a8       0xa4 contiki-z1.a(process.o)
                0x000068a8                process_run
 .any.text.process_nevents
                0x0000694c        0xe contiki-z1.a(process.o)
                0x0000694c                process_nevents
 .any.text.process_post
                0x0000695a       0x50 contiki-z1.a(process.o)
                0x0000695a                process_post
 .any.text.process_post_synch
                0x000069aa       0x12 contiki-z1.a(process.o)
                0x000069aa                process_post_synch
 .any.text.process_start
                0x000069bc       0x36 contiki-z1.a(process.o)
                0x000069bc                process_start
 .any.text.process_poll
                0x000069f2       0x18 contiki-z1.a(process.o)
                0x000069f2                process_poll
 .any.text.rtimer_init
                0x00006a0a        0x6 contiki-z1.a(rtimer.o)
                0x00006a0a                rtimer_init
 .any.text.rtimer_run_next
                0x00006a10       0x26 contiki-z1.a(rtimer.o)
                0x00006a10                rtimer_run_next
 .any.text.timer_set
                0x00006a36       0x1c contiki-z1.a(timer.o)
                0x00006a36                timer_set
 .any.text.timer_reset
                0x00006a52        0xe contiki-z1.a(timer.o)
                0x00006a52                timer_reset
 .any.text.timer_restart
                0x00006a60       0x14 contiki-z1.a(timer.o)
                0x00006a60                timer_restart
 .any.text.timer_expired
                0x00006a74       0x2a contiki-z1.a(timer.o)
                0x00006a74                timer_expired
 .any.text.list_init
                0x00006a9e        0x6 contiki-z1.a(list.o)
                0x00006a9e                list_init
 .any.text.list_head
                0x00006aa4        0x4 contiki-z1.a(list.o)
                0x00006aa4                list_head
 .any.text.list_tail
                0x00006aa8       0x12 contiki-z1.a(list.o)
                0x00006aa8                list_tail
 .any.text.list_remove
                0x00006aba       0x34 contiki-z1.a(list.o)
                0x00006aba                list_remove
 .any.text.list_push
                0x00006aee       0x16 contiki-z1.a(list.o)
                0x00006aee                list_push
 .any.text.list_add
                0x00006b04       0x26 contiki-z1.a(list.o)
                0x00006b04                list_add
 .any.text.list_length
                0x00006b2a       0x10 contiki-z1.a(list.o)
                0x00006b2a                list_length
 .any.text.list_item_next
                0x00006b3a        0xc contiki-z1.a(list.o)
                0x00006b3a                list_item_next
 .any.text.random_init
                0x00006b46        0x6 contiki-z1.a(random.o)
                0x00006b46                random_init
 .any.text.random_rand
                0x00006b4c        0x6 contiki-z1.a(random.o)
                0x00006b4c                random_rand
 .any.text.uip_ds6_list_loop
                0x00006b52       0x66 contiki-z1.a(uip-ds6.o)
                0x00006b52                uip_ds6_list_loop
 .any.text.uip_ds6_prefix_add
                0x00006bb8       0x70 contiki-z1.a(uip-ds6.o)
                0x00006bb8                uip_ds6_prefix_add
 .any.text.uip_ds6_is_addr_onlink
                0x00006c28       0x42 contiki-z1.a(uip-ds6.o)
                0x00006c28                uip_ds6_is_addr_onlink
 .any.text.uip_ds6_addr_lookup
                0x00006c6a       0x2a contiki-z1.a(uip-ds6.o)
                0x00006c6a                uip_ds6_addr_lookup
 .any.text.uip_ds6_get_link_local
                0x00006c94       0x3e contiki-z1.a(uip-ds6.o)
                0x00006c94                uip_ds6_get_link_local
 .any.text.uip_ds6_maddr_add
                0x00006cd2       0x48 contiki-z1.a(uip-ds6.o)
                0x00006cd2                uip_ds6_maddr_add
 .any.text.uip_ds6_addr_add
                0x00006d1a       0xb4 contiki-z1.a(uip-ds6.o)
                0x00006d1a                uip_ds6_addr_add
 .any.text.uip_ds6_maddr_rm
                0x00006dce        0xa contiki-z1.a(uip-ds6.o)
                0x00006dce                uip_ds6_maddr_rm
 .any.text.uip_ds6_maddr_lookup
                0x00006dd8       0x2a contiki-z1.a(uip-ds6.o)
                0x00006dd8                uip_ds6_maddr_lookup
 .any.text.uip_ds6_addr_rm
                0x00006e02       0x54 contiki-z1.a(uip-ds6.o)
                0x00006e02                uip_ds6_addr_rm
 .any.text.uip_ds6_periodic
                0x00006e56       0x4a contiki-z1.a(uip-ds6.o)
                0x00006e56                uip_ds6_periodic
 .any.text.uip_ds6_set_addr_iid
                0x00006ea0       0x14 contiki-z1.a(uip-ds6.o)
                0x00006ea0                uip_ds6_set_addr_iid
 .any.text.get_match_length
                0x00006eb4       0x3c contiki-z1.a(uip-ds6.o)
                0x00006eb4                get_match_length
 .any.text.uip_ds6_select_src
                0x00006ef0       0x9a contiki-z1.a(uip-ds6.o)
                0x00006ef0                uip_ds6_select_src
 .any.text.uip_ds6_compute_reachable_time
                0x00006f8a       0x36 contiki-z1.a(uip-ds6.o)
                0x00006f8a                uip_ds6_compute_reachable_time
 .any.text.uip_ds6_init
                0x00006fc0      0x138 contiki-z1.a(uip-ds6.o)
                0x00006fc0                uip_ds6_init
 .any.text.call_route_callback
                0x000070f8       0x40 contiki-z1.a(uip-ds6-route.o)
 .any.text.uip_ds6_route_init
                0x00007138       0x36 contiki-z1.a(uip-ds6-route.o)
                0x00007138                uip_ds6_route_init
 .any.text.uip_ds6_route_nexthop
                0x0000716e       0x1a contiki-z1.a(uip-ds6-route.o)
                0x0000716e                uip_ds6_route_nexthop
 .any.text.uip_ds6_route_head
                0x00007188        0xa contiki-z1.a(uip-ds6-route.o)
                0x00007188                uip_ds6_route_head
 .any.text.uip_ds6_route_next
                0x00007192        0xe contiki-z1.a(uip-ds6-route.o)
                0x00007192                uip_ds6_route_next
 .any.text.uip_ds6_route_lookup
                0x000071a0       0x6e contiki-z1.a(uip-ds6-route.o)
                0x000071a0                uip_ds6_route_lookup
 .any.text.uip_ds6_route_rm
                0x0000720e       0xa2 contiki-z1.a(uip-ds6-route.o)
                0x0000720e                uip_ds6_route_rm
 .any.text.rm_routelist
                0x000072b0       0x34 contiki-z1.a(uip-ds6-route.o)
 .any.text.rm_routelist_callback
                0x000072e4        0x6 contiki-z1.a(uip-ds6-route.o)
 .any.text.uip_ds6_route_add
                0x000072ea      0x102 contiki-z1.a(uip-ds6-route.o)
                0x000072ea                uip_ds6_route_add
 .any.text.uip_ds6_defrt_rm
                0x000073ec       0x44 contiki-z1.a(uip-ds6-route.o)
                0x000073ec                uip_ds6_defrt_rm
 .any.text.uip_ds6_defrt_lookup
                0x00007430       0x32 contiki-z1.a(uip-ds6-route.o)
                0x00007430                uip_ds6_defrt_lookup
 .any.text.uip_ds6_defrt_add
                0x00007462       0x68 contiki-z1.a(uip-ds6-route.o)
                0x00007462                uip_ds6_defrt_add
 .any.text.uip_ds6_defrt_choose
                0x000074ca       0x36 contiki-z1.a(uip-ds6-route.o)
                0x000074ca                uip_ds6_defrt_choose
 .any.text.uip_ds6_defrt_periodic
                0x00007500       0x38 contiki-z1.a(uip-ds6-route.o)
                0x00007500                uip_ds6_defrt_periodic
 .any.text.chksum
                0x00007538       0x32 contiki-z1.a(uip6.o)
 .any.text.upper_layer_chksum
                0x0000756a       0x56 contiki-z1.a(uip6.o)
 .any.text.ext_hdr_options_process
                0x000075c0       0xc2 contiki-z1.a(uip6.o)
 .any.text.uip_add32
                0x00007682       0x60 contiki-z1.a(uip6.o)
                0x00007682                uip_add32
 .any.text.uip_add_rcv_nxt
                0x000076e2       0x2e contiki-z1.a(uip6.o)
 .any.text.uip_icmp6chksum
                0x00007710        0xa contiki-z1.a(uip6.o)
                0x00007710                uip_icmp6chksum
 .any.text.uip_tcpchksum
                0x0000771a        0xa contiki-z1.a(uip6.o)
                0x0000771a                uip_tcpchksum
 .any.text.uip_udpchksum
                0x00007724        0xa contiki-z1.a(uip6.o)
                0x00007724                uip_udpchksum
 .any.text.uip_init
                0x0000772e       0x62 contiki-z1.a(uip6.o)
                0x0000772e                uip_init
 .any.text.remove_ext_hdr
                0x00007790       0x50 contiki-z1.a(uip6.o)
                0x00007790                remove_ext_hdr
 .any.text.uip_unlisten
                0x000077e0       0x2a contiki-z1.a(uip6.o)
                0x000077e0                uip_unlisten
 .any.text.uip_listen
                0x0000780a       0x2c contiki-z1.a(uip6.o)
                0x0000780a                uip_listen
 .any.text.uip_process
                0x00007836      0xe0a contiki-z1.a(uip6.o)
                0x00007836                uip_process
 .any.text.uip_htonl
                0x00008640       0x2a contiki-z1.a(uip6.o)
                0x00008640                uip_htonl
 .any.text.uip_send
                0x0000866a       0x48 contiki-z1.a(uip6.o)
                0x0000866a                uip_send
 .any.text.uip_ds6_nbr_rm
                0x000086b2       0x1a contiki-z1.a(uip-ds6-nbr.o)
                0x000086b2                uip_ds6_nbr_rm
 .any.text.uip_ds6_neighbors_init
                0x000086cc        0xe contiki-z1.a(uip-ds6-nbr.o)
                0x000086cc                uip_ds6_neighbors_init
 .any.text.uip_ds6_nbr_add
                0x000086da       0x54 contiki-z1.a(uip-ds6-nbr.o)
                0x000086da                uip_ds6_nbr_add
 .any.text.uip_ds6_nbr_get_ll
                0x0000872e        0xc contiki-z1.a(uip-ds6-nbr.o)
                0x0000872e                uip_ds6_nbr_get_ll
 .any.text.uip_ds6_nbr_lookup
                0x0000873a       0x3e contiki-z1.a(uip-ds6-nbr.o)
                0x0000873a                uip_ds6_nbr_lookup
 .any.text.uip_ds6_nbr_ll_lookup
                0x00008778        0xc contiki-z1.a(uip-ds6-nbr.o)
                0x00008778                uip_ds6_nbr_ll_lookup
 .any.text.uip_ds6_nbr_ipaddr_from_lladdr
                0x00008784        0x6 contiki-z1.a(uip-ds6-nbr.o)
                0x00008784                uip_ds6_nbr_ipaddr_from_lladdr
 .any.text.uip_ds6_nbr_lladdr_from_ipaddr
                0x0000878a       0x12 contiki-z1.a(uip-ds6-nbr.o)
                0x0000878a                uip_ds6_nbr_lladdr_from_ipaddr
 .any.text.uip_ds6_link_neighbor_callback
                0x0000879c       0x26 contiki-z1.a(uip-ds6-nbr.o)
                0x0000879c                uip_ds6_link_neighbor_callback
 .any.text.uip_ds6_neighbor_periodic
                0x000087c2       0x5c contiki-z1.a(uip-ds6-nbr.o)
                0x000087c2                uip_ds6_neighbor_periodic
 .any.text.uip_nd6_init
                0x0000881e        0x2 contiki-z1.a(uip-nd6.o)
                0x0000881e                uip_nd6_init
 .any.text.clear_fragments
                0x00008820       0x38 contiki-z1.a(sicslowpan.o)
 .any.text.set_packet_attrs
                0x00008858       0x46 contiki-z1.a(sicslowpan.o)
 .any.text.addr_context_lookup_by_number
                0x0000889e       0x30 contiki-z1.a(sicslowpan.o)
 .any.text.compress_addr_64
                0x000088ce       0x9a contiki-z1.a(sicslowpan.o)
 .any.text.store_fragment
                0x00008968       0x6e contiki-z1.a(sicslowpan.o)
 .any.text.uncompress_addr
                0x000089d6       0x96 contiki-z1.a(sicslowpan.o)
 .any.text.sicslowpan_init
                0x00008a6c       0x26 contiki-z1.a(sicslowpan.o)
                0x00008a6c                sicslowpan_init
 .any.text.addr_context_lookup_by_prefix
                0x00008a92       0x4a contiki-z1.a(sicslowpan.o)
 .any.text.packet_sent
                0x00008adc       0x22 contiki-z1.a(sicslowpan.o)
 .any.text.add_fragment
                0x00008afe      0x160 contiki-z1.a(sicslowpan.o)
 .any.text.input
                0x00008c5e      0x606 contiki-z1.a(sicslowpan.o)
 .any.text.send_packet
                0x00009264       0x1a contiki-z1.a(sicslowpan.o)
 .any.text.output
                0x0000927e      0x680 contiki-z1.a(sicslowpan.o)
 .any.text.uip_debug_ipaddr_print
                0x000098fe       0xbc contiki-z1.a(uip-debug.o)
                0x000098fe                uip_debug_ipaddr_print
 .any.text.start_periodic_tcp_timer
                0x000099ba       0x16 contiki-z1.a(tcpip.o)
 .any.text.tcpip_output
                0x000099d0       0x10 contiki-z1.a(tcpip.o)
                0x000099d0                tcpip_output
 .any.text.tcpip_set_outputfunc
                0x000099e0        0x6 contiki-z1.a(tcpip.o)
                0x000099e0                tcpip_set_outputfunc
 .any.text.tcp_listen
                0x000099e6       0x3a contiki-z1.a(tcpip.o)
                0x000099e6                tcp_listen
 .any.text.tcp_attach
                0x00009a20        0xc contiki-z1.a(tcpip.o)
                0x00009a20                tcp_attach
 .any.text.tcpip_input
                0x00009a2c       0x16 contiki-z1.a(tcpip.o)
                0x00009a2c                tcpip_input
 .any.text.tcpip_ipv6_output
                0x00009a42       0xce contiki-z1.a(tcpip.o)
                0x00009a42                tcpip_ipv6_output
 .any.text.process_thread_tcpip_process
                0x00009b10      0x1ba contiki-z1.a(tcpip.o)
 .any.text.tcpip_uipcall
                0x00009cca       0x70 contiki-z1.a(tcpip.o)
                0x00009cca                tcpip_uipcall
 .any.text.lollipop_greater_than
                0x00009d3a       0x3c contiki-z1.a(rpl-dag.o)
 .any.text.find_parent_any_dag_any_instance
                0x00009d76       0x14 contiki-z1.a(rpl-dag.o)
 .any.text.rpl_set_preferred_parent
                0x00009d8a       0x2c contiki-z1.a(rpl-dag.o)
 .any.text.set_ip_from_prefix
                0x00009db6       0x30 contiki-z1.a(rpl-dag.o)
 .any.text.check_prefix
                0x00009de6       0x70 contiki-z1.a(rpl-dag.o)
 .any.text.rpl_get_nbr
                0x00009e56       0x1e contiki-z1.a(rpl-dag.o)
                0x00009e56                rpl_get_nbr
 .any.text.rpl_dag_init
                0x00009e74        0xe contiki-z1.a(rpl-dag.o)
                0x00009e74                rpl_dag_init
 .any.text.rpl_get_parent
                0x00009e82        0xc contiki-z1.a(rpl-dag.o)
                0x00009e82                rpl_get_parent
 .any.text.rpl_get_parent_ipaddr
                0x00009e8e       0x10 contiki-z1.a(rpl-dag.o)
                0x00009e8e                rpl_get_parent_ipaddr
 .any.text.rpl_set_prefix
                0x00009e9e       0x74 contiki-z1.a(rpl-dag.o)
                0x00009e9e                rpl_set_prefix
 .any.text.rpl_set_default_route
                0x00009f12       0x60 contiki-z1.a(rpl-dag.o)
                0x00009f12                rpl_set_default_route
 .any.text.rpl_alloc_instance
                0x00009f72       0x34 contiki-z1.a(rpl-dag.o)
                0x00009f72                rpl_alloc_instance
 .any.text.rpl_add_parent
                0x00009fa6       0x4e contiki-z1.a(rpl-dag.o)
                0x00009fa6                rpl_add_parent
 .any.text.rpl_find_parent
                0x00009ff4       0x1a contiki-z1.a(rpl-dag.o)
                0x00009ff4                rpl_find_parent
 .any.text.rpl_find_parent_any_dag
                0x0000a00e       0x22 contiki-z1.a(rpl-dag.o)
                0x0000a00e                rpl_find_parent_any_dag
 .any.text.rpl_select_parent
                0x0000a030       0x74 contiki-z1.a(rpl-dag.o)
                0x0000a030                rpl_select_parent
 .any.text.rpl_select_dag
                0x0000a0a4      0x190 contiki-z1.a(rpl-dag.o)
                0x0000a0a4                rpl_select_dag
 .any.text.rpl_nullify_parent
                0x0000a234       0x4e contiki-z1.a(rpl-dag.o)
                0x0000a234                rpl_nullify_parent
 .any.text.rpl_remove_parent
                0x0000a282       0x16 contiki-z1.a(rpl-dag.o)
                0x0000a282                rpl_remove_parent
 .any.text.nbr_callback
                0x0000a298        0x6 contiki-z1.a(rpl-dag.o)
 .any.text.remove_parents.constprop.5
                0x0000a29e       0x2c contiki-z1.a(rpl-dag.o)
 .any.text.rpl_free_dag
                0x0000a2ca       0x34 contiki-z1.a(rpl-dag.o)
                0x0000a2ca                rpl_free_dag
 .any.text.rpl_move_parent
                0x0000a2fe       0x52 contiki-z1.a(rpl-dag.o)
                0x0000a2fe                rpl_move_parent
 .any.text.rpl_get_any_dag
                0x0000a350       0x16 contiki-z1.a(rpl-dag.o)
                0x0000a350                rpl_get_any_dag
 .any.text.rpl_get_instance
                0x0000a366       0x16 contiki-z1.a(rpl-dag.o)
                0x0000a366                rpl_get_instance
 .any.text.rpl_alloc_dag
                0x0000a37c       0x60 contiki-z1.a(rpl-dag.o)
                0x0000a37c                rpl_alloc_dag
 .any.text.rpl_repair_root
                0x0000a3dc       0x4c contiki-z1.a(rpl-dag.o)
                0x0000a3dc                rpl_repair_root
 .any.text.rpl_find_of
                0x0000a428       0x10 contiki-z1.a(rpl-dag.o)
                0x0000a428                rpl_find_of
 .any.text.rpl_join_instance
                0x0000a438      0x122 contiki-z1.a(rpl-dag.o)
                0x0000a438                rpl_join_instance
 .any.text.rpl_local_repair
                0x0000a55a       0x62 contiki-z1.a(rpl-dag.o)
                0x0000a55a                rpl_local_repair
 .any.text.rpl_process_parent_event
                0x0000a5bc       0x6a contiki-z1.a(rpl-dag.o)
                0x0000a5bc                rpl_process_parent_event
 .any.text.rpl_recalculate_ranks
                0x0000a626       0x44 contiki-z1.a(rpl-dag.o)
                0x0000a626                rpl_recalculate_ranks
 .any.text.rpl_add_dag
                0x0000a66a      0x10a contiki-z1.a(rpl-dag.o)
                0x0000a66a                rpl_add_dag
 .any.text.rpl_process_dio
                0x0000a774      0x318 contiki-z1.a(rpl-dag.o)
                0x0000a774                rpl_process_dio
 .any.text.new_dio_interval
                0x0000aa8c       0x8a contiki-z1.a(rpl-timers.o)
 .any.text.handle_unicast_dio_timer
                0x0000ab16       0x1c contiki-z1.a(rpl-timers.o)
 .any.text.set_dao_lifetime_timer
                0x0000ab32       0x66 contiki-z1.a(rpl-timers.o)
 .any.text.handle_periodic_timer
                0x0000ab98       0x32 contiki-z1.a(rpl-timers.o)
 .any.text.schedule_dao
                0x0000abca       0x72 contiki-z1.a(rpl-timers.o)
 .any.text.handle_dio_timer
                0x0000ac3c       0x88 contiki-z1.a(rpl-timers.o)
 .any.text.handle_dao_timer
                0x0000acc4       0x64 contiki-z1.a(rpl-timers.o)
 .any.text.rpl_reset_periodic_timer
                0x0000ad28       0x54 contiki-z1.a(rpl-timers.o)
                0x0000ad28                rpl_reset_periodic_timer
 .any.text.rpl_reset_dio_timer
                0x0000ad7c       0x18 contiki-z1.a(rpl-timers.o)
                0x0000ad7c                rpl_reset_dio_timer
 .any.text.rpl_schedule_dao
                0x0000ad94        0xc contiki-z1.a(rpl-timers.o)
                0x0000ad94                rpl_schedule_dao
 .any.text.rpl_schedule_unicast_dio_immediately
                0x0000ada0       0x16 contiki-z1.a(rpl-timers.o)
                0x0000ada0                rpl_schedule_unicast_dio_immediately
 .any.text.rpl_schedule_probing
                0x0000adb6       0x34 contiki-z1.a(rpl-timers.o)
                0x0000adb6                rpl_schedule_probing
 .any.text.handle_probing_timer
                0x0000adea      0x108 contiki-z1.a(rpl-timers.o)
 .any.text.rpl_verify_header
                0x0000aef2       0xfa contiki-z1.a(rpl-ext-header.)
                0x0000aef2                rpl_verify_header
 .any.text.rpl_update_header_empty
                0x0000afec      0x12a contiki-z1.a(rpl-ext-header.)
                0x0000afec                rpl_update_header_empty
 .any.text.rpl_update_header_final
                0x0000b116       0x8e contiki-z1.a(rpl-ext-header.)
                0x0000b116                rpl_update_header_final
 .any.text.rpl_invert_header
                0x0000b1a4       0x74 contiki-z1.a(rpl-ext-header.)
                0x0000b1a4                rpl_invert_header
 .any.text.rpl_insert_header
                0x0000b218       0x12 contiki-z1.a(rpl-ext-header.)
                0x0000b218                rpl_insert_header
 .any.text.rpl_get_mode
                0x0000b22a        0x6 contiki-z1.a(rpl.o)
                0x0000b22a                rpl_get_mode
 .any.text.rpl_purge_routes
                0x0000b230       0x96 contiki-z1.a(rpl.o)
                0x0000b230                rpl_purge_routes
 .any.text.rpl_remove_routes
                0x0000b2c6       0x22 contiki-z1.a(rpl.o)
                0x0000b2c6                rpl_remove_routes
 .any.text.rpl_remove_routes_by_nexthop
                0x0000b2e8       0x3e contiki-z1.a(rpl.o)
                0x0000b2e8                rpl_remove_routes_by_nexthop
 .any.text.rpl_add_route
                0x0000b326       0x48 contiki-z1.a(rpl.o)
                0x0000b326                rpl_add_route
 .any.text.rpl_link_neighbor_callback
                0x0000b36e       0x74 contiki-z1.a(rpl.o)
                0x0000b36e                rpl_link_neighbor_callback
 .any.text.rpl_ipv6_neighbor_callback
                0x0000b3e2       0x1e contiki-z1.a(rpl.o)
                0x0000b3e2                rpl_ipv6_neighbor_callback
 .any.text.rpl_purge_dags
                0x0000b400       0x60 contiki-z1.a(rpl.o)
                0x0000b400                rpl_purge_dags
 .any.text.rpl_init
                0x0000b460       0x4a contiki-z1.a(rpl.o)
                0x0000b460                rpl_init
 .any.text.reset
                0x0000b4aa        0x2 contiki-z1.a(rpl-mrhof.o)
 .any.text.update_metric_container
                0x0000b4ac        0x6 contiki-z1.a(rpl-mrhof.o)
 .any.text.calculate_rank
                0x0000b4b2       0x3e contiki-z1.a(rpl-mrhof.o)
 .any.text.neighbor_link_callback
                0x0000b4f0       0x8c contiki-z1.a(rpl-mrhof.o)
 .any.text.best_dag
                0x0000b57c       0x2e contiki-z1.a(rpl-mrhof.o)
 .any.text.best_parent
                0x0000b5aa       0x66 contiki-z1.a(rpl-mrhof.o)
 .any.text.queuebuf_init
                0x0000b610       0x12 contiki-z1.a(queuebuf.o)
                0x0000b610                queuebuf_init
 .any.text.queuebuf_numfree
                0x0000b622        0xa contiki-z1.a(queuebuf.o)
                0x0000b622                queuebuf_numfree
 .any.text.queuebuf_new_from_packetbuf
                0x0000b62c       0x4e contiki-z1.a(queuebuf.o)
                0x0000b62c                queuebuf_new_from_packetbuf
 .any.text.queuebuf_update_attr_from_packetbuf
                0x0000b67a       0x12 contiki-z1.a(queuebuf.o)
                0x0000b67a                queuebuf_update_attr_from_packetbuf
 .any.text.queuebuf_free
                0x0000b68c       0x2a contiki-z1.a(queuebuf.o)
                0x0000b68c                queuebuf_free
 .any.text.queuebuf_to_packetbuf
                0x0000b6b6       0x32 contiki-z1.a(queuebuf.o)
                0x0000b6b6                queuebuf_to_packetbuf
 .any.text.queuebuf_attr
                0x0000b6e8        0xe contiki-z1.a(queuebuf.o)
                0x0000b6e8                queuebuf_attr
 .any.text.item_from_index
                0x0000b6f6       0x2a contiki-z1.a(nbr-table.o)
 .any.text.index_from_key
                0x0000b720       0x26 contiki-z1.a(nbr-table.o)
 .any.text.index_from_item
                0x0000b746       0x1e contiki-z1.a(nbr-table.o)
 .any.text.nbr_set_bit
                0x0000b764       0x50 contiki-z1.a(nbr-table.o)
 .any.text.index_from_lladdr
                0x0000b7b4       0x3e contiki-z1.a(nbr-table.o)
 .any.text.nbr_get_bit.constprop.0
                0x0000b7f2       0x2c contiki-z1.a(nbr-table.o)
 .any.text.nbr_table_register
                0x0000b81e       0x26 contiki-z1.a(nbr-table.o)
                0x0000b81e                nbr_table_register
 .any.text.nbr_table_next
                0x0000b844       0x4c contiki-z1.a(nbr-table.o)
                0x0000b844                nbr_table_next
 .any.text.nbr_table_head
                0x0000b890       0x36 contiki-z1.a(nbr-table.o)
                0x0000b890                nbr_table_head
 .any.text.nbr_table_add_lladdr
                0x0000b8c6      0x110 contiki-z1.a(nbr-table.o)
                0x0000b8c6                nbr_table_add_lladdr
 .any.text.nbr_table_get_from_lladdr
                0x0000b9d6       0x28 contiki-z1.a(nbr-table.o)
                0x0000b9d6                nbr_table_get_from_lladdr
 .any.text.nbr_table_remove
                0x0000b9fe       0x2a contiki-z1.a(nbr-table.o)
                0x0000b9fe                nbr_table_remove
 .any.text.nbr_table_lock
                0x0000ba28       0x10 contiki-z1.a(nbr-table.o)
                0x0000ba28                nbr_table_lock
 .any.text.nbr_table_unlock
                0x0000ba38       0x10 contiki-z1.a(nbr-table.o)
                0x0000ba38                nbr_table_unlock
 .any.text.nbr_table_get_lladdr
                0x0000ba48       0x20 contiki-z1.a(nbr-table.o)
                0x0000ba48                nbr_table_get_lladdr
 .any.text.packetbuf_copyto
                0x0000ba68       0x46 contiki-z1.a(packetbuf.o)
                0x0000ba68                packetbuf_copyto
 .any.text.packetbuf_hdrreduce
                0x0000baae       0x1a contiki-z1.a(packetbuf.o)
                0x0000baae                packetbuf_hdrreduce
 .any.text.packetbuf_set_datalen
                0x0000bac8        0x6 contiki-z1.a(packetbuf.o)
                0x0000bac8                packetbuf_set_datalen
 .any.text.packetbuf_dataptr
                0x0000bace        0xe contiki-z1.a(packetbuf.o)
                0x0000bace                packetbuf_dataptr
 .any.text.packetbuf_hdrptr
                0x0000badc        0xa contiki-z1.a(packetbuf.o)
                0x0000badc                packetbuf_hdrptr
 .any.text.packetbuf_datalen
                0x0000bae6        0x6 contiki-z1.a(packetbuf.o)
                0x0000bae6                packetbuf_datalen
 .any.text.packetbuf_hdrlen
                0x0000baec       0x10 contiki-z1.a(packetbuf.o)
                0x0000baec                packetbuf_hdrlen
 .any.text.packetbuf_totlen
                0x0000bafc        0xc contiki-z1.a(packetbuf.o)
                0x0000bafc                packetbuf_totlen
 .any.text.packetbuf_hdralloc
                0x0000bb08       0x2a contiki-z1.a(packetbuf.o)
                0x0000bb08                packetbuf_hdralloc
 .any.text.packetbuf_attr_clear
                0x0000bb32       0x28 contiki-z1.a(packetbuf.o)
                0x0000bb32                packetbuf_attr_clear
 .any.text.packetbuf_clear
                0x0000bb5a       0x1a contiki-z1.a(packetbuf.o)
                0x0000bb5a                packetbuf_clear
 .any.text.packetbuf_copyfrom
                0x0000bb74       0x2a contiki-z1.a(packetbuf.o)
                0x0000bb74                packetbuf_copyfrom
 .any.text.packetbuf_attr_copyto
                0x0000bb9e       0x22 contiki-z1.a(packetbuf.o)
                0x0000bb9e                packetbuf_attr_copyto
 .any.text.packetbuf_attr_copyfrom
                0x0000bbc0       0x24 contiki-z1.a(packetbuf.o)
                0x0000bbc0                packetbuf_attr_copyfrom
 .any.text.packetbuf_holds_broadcast
                0x0000bbe4        0xe contiki-z1.a(packetbuf.o)
                0x0000bbe4                packetbuf_holds_broadcast
 .any.text.linkaddr_copy
                0x0000bbf2        0x8 contiki-z1.a(linkaddr.o)
                0x0000bbf2                linkaddr_copy
 .any.text.linkaddr_cmp
                0x0000bbfa       0x12 contiki-z1.a(linkaddr.o)
                0x0000bbfa                linkaddr_cmp
 .any.text.linkaddr_set_node_addr
                0x0000bc0c        0xc contiki-z1.a(linkaddr.o)
                0x0000bc0c                linkaddr_set_node_addr
 .any.text.create_frame.isra.0
                0x0000bc18      0x114 contiki-z1.a(framer-802154.o)
 .any.text.create
                0x0000bd2c        0x8 contiki-z1.a(framer-802154.o)
 .any.text.hdr_length
                0x0000bd34        0x8 contiki-z1.a(framer-802154.o)
 .any.text.parse
                0x0000bd3c       0x9a contiki-z1.a(framer-802154.o)
 .any.text.input_packet
                0x0000bdd6        0x6 contiki-z1.a(csma.o)
 .any.text.on   0x0000bddc        0x6 contiki-z1.a(csma.o)
 .any.text.off  0x0000bde2        0x6 contiki-z1.a(csma.o)
 .any.text.channel_check_interval
                0x0000bde8       0x10 contiki-z1.a(csma.o)
 .any.text.transmit_packet_list
                0x0000bdf8       0x24 contiki-z1.a(csma.o)
 .any.text.init
                0x0000be1c       0x1a contiki-z1.a(csma.o)
 .any.text.send_packet
                0x0000be36      0x16e contiki-z1.a(csma.o)
 .any.text.free_packet
                0x0000bfa4       0xa0 contiki-z1.a(csma.o)
 .any.text.packet_sent
                0x0000c044      0x116 contiki-z1.a(csma.o)
 .any.text.on   0x0000c15a        0x6 contiki-z1.a(nullrdc.o)
 .any.text.channel_check_interval
                0x0000c160        0x4 contiki-z1.a(nullrdc.o)
 .any.text.init
                0x0000c164        0x6 contiki-z1.a(nullrdc.o)
 .any.text.off  0x0000c16a       0x10 contiki-z1.a(nullrdc.o)
 .any.text.packet_input
                0x0000c17a       0x28 contiki-z1.a(nullrdc.o)
 .any.text.send_one_packet
                0x0000c1a2       0x62 contiki-z1.a(nullrdc.o)
 .any.text.send_list
                0x0000c204       0x28 contiki-z1.a(nullrdc.o)
 .any.text.send_packet
                0x0000c22c        0x6 contiki-z1.a(nullrdc.o)
 .any.text.init
                0x0000c232        0x2 contiki-z1.a(nullsec.o)
 .any.text.send
                0x0000c234        0xa contiki-z1.a(nullsec.o)
 .any.text.input
                0x0000c23e        0x6 contiki-z1.a(nullsec.o)
 .any.text.i2c_receiveinit
                0x0000c244       0x36 contiki-z1.a(i2cmaster.o)
                0x0000c244                i2c_receiveinit
 .any.text.i2c_transmitinit
                0x0000c27a       0x30 contiki-z1.a(i2cmaster.o)
                0x0000c27a                i2c_transmitinit
 .any.text.i2c_receive_n
                0x0000c2aa       0x3e contiki-z1.a(i2cmaster.o)
                0x0000c2aa                i2c_receive_n
 .any.text.i2c_busy
                0x0000c2e8        0xa contiki-z1.a(i2cmaster.o)
                0x0000c2e8                i2c_busy
 .any.text.i2c_enable
                0x0000c2f2       0x22 contiki-z1.a(i2cmaster.o)
                0x0000c2f2                i2c_enable
 .any.text.i2c_transmit_n
                0x0000c314       0x14 contiki-z1.a(i2cmaster.o)
                0x0000c314                i2c_transmit_n
 .any.text.status
                0x0000c328       0x18 contiki-z1.a(button-sensor.o)
 .any.text.value
                0x0000c340       0x20 contiki-z1.a(button-sensor.o)
 .any.text.configure
                0x0000c360       0x4e contiki-z1.a(button-sensor.o)
 .any.text.stimer_set
                0x0000c3ae       0x1c contiki-z1.a(stimer.o)
                0x0000c3ae                stimer_set
 .any.text.stimer_expired
                0x0000c3ca       0x30 contiki-z1.a(stimer.o)
                0x0000c3ca                stimer_expired
 .any.text.echo_reply_input
                0x0000c3fa      0x10c contiki-z1.a(uip-icmp6.o)
 .any.text.echo_request_input
                0x0000c506      0x128 contiki-z1.a(uip-icmp6.o)
 .any.text.uip_icmp6_input
                0x0000c62e       0x44 contiki-z1.a(uip-icmp6.o)
                0x0000c62e                uip_icmp6_input
 .any.text.uip_icmp6_register_input_handler
                0x0000c672        0xc contiki-z1.a(uip-icmp6.o)
                0x0000c672                uip_icmp6_register_input_handler
 .any.text.uip_icmp6_error_output
                0x0000c67e      0x170 contiki-z1.a(uip-icmp6.o)
                0x0000c67e                uip_icmp6_error_output
 .any.text.uip_icmp6_send
                0x0000c7ee       0x84 contiki-z1.a(uip-icmp6.o)
                0x0000c7ee                uip_icmp6_send
 .any.text.uip_icmp6_init
                0x0000c872       0x12 contiki-z1.a(uip-icmp6.o)
                0x0000c872                uip_icmp6_init
 .any.text.get32
                0x0000c884       0x3e contiki-z1.a(rpl-icmp6.o)
 .any.text.set32
                0x0000c8c2       0x2a contiki-z1.a(rpl-icmp6.o)
 .any.text.get16
                0x0000c8ec        0xe contiki-z1.a(rpl-icmp6.o)
 .any.text.set16
                0x0000c8fa       0x10 contiki-z1.a(rpl-icmp6.o)
 .any.text.dao_ack_input
                0x0000c90a        0xa contiki-z1.a(rpl-icmp6.o)
 .any.text.dio_input
                0x0000c914      0x2b4 contiki-z1.a(rpl-icmp6.o)
 .any.text.dis_output
                0x0000cbc8       0x50 contiki-z1.a(rpl-icmp6.o)
                0x0000cbc8                dis_output
 .any.text.dio_output
                0x0000cc18      0x242 contiki-z1.a(rpl-icmp6.o)
                0x0000cc18                dio_output
 .any.text.dis_input
                0x0000ce5a       0x2c contiki-z1.a(rpl-icmp6.o)
 .any.text.dao_output_target
                0x0000ce86       0xce contiki-z1.a(rpl-icmp6.o)
                0x0000ce86                dao_output_target
 .any.text.dao_output
                0x0000cf54       0x68 contiki-z1.a(rpl-icmp6.o)
                0x0000cf54                dao_output
 .any.text.dao_ack_output
                0x0000cfbc       0x32 contiki-z1.a(rpl-icmp6.o)
                0x0000cfbc                dao_ack_output
 .any.text.dao_input
                0x0000cfee      0x23a contiki-z1.a(rpl-icmp6.o)
 .any.text.rpl_icmp6_register_handlers
                0x0000d228       0x22 contiki-z1.a(rpl-icmp6.o)
                0x0000d228                rpl_icmp6_register_handlers
 .any.text.frame802154_get_pan_id
                0x0000d24a        0x6 contiki-z1.a(frame802154.o)
                0x0000d24a                frame802154_get_pan_id
 .any.text.frame802154_has_panid
                0x0000d250       0x64 contiki-z1.a(frame802154.o)
                0x0000d250                frame802154_has_panid
 .any.text.field_len
                0x0000d2b4       0xa8 contiki-z1.a(frame802154.o)
 .any.text.frame802154_is_broadcast_addr
                0x0000d35c       0x28 contiki-z1.a(frame802154.o)
                0x0000d35c                frame802154_is_broadcast_addr
 .any.text.frame802154_hdrlen
                0x0000d384       0x32 contiki-z1.a(frame802154.o)
                0x0000d384                frame802154_hdrlen
 .any.text.frame802154_create
                0x0000d3b6      0x136 contiki-z1.a(frame802154.o)
                0x0000d3b6                frame802154_create
 .any.text.frame802154_parse
                0x0000d4ec      0x1be contiki-z1.a(frame802154.o)
                0x0000d4ec                frame802154_parse
 .any.text.mac_call_sent_callback
                0x0000d6aa       0x14 contiki-z1.a(mac.o)
                0x0000d6aa                mac_call_sent_callback

.rodata         0x0000d6c0      0x621
                0x0000d6c0                . = ALIGN (0x2)
 *(.rodata .rodata.* .gnu.linkonce.r.*)
 .rodata.generate_chart
                0x0000d6c0       0xac websense.co
 .rodata.send_values
                0x0000d76c       0xb2 websense.co
 .rodata.autostart_processes
                0x0000d81e        0x4 websense.co
                0x0000d81e                autostart_processes
 .rodata        0x0000d822       0x12 websense.co
 .rodata.handle_output
                0x0000d834       0x59 obj_z1/httpd-simple.o
 .rodata.http_get
                0x0000d88d        0x5 obj_z1/httpd-simple.o
                0x0000d88d                http_get
 .rodata.http_header_404
                0x0000d892       0x5d obj_z1/httpd-simple.o
                0x0000d892                http_header_404
 .rodata.http_header_200
                0x0000d8ef       0x56 obj_z1/httpd-simple.o
                0x0000d8ef                http_header_200
 .rodata.http_content_type_html
                0x0000d945       0x1c obj_z1/httpd-simple.o
                0x0000d945                http_content_type_html
 .rodata        0x0000d961      0x115 obj_z1/contiki-z1-main.o
 .rodata        0x0000da76        0xb contiki-z1.a(webserver-nogui)
 *fill*         0x0000da81        0x3 00
 .rodata.get_value
                0x0000da84       0x44 contiki-z1.a(cc2420.o)
 .rodata.set_value
                0x0000dac8       0x20 contiki-z1.a(cc2420.o)
 .rodata.cc2420_driver
                0x0000dae8       0x38 contiki-z1.a(cc2420.o)
                0x0000dae8                cc2420_driver
 .rodata        0x0000db20        0xe contiki-z1.a(cc2420.o)
 .rodata.output_power
                0x0000db2e       0x10 contiki-z1.a(cc2420.o)
 .rodata        0x0000db3e        0x8 contiki-z1.a(sensors.o)
 .rodata        0x0000db46       0x25 contiki-z1.a(adxl345.o)
 *fill*         0x0000db6b        0x1 00
 .rodata.adxl345
                0x0000db6c        0xe contiki-z1.a(adxl345.o)
                0x0000db6c                adxl345
 .rodata        0x0000db7a        0xe contiki-z1.a(tmp102.o)
 .rodata.tmp102
                0x0000db88        0xe contiki-z1.a(tmp102.o)
                0x0000db88                tmp102
 .rodata        0x0000db96        0xf contiki-z1.a(ctimer.o)
 .rodata        0x0000dba5        0xc contiki-z1.a(etimer.o)
 *fill*         0x0000dbb1        0x3 00
 .rodata.uip_process
                0x0000dbb4       0x40 contiki-z1.a(uip6.o)
 .rodata        0x0000dbf4        0xb contiki-z1.a(sicslowpan.o)
 *fill*         0x0000dbff        0x1 00
 .rodata.sicslowpan_driver
                0x0000dc00        0xa contiki-z1.a(sicslowpan.o)
                0x0000dc00                sicslowpan_driver
 .rodata.llprefix
                0x0000dc0a        0x2 contiki-z1.a(sicslowpan.o)
                0x0000dc0a                llprefix
 .rodata.unc_mxconf
                0x0000dc0c        0x4 contiki-z1.a(sicslowpan.o)
                0x0000dc0c                unc_mxconf
 .rodata.unc_ctxconf
                0x0000dc10        0x4 contiki-z1.a(sicslowpan.o)
                0x0000dc10                unc_ctxconf
 .rodata.unc_llconf
                0x0000dc14        0x4 contiki-z1.a(sicslowpan.o)
                0x0000dc14                unc_llconf
 .rodata.ttl_values
                0x0000dc18        0x4 contiki-z1.a(sicslowpan.o)
 .rodata.uip_debug_ipaddr_print
                0x0000dc1c       0x28 contiki-z1.a(uip-debug.o)
 .rodata        0x0000dc44        0xd contiki-z1.a(tcpip.o)
 *fill*         0x0000dc51        0x1 00
 .rodata.linkaddr_null
                0x0000dc52        0x8 contiki-z1.a(linkaddr.o)
                0x0000dc52                linkaddr_null
 .rodata.framer_802154
                0x0000dc5a        0xc contiki-z1.a(framer-802154.o)
                0x0000dc5a                framer_802154
 .rodata        0x0000dc66        0x5 contiki-z1.a(csma.o)
 *fill*         0x0000dc6b        0x1 00
 .rodata.csma_driver
                0x0000dc6c       0x1a contiki-z1.a(csma.o)
                0x0000dc6c                csma_driver
 .rodata        0x0000dc86        0x8 contiki-z1.a(nullrdc.o)
 .rodata.nullrdc_driver
                0x0000dc8e       0x1e contiki-z1.a(nullrdc.o)
                0x0000dc8e                nullrdc_driver
 .rodata        0x0000dcac        0x8 contiki-z1.a(nullsec.o)
 .rodata.nullsec_driver
                0x0000dcb4        0xe contiki-z1.a(nullsec.o)
                0x0000dcb4                nullsec_driver
 .rodata        0x0000dcc2        0x7 contiki-z1.a(button-sensor.o)
 *fill*         0x0000dcc9        0x1 00
 .rodata.button_sensor
                0x0000dcca        0xe contiki-z1.a(button-sensor.o)
                0x0000dcca                button_sensor
 .rodata.CSWTCH.16
                0x0000dcd8        0x2 contiki-z1.a(frame802154.o)
 .rodata.vuprintf
                0x0000dcda        0x7 /home/jorg/msp430-47/bin/../lib/gcc/msp430/4.7.0/../../../../msp430/lib/mcpu-430x/mmpy-16/msr20/mc20/libc.a(vuprintf.o)
 *(.near.rodata .near.rodata.*)
                0x0000dce2                . = ALIGN (0x2)
                0x0000dce2                _etext = .

.data           0x00001100      0x14a load address 0x0000dce2
                0x00001100                . = ALIGN (0x2)
                0x00001100                __data_start = .
 *(.data .data.* .gnu.linkonce.d.*)
 .data.web_sense_process
                0x00001100        0xc websense.co
                0x00001100                web_sense_process
 .data.conns    0x0000110c        0x8 obj_z1/httpd-simple.o
 .data.webserver_nogui_process
                0x00001114        0xc contiki-z1.a(webserver-nogui)
                0x00001114                webserver_nogui_process
 .data.cur_break
                0x00001120        0x2 contiki-z1.a(msp430.o)
 .data.cc2420_process
                0x00001122        0xc contiki-z1.a(cc2420.o)
                0x00001122                cc2420_process
 .data.send_on_cca
                0x0000112e        0x1 contiki-z1.a(cc2420.o)
 *fill*         0x0000112f        0x1 00
 .data.sensors_process
                0x00001130        0xc contiki-z1.a(sensors.o)
                0x00001130                sensors_process
 .data.sensors  0x0000113c        0x8 contiki-z1.a(z1-sensors.o)
                0x0000113c                sensors
 .data.accmeter_process
                0x00001144        0xc contiki-z1.a(adxl345.o)
                0x00001144                accmeter_process
 .data.adxl345_default_settings
                0x00001150       0x16 contiki-z1.a(adxl345.o)
 .data.ctimer_process
                0x00001166        0xc contiki-z1.a(ctimer.o)
                0x00001166                ctimer_process
 .data.etimer_process
                0x00001172        0xc contiki-z1.a(etimer.o)
                0x00001172                etimer_process
 .data.nbr_routes
                0x0000117e        0x2 contiki-z1.a(uip-ds6-route.o)
                0x0000117e                nbr_routes
 .data.routememb
                0x00001180        0x8 contiki-z1.a(uip-ds6-route.o)
 .data.defaultroutermemb
                0x00001188        0x8 contiki-z1.a(uip-ds6-route.o)
 .data.neighborroutememb
                0x00001190        0x8 contiki-z1.a(uip-ds6-route.o)
 .data.nbr_routes_struct
                0x00001198        0xa contiki-z1.a(uip-ds6-route.o)
 .data.ds6_neighbors
                0x000011a2        0x2 contiki-z1.a(uip-ds6-nbr.o)
                0x000011a2                ds6_neighbors
 .data.ds6_neighbors_struct
                0x000011a4        0xa contiki-z1.a(uip-ds6-nbr.o)
 .data.tcpip_process
                0x000011ae        0xc contiki-z1.a(tcpip.o)
                0x000011ae                tcpip_process
 .data.rpl_parents
                0x000011ba        0x2 contiki-z1.a(rpl-dag.o)
                0x000011ba                rpl_parents
 .data.rpl_parents_struct
                0x000011bc        0xa contiki-z1.a(rpl-dag.o)
 .data.rpl_mrhof
                0x000011c6       0x1a contiki-z1.a(rpl-mrhof.o)
                0x000011c6                rpl_mrhof
 .data.buframmem
                0x000011e0        0x8 contiki-z1.a(queuebuf.o)
 .data.bufmem   0x000011e8        0x8 contiki-z1.a(queuebuf.o)
 .data.neighbor_addr_mem
                0x000011f0        0x8 contiki-z1.a(nbr-table.o)
 .data.neighbor_memb
                0x000011f8        0x8 contiki-z1.a(csma.o)
 .data.packet_memb
                0x00001200        0x8 contiki-z1.a(csma.o)
 .data.metadata_memb
                0x00001208        0x8 contiki-z1.a(csma.o)
 .data.prescale_lsb
                0x00001210        0x1 contiki-z1.a(i2cmaster.o)
                0x00001210                prescale_lsb
 *fill*         0x00001211        0x1 00
 .data.echo_request_handler
                0x00001212        0x8 contiki-z1.a(uip-icmp6.o)
 .data.echo_reply_handler
                0x0000121a        0x8 contiki-z1.a(uip-icmp6.o)
 .data.dao_sequence
                0x00001222        0x1 contiki-z1.a(rpl-icmp6.o)
 *fill*         0x00001223        0x1 00
 .data.dis_handler
                0x00001224        0x8 contiki-z1.a(rpl-icmp6.o)
 .data.dio_handler
                0x0000122c        0x8 contiki-z1.a(rpl-icmp6.o)
 .data.dao_handler
                0x00001234        0x8 contiki-z1.a(rpl-icmp6.o)
 .data.dao_ack_handler
                0x0000123c        0x8 contiki-z1.a(rpl-icmp6.o)
 .data.mac_pan_id
                0x00001244        0x2 contiki-z1.a(frame802154.o)
 .data.next     0x00001246        0x4 /home/jorg/msp430-47/bin/../lib/gcc/msp430/4.7.0/../../../../msp430/lib/mcpu-430x/mmpy-16/msr20/mc20/libc.a(rand.o)
 *(.near.data .near.data.*)
                0x0000124a                . = ALIGN (0x2)
                0x0000124a                _edata = .
                0x0000dce2                __data_load_start = LOADADDR (.data)
                0x0000014a                __data_size = SIZEOF (.data)

.bss            0x0000124a     0x1ab8 load address 0x0000de2c
                0x0000124a                __bss_start = .
 *(.bss .bss.*)
 .bss.sensors_pos
                0x0000124a        0x2 websense.co
 .bss.timer.4334
                0x0000124c        0xc websense.co
 .bss.xaxis     0x00001258       0x20 websense.co
 .bss.temperature
                0x00001278       0x20 websense.co
 .bss.blen      0x00001298        0x2 websense.co
 .bss.buf       0x0000129a      0x100 websense.co
 .bss.conns_memb_count
                0x0000139a        0x2 obj_z1/httpd-simple.o
 .bss.conns_memb_mem
                0x0000139c       0xb0 obj_z1/httpd-simple.o
 .bss.irq_energest.4225
                0x0000144c        0x4 obj_z1/contiki-z1-main.o
 .bss.leds      0x00001450        0x1 contiki-z1.a(leds.o)
 *fill*         0x00001451        0x1 00
 .bss.counter   0x00001452        0x2 contiki-z1.a(watchdog.o)
 .bss.poll_mode
                0x00001454        0x1 contiki-z1.a(cc2420.o)
 *fill*         0x00001455        0x1 00
 .bss.last_packet_timestamp
                0x00001456        0x2 contiki-z1.a(cc2420.o)
 .bss.locked    0x00001458        0x1 contiki-z1.a(cc2420.o)
 .bss.lock_on   0x00001459        0x1 contiki-z1.a(cc2420.o)
 .bss.lock_off  0x0000145a        0x1 contiki-z1.a(cc2420.o)
 .bss.receive_on
                0x0000145b        0x1 contiki-z1.a(cc2420.o)
 .bss.channel   0x0000145c        0x2 contiki-z1.a(cc2420.o)
 .bss.node_id   0x0000145e        0x2 contiki-z1.a(node-id.o)
                0x0000145e                node_id
 .bss.num_sensors
                0x00001460        0x1 contiki-z1.a(sensors.o)
 *fill*         0x00001461        0x1 00
 .bss.i.2088    0x00001462        0x2 contiki-z1.a(sensors.o)
 .bss.events.2089
                0x00001464        0x2 contiki-z1.a(sensors.o)
 .bss.transmitting
                0x00001466        0x1 contiki-z1.a(uart0.o)
 *fill*         0x00001467        0x1 00
 .bss.uart0_input_handler
                0x00001468        0x4 contiki-z1.a(uart0.o)
 .bss.enabled   0x0000146c        0x1 contiki-z1.a(adxl345.o)
 *fill*         0x0000146d        0x1 00
 .bss.int1_mask
                0x0000146e        0x2 contiki-z1.a(adxl345.o)
 .bss.int2_mask
                0x00001470        0x2 contiki-z1.a(adxl345.o)
 .bss.suppressTimer1
                0x00001472        0x8 contiki-z1.a(adxl345.o)
 .bss.suppressTimer2
                0x0000147a        0x8 contiki-z1.a(adxl345.o)
 .bss.enabled   0x00001482        0x1 contiki-z1.a(tmp102.o)
 *fill*         0x00001483        0x1 00
 .bss.last_tar  0x00001484        0x2 contiki-z1.a(clock.o)
 .bss.count     0x00001486        0x4 contiki-z1.a(clock.o)
 .bss.seconds   0x0000148a        0x4 contiki-z1.a(clock.o)
 .bss.initialized
                0x0000148e        0x1 contiki-z1.a(ctimer.o)
 *fill*         0x0000148f        0x1 00
 .bss.ctimer_list_list
                0x00001490        0x2 contiki-z1.a(ctimer.o)
 .bss.timerlist
                0x00001492        0x2 contiki-z1.a(etimer.o)
 .bss.next_expiration
                0x00001494        0x4 contiki-z1.a(etimer.o)
 .bss.poll_requested
                0x00001498        0x1 contiki-z1.a(process.o)
 *fill*         0x00001499        0x1 00
 .bss.process_current
                0x0000149a        0x2 contiki-z1.a(process.o)
                0x0000149a                process_current
 .bss.process_list
                0x0000149c        0x2 contiki-z1.a(process.o)
                0x0000149c                process_list
 .bss.lastevent
                0x0000149e        0x1 contiki-z1.a(process.o)
 .bss.fevent    0x0000149f        0x1 contiki-z1.a(process.o)
 .bss.nevents   0x000014a0        0x1 contiki-z1.a(process.o)
 *fill*         0x000014a1        0x1 00
 .bss.events    0x000014a2       0x30 contiki-z1.a(process.o)
 .bss.ev.1857   0x000014d2        0x1 contiki-z1.a(process.o)
 *fill*         0x000014d3        0x1 00
 .bss.data.1858
                0x000014d4        0x2 contiki-z1.a(process.o)
 .bss.receiver.1859
                0x000014d6        0x2 contiki-z1.a(process.o)
 .bss.p.1860    0x000014d8        0x2 contiki-z1.a(process.o)
 .bss.snum.1875
                0x000014da        0x1 contiki-z1.a(process.o)
 *fill*         0x000014db        0x1 00
 .bss.next_rtimer
                0x000014dc        0x2 contiki-z1.a(rtimer.o)
 .bss.loc_fipaddr
                0x000014de       0x10 contiki-z1.a(uip-ds6.o)
 .bss.locaddr   0x000014ee        0x2 contiki-z1.a(uip-ds6.o)
 .bss.locprefix
                0x000014f0        0x2 contiki-z1.a(uip-ds6.o)
 .bss.locmaddr  0x000014f2        0x2 contiki-z1.a(uip-ds6.o)
 .bss.notificationlist_list
                0x000014f4        0x2 contiki-z1.a(uip-ds6-route.o)
 .bss.defaultrouterlist_list
                0x000014f6        0x2 contiki-z1.a(uip-ds6-route.o)
 .bss.routelist_list
                0x000014f8        0x2 contiki-z1.a(uip-ds6-route.o)
 .bss.num_routes
                0x000014fa        0x2 contiki-z1.a(uip-ds6-route.o)
 .bss.routememb_memb_count
                0x000014fc        0xf contiki-z1.a(uip-ds6-route.o)
 *fill*         0x0000150b        0x1 00
 .bss.routememb_memb_mem
                0x0000150c      0x1c2 contiki-z1.a(uip-ds6-route.o)
 .bss.defaultroutermemb_memb_count
                0x000016ce        0x2 contiki-z1.a(uip-ds6-route.o)
 .bss.defaultroutermemb_memb_mem
                0x000016d0       0x38 contiki-z1.a(uip-ds6-route.o)
 .bss.neighborroutememb_memb_count
                0x00001708        0xf contiki-z1.a(uip-ds6-route.o)
 *fill*         0x00001717        0x1 00
 .bss.neighborroutememb_memb_mem
                0x00001718       0x3c contiki-z1.a(uip-ds6-route.o)
 .bss._nbr_routes_mem
                0x00001754       0x3c contiki-z1.a(uip-ds6-route.o)
 .bss.uip_ext_opt_offset
                0x00001790        0x1 contiki-z1.a(uip6.o)
                0x00001790                uip_ext_opt_offset
 .bss.uip_ext_len
                0x00001791        0x1 contiki-z1.a(uip6.o)
                0x00001791                uip_ext_len
 .bss.uip_ext_bitmap
                0x00001792        0x1 contiki-z1.a(uip6.o)
                0x00001792                uip_ext_bitmap
 .bss.c         0x00001793        0x1 contiki-z1.a(uip6.o)
 .bss.lastport  0x00001794        0x2 contiki-z1.a(uip6.o)
 .bss.iss       0x00001796        0x4 contiki-z1.a(uip6.o)
 .bss.tmp16     0x0000179a        0x2 contiki-z1.a(uip6.o)
 .bss.opt       0x0000179c        0x1 contiki-z1.a(uip6.o)